###############################################################################
#
# IAR ELF Linker V9.10.1.308/W64 for ARM                  18/Aug/2021  17:26:49
# Copyright 2007-2021 IAR Systems AB.
#
#    Output file  =
#        C:\Users\LIANMENG\Desktop\AX9-PROJECT-IAR\AX9_V1.00\APP\source\USER\Debug\Exe\AX9.out
#    Map file     =
#        C:\Users\LIANMENG\Desktop\AX9-PROJECT-IAR\AX9_V1.00\APP\source\USER\Debug\List\AX9.map
#    Command line =
#        -f
#        C:\Users\LIANMENG\Desktop\AX9-PROJECT-IAR\AX9_V1.00\APP\source\USER\Debug\Exe\AX9.out.rsp
#        (C:\Users\LIANMENG\Desktop\AX9-PROJECT-IAR\AX9_V1.00\APP\source\USER\Debug\Obj\BSP\adc.o
#        C:\Users\LIANMENG\Desktop\AX9-PROJECT-IAR\AX9_V1.00\APP\source\USER\Debug\Obj\DEVICE\adjustvoltage.o
#        C:\Users\LIANMENG\Desktop\AX9-PROJECT-IAR\AX9_V1.00\APP\source\USER\Debug\Obj\DEVICE\adt7302.o
#        C:\Users\LIANMENG\Desktop\AX9-PROJECT-IAR\AX9_V1.00\APP\source\USER\Debug\Obj\APP\app.o
#        C:\Users\LIANMENG\Desktop\AX9-PROJECT-IAR\AX9_V1.00\APP\source\USER\Debug\Obj\APP\app_adc.o
#        C:\Users\LIANMENG\Desktop\AX9-PROJECT-IAR\AX9_V1.00\APP\source\USER\Debug\Obj\APP\app_adjvol.o
#        C:\Users\LIANMENG\Desktop\AX9-PROJECT-IAR\AX9_V1.00\APP\source\USER\Debug\Obj\APP\app_com.o
#        C:\Users\LIANMENG\Desktop\AX9-PROJECT-IAR\AX9_V1.00\APP\source\USER\Debug\Obj\APP\app_fan.o
#        C:\Users\LIANMENG\Desktop\AX9-PROJECT-IAR\AX9_V1.00\APP\source\USER\Debug\Obj\APP\app_led.o
#        C:\Users\LIANMENG\Desktop\AX9-PROJECT-IAR\AX9_V1.00\APP\source\USER\Debug\Obj\APP\app_pwrmanager.o
#        C:\Users\LIANMENG\Desktop\AX9-PROJECT-IAR\AX9_V1.00\APP\source\USER\Debug\Obj\APP\app_sysonoff.o
#        C:\Users\LIANMENG\Desktop\AX9-PROJECT-IAR\AX9_V1.00\APP\source\USER\Debug\Obj\APP\app_temperature.o
#        C:\Users\LIANMENG\Desktop\AX9-PROJECT-IAR\AX9_V1.00\APP\source\USER\Debug\Obj\APP\app_timer.o
#        C:\Users\LIANMENG\Desktop\AX9-PROJECT-IAR\AX9_V1.00\APP\source\USER\Debug\Obj\APP\app_usb.o
#        C:\Users\LIANMENG\Desktop\AX9-PROJECT-IAR\AX9_V1.00\APP\source\USER\Debug\Obj\DEVICE\bat1.o
#        C:\Users\LIANMENG\Desktop\AX9-PROJECT-IAR\AX9_V1.00\APP\source\USER\Debug\Obj\DEVICE\bat2.o
#        C:\Users\LIANMENG\Desktop\AX9-PROJECT-IAR\AX9_V1.00\APP\source\USER\Debug\Obj\BSP\board.o
#        C:\Users\LIANMENG\Desktop\AX9-PROJECT-IAR\AX9_V1.00\APP\source\USER\Debug\Obj\UCOSIII\uCOS-BSP\bsp.o
#        C:\Users\LIANMENG\Desktop\AX9-PROJECT-IAR\AX9_V1.00\APP\source\USER\Debug\Obj\DEVICE\command_process.o
#        C:\Users\LIANMENG\Desktop\AX9-PROJECT-IAR\AX9_V1.00\APP\source\USER\Debug\Obj\UCOSIII\uCOS-CPU\cpu_a.o
#        C:\Users\LIANMENG\Desktop\AX9-PROJECT-IAR\AX9_V1.00\APP\source\USER\Debug\Obj\UCOSIII\uCOS-CPU\cpu_c.o
#        C:\Users\LIANMENG\Desktop\AX9-PROJECT-IAR\AX9_V1.00\APP\source\USER\Debug\Obj\UCOSIII\uCOS-CPU\cpu_core.o
#        C:\Users\LIANMENG\Desktop\AX9-PROJECT-IAR\AX9_V1.00\APP\source\USER\Debug\Obj\BSP\dac.o
#        C:\Users\LIANMENG\Desktop\AX9-PROJECT-IAR\AX9_V1.00\APP\source\USER\Debug\Obj\BSP\dma.o
#        C:\Users\LIANMENG\Desktop\AX9-PROJECT-IAR\AX9_V1.00\APP\source\USER\Debug\Obj\DEVICE\ds2431.o
#        C:\Users\LIANMENG\Desktop\AX9-PROJECT-IAR\AX9_V1.00\APP\source\USER\Debug\Obj\DEVICE\emc2305.o
#        C:\Users\LIANMENG\Desktop\AX9-PROJECT-IAR\AX9_V1.00\APP\source\USER\Debug\Obj\BSP\gpio.o
#        C:\Users\LIANMENG\Desktop\AX9-PROJECT-IAR\AX9_V1.00\APP\source\USER\Debug\Obj\BSP\iic.o
#        C:\Users\LIANMENG\Desktop\AX9-PROJECT-IAR\AX9_V1.00\APP\source\USER\Debug\Obj\UCOSIII\uCOSIII-LIB\lib_ascii.o
#        C:\Users\LIANMENG\Desktop\AX9-PROJECT-IAR\AX9_V1.00\APP\source\USER\Debug\Obj\UCOSIII\uCOSIII-LIB\lib_math.o
#        C:\Users\LIANMENG\Desktop\AX9-PROJECT-IAR\AX9_V1.00\APP\source\USER\Debug\Obj\UCOSIII\uCOSIII-LIB\lib_mem.o
#        C:\Users\LIANMENG\Desktop\AX9-PROJECT-IAR\AX9_V1.00\APP\source\USER\Debug\Obj\UCOSIII\uCOSIII-LIB\lib_mem_a.o
#        C:\Users\LIANMENG\Desktop\AX9-PROJECT-IAR\AX9_V1.00\APP\source\USER\Debug\Obj\UCOSIII\uCOSIII-LIB\lib_str.o
#        C:\Users\LIANMENG\Desktop\AX9-PROJECT-IAR\AX9_V1.00\APP\source\USER\Debug\Obj\USER\main.o
#        C:\Users\LIANMENG\Desktop\AX9-PROJECT-IAR\AX9_V1.00\APP\source\USER\Debug\Obj\FWLIB\misc.o
#        C:\Users\LIANMENG\Desktop\AX9-PROJECT-IAR\AX9_V1.00\APP\source\USER\Debug\Obj\BSP\nvic.o
#        C:\Users\LIANMENG\Desktop\AX9-PROJECT-IAR\AX9_V1.00\APP\source\USER\Debug\Obj\UCOSIII\uCOS-CONFIG\os_app_hooks.o
#        C:\Users\LIANMENG\Desktop\AX9-PROJECT-IAR\AX9_V1.00\APP\source\USER\Debug\Obj\UCOSIII\uCOS-III\Source\os_cfg_app.o
#        C:\Users\LIANMENG\Desktop\AX9-PROJECT-IAR\AX9_V1.00\APP\source\USER\Debug\Obj\UCOSIII\uCOS-III\Source\os_core.o
#        C:\Users\LIANMENG\Desktop\AX9-PROJECT-IAR\AX9_V1.00\APP\source\USER\Debug\Obj\UCOSIII\uCOS-III\Port\os_cpu_a.o
#        C:\Users\LIANMENG\Desktop\AX9-PROJECT-IAR\AX9_V1.00\APP\source\USER\Debug\Obj\UCOSIII\uCOS-III\Port\os_cpu_c.o
#        C:\Users\LIANMENG\Desktop\AX9-PROJECT-IAR\AX9_V1.00\APP\source\USER\Debug\Obj\UCOSIII\uCOS-III\Source\os_dbg.o
#        C:\Users\LIANMENG\Desktop\AX9-PROJECT-IAR\AX9_V1.00\APP\source\USER\Debug\Obj\UCOSIII\uCOS-III\Source\os_flag.o
#        C:\Users\LIANMENG\Desktop\AX9-PROJECT-IAR\AX9_V1.00\APP\source\USER\Debug\Obj\UCOSIII\uCOS-III\Source\os_int.o
#        C:\Users\LIANMENG\Desktop\AX9-PROJECT-IAR\AX9_V1.00\APP\source\USER\Debug\Obj\UCOSIII\uCOS-III\Source\os_mem.o
#        C:\Users\LIANMENG\Desktop\AX9-PROJECT-IAR\AX9_V1.00\APP\source\USER\Debug\Obj\UCOSIII\uCOS-III\Source\os_msg.o
#        C:\Users\LIANMENG\Desktop\AX9-PROJECT-IAR\AX9_V1.00\APP\source\USER\Debug\Obj\UCOSIII\uCOS-III\Source\os_mutex.o
#        C:\Users\LIANMENG\Desktop\AX9-PROJECT-IAR\AX9_V1.00\APP\source\USER\Debug\Obj\UCOSIII\uCOS-III\Source\os_pend_multi.o
#        C:\Users\LIANMENG\Desktop\AX9-PROJECT-IAR\AX9_V1.00\APP\source\USER\Debug\Obj\UCOSIII\uCOS-III\Source\os_prio.o
#        C:\Users\LIANMENG\Desktop\AX9-PROJECT-IAR\AX9_V1.00\APP\source\USER\Debug\Obj\UCOSIII\uCOS-III\Source\os_q.o
#        C:\Users\LIANMENG\Desktop\AX9-PROJECT-IAR\AX9_V1.00\APP\source\USER\Debug\Obj\UCOSIII\uCOS-III\Source\os_sem.o
#        C:\Users\LIANMENG\Desktop\AX9-PROJECT-IAR\AX9_V1.00\APP\source\USER\Debug\Obj\UCOSIII\uCOS-III\Source\os_stat.o
#        C:\Users\LIANMENG\Desktop\AX9-PROJECT-IAR\AX9_V1.00\APP\source\USER\Debug\Obj\UCOSIII\uCOS-III\Source\os_task.o
#        C:\Users\LIANMENG\Desktop\AX9-PROJECT-IAR\AX9_V1.00\APP\source\USER\Debug\Obj\UCOSIII\uCOS-III\Source\os_tick.o
#        C:\Users\LIANMENG\Desktop\AX9-PROJECT-IAR\AX9_V1.00\APP\source\USER\Debug\Obj\UCOSIII\uCOS-III\Source\os_time.o
#        C:\Users\LIANMENG\Desktop\AX9-PROJECT-IAR\AX9_V1.00\APP\source\USER\Debug\Obj\UCOSIII\uCOS-III\Source\os_tmr.o
#        C:\Users\LIANMENG\Desktop\AX9-PROJECT-IAR\AX9_V1.00\APP\source\USER\Debug\Obj\UCOSIII\uCOS-III\Source\os_var.o
#        C:\Users\LIANMENG\Desktop\AX9-PROJECT-IAR\AX9_V1.00\APP\source\USER\Debug\Obj\DEVICE\power.o
#        C:\Users\LIANMENG\Desktop\AX9-PROJECT-IAR\AX9_V1.00\APP\source\USER\Debug\Obj\BSP\spi.o
#        C:\Users\LIANMENG\Desktop\AX9-PROJECT-IAR\AX9_V1.00\APP\source\USER\Debug\Obj\CMSIS\startup_stm32f40_41xxx.o
#        C:\Users\LIANMENG\Desktop\AX9-PROJECT-IAR\AX9_V1.00\APP\source\USER\Debug\Obj\FWLIB\stm32f4xx_adc.o
#        C:\Users\LIANMENG\Desktop\AX9-PROJECT-IAR\AX9_V1.00\APP\source\USER\Debug\Obj\FWLIB\stm32f4xx_can.o
#        C:\Users\LIANMENG\Desktop\AX9-PROJECT-IAR\AX9_V1.00\APP\source\USER\Debug\Obj\FWLIB\stm32f4xx_cec.o
#        C:\Users\LIANMENG\Desktop\AX9-PROJECT-IAR\AX9_V1.00\APP\source\USER\Debug\Obj\FWLIB\stm32f4xx_crc.o
#        C:\Users\LIANMENG\Desktop\AX9-PROJECT-IAR\AX9_V1.00\APP\source\USER\Debug\Obj\FWLIB\stm32f4xx_cryp.o
#        C:\Users\LIANMENG\Desktop\AX9-PROJECT-IAR\AX9_V1.00\APP\source\USER\Debug\Obj\FWLIB\stm32f4xx_cryp_aes.o
#        C:\Users\LIANMENG\Desktop\AX9-PROJECT-IAR\AX9_V1.00\APP\source\USER\Debug\Obj\FWLIB\stm32f4xx_cryp_des.o
#        C:\Users\LIANMENG\Desktop\AX9-PROJECT-IAR\AX9_V1.00\APP\source\USER\Debug\Obj\FWLIB\stm32f4xx_cryp_tdes.o
#        C:\Users\LIANMENG\Desktop\AX9-PROJECT-IAR\AX9_V1.00\APP\source\USER\Debug\Obj\FWLIB\stm32f4xx_dac.o
#        C:\Users\LIANMENG\Desktop\AX9-PROJECT-IAR\AX9_V1.00\APP\source\USER\Debug\Obj\FWLIB\stm32f4xx_dbgmcu.o
#        C:\Users\LIANMENG\Desktop\AX9-PROJECT-IAR\AX9_V1.00\APP\source\USER\Debug\Obj\FWLIB\stm32f4xx_dcmi.o
#        C:\Users\LIANMENG\Desktop\AX9-PROJECT-IAR\AX9_V1.00\APP\source\USER\Debug\Obj\FWLIB\stm32f4xx_dfsdm.o
#        C:\Users\LIANMENG\Desktop\AX9-PROJECT-IAR\AX9_V1.00\APP\source\USER\Debug\Obj\FWLIB\stm32f4xx_dma.o
#        C:\Users\LIANMENG\Desktop\AX9-PROJECT-IAR\AX9_V1.00\APP\source\USER\Debug\Obj\FWLIB\stm32f4xx_dma2d.o
#        C:\Users\LIANMENG\Desktop\AX9-PROJECT-IAR\AX9_V1.00\APP\source\USER\Debug\Obj\FWLIB\stm32f4xx_dsi.o
#        C:\Users\LIANMENG\Desktop\AX9-PROJECT-IAR\AX9_V1.00\APP\source\USER\Debug\Obj\FWLIB\stm32f4xx_exti.o
#        C:\Users\LIANMENG\Desktop\AX9-PROJECT-IAR\AX9_V1.00\APP\source\USER\Debug\Obj\FWLIB\stm32f4xx_flash.o
#        C:\Users\LIANMENG\Desktop\AX9-PROJECT-IAR\AX9_V1.00\APP\source\USER\Debug\Obj\FWLIB\stm32f4xx_flash_ramfunc.o
#        C:\Users\LIANMENG\Desktop\AX9-PROJECT-IAR\AX9_V1.00\APP\source\USER\Debug\Obj\FWLIB\stm32f4xx_fmpi2c.o
#        C:\Users\LIANMENG\Desktop\AX9-PROJECT-IAR\AX9_V1.00\APP\source\USER\Debug\Obj\FWLIB\stm32f4xx_fsmc.o
#        C:\Users\LIANMENG\Desktop\AX9-PROJECT-IAR\AX9_V1.00\APP\source\USER\Debug\Obj\FWLIB\stm32f4xx_gpio.o
#        C:\Users\LIANMENG\Desktop\AX9-PROJECT-IAR\AX9_V1.00\APP\source\USER\Debug\Obj\FWLIB\stm32f4xx_hash.o
#        C:\Users\LIANMENG\Desktop\AX9-PROJECT-IAR\AX9_V1.00\APP\source\USER\Debug\Obj\FWLIB\stm32f4xx_hash_md5.o
#        C:\Users\LIANMENG\Desktop\AX9-PROJECT-IAR\AX9_V1.00\APP\source\USER\Debug\Obj\FWLIB\stm32f4xx_hash_sha1.o
#        C:\Users\LIANMENG\Desktop\AX9-PROJECT-IAR\AX9_V1.00\APP\source\USER\Debug\Obj\FWLIB\stm32f4xx_i2c.o
#        C:\Users\LIANMENG\Desktop\AX9-PROJECT-IAR\AX9_V1.00\APP\source\USER\Debug\Obj\USER\stm32f4xx_it.o
#        C:\Users\LIANMENG\Desktop\AX9-PROJECT-IAR\AX9_V1.00\APP\source\USER\Debug\Obj\FWLIB\stm32f4xx_iwdg.o
#        C:\Users\LIANMENG\Desktop\AX9-PROJECT-IAR\AX9_V1.00\APP\source\USER\Debug\Obj\FWLIB\stm32f4xx_lptim.o
#        C:\Users\LIANMENG\Desktop\AX9-PROJECT-IAR\AX9_V1.00\APP\source\USER\Debug\Obj\FWLIB\stm32f4xx_ltdc.o
#        C:\Users\LIANMENG\Desktop\AX9-PROJECT-IAR\AX9_V1.00\APP\source\USER\Debug\Obj\FWLIB\stm32f4xx_pwr.o
#        C:\Users\LIANMENG\Desktop\AX9-PROJECT-IAR\AX9_V1.00\APP\source\USER\Debug\Obj\FWLIB\stm32f4xx_qspi.o
#        C:\Users\LIANMENG\Desktop\AX9-PROJECT-IAR\AX9_V1.00\APP\source\USER\Debug\Obj\FWLIB\stm32f4xx_rcc.o
#        C:\Users\LIANMENG\Desktop\AX9-PROJECT-IAR\AX9_V1.00\APP\source\USER\Debug\Obj\FWLIB\stm32f4xx_rng.o
#        C:\Users\LIANMENG\Desktop\AX9-PROJECT-IAR\AX9_V1.00\APP\source\USER\Debug\Obj\FWLIB\stm32f4xx_rtc.o
#        C:\Users\LIANMENG\Desktop\AX9-PROJECT-IAR\AX9_V1.00\APP\source\USER\Debug\Obj\FWLIB\stm32f4xx_sai.o
#        C:\Users\LIANMENG\Desktop\AX9-PROJECT-IAR\AX9_V1.00\APP\source\USER\Debug\Obj\FWLIB\stm32f4xx_sdio.o
#        C:\Users\LIANMENG\Desktop\AX9-PROJECT-IAR\AX9_V1.00\APP\source\USER\Debug\Obj\FWLIB\stm32f4xx_spdifrx.o
#        C:\Users\LIANMENG\Desktop\AX9-PROJECT-IAR\AX9_V1.00\APP\source\USER\Debug\Obj\FWLIB\stm32f4xx_spi.o
#        C:\Users\LIANMENG\Desktop\AX9-PROJECT-IAR\AX9_V1.00\APP\source\USER\Debug\Obj\FWLIB\stm32f4xx_syscfg.o
#        C:\Users\LIANMENG\Desktop\AX9-PROJECT-IAR\AX9_V1.00\APP\source\USER\Debug\Obj\FWLIB\stm32f4xx_tim.o
#        C:\Users\LIANMENG\Desktop\AX9-PROJECT-IAR\AX9_V1.00\APP\source\USER\Debug\Obj\FWLIB\stm32f4xx_usart.o
#        C:\Users\LIANMENG\Desktop\AX9-PROJECT-IAR\AX9_V1.00\APP\source\USER\Debug\Obj\FWLIB\stm32f4xx_wwdg.o
#        C:\Users\LIANMENG\Desktop\AX9-PROJECT-IAR\AX9_V1.00\APP\source\USER\Debug\Obj\DEVICE\system.o
#        C:\Users\LIANMENG\Desktop\AX9-PROJECT-IAR\AX9_V1.00\APP\source\USER\Debug\Obj\CMSIS\system_stm32f4xx.o
#        C:\Users\LIANMENG\Desktop\AX9-PROJECT-IAR\AX9_V1.00\APP\source\USER\Debug\Obj\BSP\systick.o
#        C:\Users\LIANMENG\Desktop\AX9-PROJECT-IAR\AX9_V1.00\APP\source\USER\Debug\Obj\BSP\timer.o
#        C:\Users\LIANMENG\Desktop\AX9-PROJECT-IAR\AX9_V1.00\APP\source\USER\Debug\Obj\DEVICE\tlv5626cd.o
#        C:\Users\LIANMENG\Desktop\AX9-PROJECT-IAR\AX9_V1.00\APP\source\USER\Debug\Obj\DEVICE\tmp468.o
#        C:\Users\LIANMENG\Desktop\AX9-PROJECT-IAR\AX9_V1.00\APP\source\USER\Debug\Obj\BSP\usart.o
#        C:\Users\LIANMENG\Desktop\AX9-PROJECT-IAR\AX9_V1.00\APP\source\USER\Debug\Obj\USB\USB-APP\usb_bsp.o
#        C:\Users\LIANMENG\Desktop\AX9-PROJECT-IAR\AX9_V1.00\APP\source\USER\Debug\Obj\USB\USB-OTG\usb_core.o
#        C:\Users\LIANMENG\Desktop\AX9-PROJECT-IAR\AX9_V1.00\APP\source\USER\Debug\Obj\USB\USB-OTG\usb_dcd.o
#        C:\Users\LIANMENG\Desktop\AX9-PROJECT-IAR\AX9_V1.00\APP\source\USER\Debug\Obj\USB\USB-OTG\usb_dcd_int.o
#        C:\Users\LIANMENG\Desktop\AX9-PROJECT-IAR\AX9_V1.00\APP\source\USER\Debug\Obj\USB\USB-DEVICE\usbd_cdc_core.o
#        C:\Users\LIANMENG\Desktop\AX9-PROJECT-IAR\AX9_V1.00\APP\source\USER\Debug\Obj\USB\USB-APP\usbd_cdc_vcp.o
#        C:\Users\LIANMENG\Desktop\AX9-PROJECT-IAR\AX9_V1.00\APP\source\USER\Debug\Obj\USB\USB-DRIVER\usbd_core.o
#        C:\Users\LIANMENG\Desktop\AX9-PROJECT-IAR\AX9_V1.00\APP\source\USER\Debug\Obj\USB\USB-APP\usbd_desc.o
#        C:\Users\LIANMENG\Desktop\AX9-PROJECT-IAR\AX9_V1.00\APP\source\USER\Debug\Obj\USB\USB-DRIVER\usbd_ioreq.o
#        C:\Users\LIANMENG\Desktop\AX9-PROJECT-IAR\AX9_V1.00\APP\source\USER\Debug\Obj\USB\USB-DRIVER\usbd_req.o
#        C:\Users\LIANMENG\Desktop\AX9-PROJECT-IAR\AX9_V1.00\APP\source\USER\Debug\Obj\USB\USB-APP\usbd_usr.o
#        --no_out_extension -o
#        C:\Users\LIANMENG\Desktop\AX9-PROJECT-IAR\AX9_V1.00\APP\source\USER\Debug\Exe\AX9.out
#        --map
#        C:\Users\LIANMENG\Desktop\AX9-PROJECT-IAR\AX9_V1.00\APP\source\USER\Debug\List\AX9.map
#        --config
#        C:\Users\LIANMENG\Desktop\AX9-PROJECT-IAR\AX9_V1.00\APP\source\USER\AX9.icf
#        --semihosting --entry __iar_program_start --vfe --text_out locale)
#
###############################################################################

*******************************************************************************
*** RUNTIME MODEL ATTRIBUTES
***

CppFlavor       = *
__SystemLibrary = DLib
__dlib_version  = 6


*******************************************************************************
*** HEAP SELECTION
***

The basic heap was selected because no calls to memory allocation
functions were found in the application outside of system library
functions, and there are calls to deallocation functions in the
application.


*******************************************************************************
*** PLACEMENT SUMMARY
***

"A0":  place at address 0x800'0000 { ro section .intvec };
"P1":  place in [from 0x800'0000 to 0x80f'ffff] { ro };
define block CSTACK with size = 8K, alignment = 8 { };
define block HEAP with size = 8K, alignment = 8 { };
"P4":  place in [from 0x2000'0000 to 0x2001'bfff] |
                [from 0x2001'c000 to 0x2001'ffff] {
          rw, block CSTACK, block HEAP };
initialize by copy { rw };

No sections matched the following patterns:

  ro section application_specific_ro  in "P2"
  section .backup_sram                in "P5"
  section .ccram                      in "P3"


  Section            Kind         Address    Size  Object
  -------            ----         -------    ----  ------
"A0":                                       0x188
  .intvec            ro code   0x800'0000   0x188  startup_stm32f40_41xxx.o [3]
                             - 0x800'0188   0x188

"P1":                                      0xe6d6
  .text              ro code   0x800'0188   0xe40  command_process.o [4]
  .text              ro code   0x800'0fc8    0xa6  ABImemcpy.o [19]
  .text              ro code   0x800'106e     0xe  usbd_usr.o [12]
  .text              ro code   0x800'107c    0x28  printf.o [17]
  .text              ro code   0x800'10a4   0x240  ds2431.o [4]
  .text              ro code   0x800'12e4   0x11e  stm32f4xx_gpio.o [5]
  .rodata            const     0x800'1402     0x2  os_cfg_app.o [10]
  .text              ro code   0x800'1404   0xc74  app_adjvol.o [1]
  .text              ro code   0x800'2078   0x160  stm32f4xx_dma.o [5]
  .text              ro code   0x800'21d8    0x3e  strncasecmp.o [17]
  .rodata            const     0x800'2216     0x2  os_cfg_app.o [10]
  .text              ro code   0x800'2218   0x2a8  adjustvoltage.o [4]
  .text              ro code   0x800'24c0   0x4fd  xprintfsmall_nomb.o [17]
  .rodata            const     0x800'29be     0x2  os_dbg.o [10]
  .text              ro code   0x800'29c0   0x1c4  stm32f4xx_rcc.o [5]
  .text              ro code   0x800'2b84    0xe8  systick.o [2]
  .text              ro code   0x800'2c6c     0x8  abs.o [17]
  .text              ro code   0x800'2c74   0x2b8  os_time.o [10]
  .text              ro code   0x800'2f2c   0x728  adc.o [2]
  .text              ro code   0x800'3654   0xda8  os_task.o [10]
  .text              ro code   0x800'43fc    0x14  tolower.o [17]
  .text              ro code   0x800'4410    0x1c  U32ToDbl.o [18]
  .text              ro code   0x800'442c   0x246  DblDiv.o [18]
  .rodata            const     0x800'4672     0x2  os_dbg.o [10]
  .text              ro code   0x800'4674   0x25e  DblAddSub.o [18]
  .rodata            const     0x800'48d2     0x2  os_dbg.o [10]
  .text              ro code   0x800'48d4    0x68  DblToFlt.o [18]
  .text              ro code   0x800'493c    0x48  FltToDbl.o [18]
  .text              ro code   0x800'4984   0x1aa  DblMul.o [18]
  .rodata            const     0x800'4b2e     0x2  os_dbg.o [10]
  .text              ro code   0x800'4b30    0x36  DblToS32.o [18]
  .rodata            const     0x800'4b66     0x2  os_dbg.o [10]
  .text              ro code   0x800'4b68    0xd8  FltMul.o [18]
  .text              ro code   0x800'4c40    0xcc  stm32f4xx_dac.o [5]
  .text              ro code   0x800'4d0c   0x150  tlv5626cd.o [4]
  .text              ro code   0x800'4e5c    0x16  strchr.o [19]
  .rodata            const     0x800'4e72     0x2  os_dbg.o [10]
  .text              ro code   0x800'4e74    0x40  xfail_s.o [17]
  .text              ro code   0x800'4eb4    0x36  strlen.o [19]
  .rodata            const     0x800'4eea     0x2  os_dbg.o [10]
  .text              ro code   0x800'4eec    0x58  memchr.o [19]
  .text              ro code   0x800'4f44    0xb8  misc.o [5]
  .text              ro code   0x800'4ffc   0xb78  os_core.o [10]
  CODE               ro code   0x800'5b74    0x34  cpu_a.o [8]
  .text              ro code   0x800'5ba8   0x4f0  os_tick.o [10]
  .text              ro code   0x800'6098   0x1bc  os_cpu_c.o [9]
  .text              ro code   0x800'6254    0x4c  bsp.o [6]
  .text              ro code   0x800'62a0   0x428  os_int.o [10]
  .text              ro code   0x800'66c8   0x1c8  stm32f4xx_adc.o [5]
  .text              ro code   0x800'6890    0x22  DblToU32.o [18]
  .rodata            const     0x800'68b2     0x2  os_dbg.o [10]
  .text              ro code   0x800'68b4   0x190  os_msg.o [10]
  .text              ro code   0x800'6a44    0x94  os_prio.o [10]
  .text              ro code   0x800'6ad8    0x20  xlocale_c.o [17]
  .text              ro code   0x800'6af8   0x10c  spi.o [2]
  .text              ro code   0x800'6c04   0x438  system.o [4]
  .text              ro code   0x800'703c     0x6  abort.o [17]
  .rodata            const     0x800'7042     0x2  os_dbg.o [10]
  .text              ro code   0x800'7044   0x1e8  os_flag.o [10]
  .text              ro code   0x800'722c    0x1c  os_mem.o [10]
  .text              ro code   0x800'7248   0x4f0  os_mutex.o [10]
  .text              ro code   0x800'7738   0x104  os_q.o [10]
  .text              ro code   0x800'783c    0xd0  os_sem.o [10]
  .text              ro code   0x800'790c   0x520  os_stat.o [10]
  .text              ro code   0x800'7e2c   0x3f0  os_tmr.o [10]
  .text              ro code   0x800'821c   0x1a8  os_dbg.o [10]
  .text              ro code   0x800'83c4    0xe0  os_cfg_app.o [10]
  CODE               ro code   0x800'84a4    0x94  os_cpu_a.o [9]
  .text              ro code   0x800'8538    0x4c  cpu_core.o [8]
  .text              ro code   0x800'8584    0x6c  stm32f4xx_spi.o [5]
  .text              ro code   0x800'85f0    0x14  exit.o [20]
  .text              ro code   0x800'8604    0x58  lib_mem.o [11]
  .text              ro code   0x800'865c   0xa06  usb_core.o [15]
  .rodata            const     0x800'9062     0x2  os_dbg.o [10]
  .text              ro code   0x800'9064    0x9a  usb_bsp.o [12]
  .rodata            const     0x800'90fe     0x2  os_dbg.o [10]
  .text              ro code   0x800'9100   0x774  usb_dcd_int.o [15]
  .text              ro code   0x800'9874   0x700  gpio.o [2]
  .text              ro code   0x800'9f74     0xc  stm32f4xx_pwr.o [5]
  .text              ro code   0x800'9f80   0x682  emc2305.o [4]
  .rodata            const     0x800'a602     0x2  os_dbg.o [10]
  .text              ro code   0x800'a604   0x676  usbd_req.o [14]
  .text              ro code   0x800'ac7a    0xcc  usbd_ioreq.o [14]
  .text              ro code   0x800'ad46   0x266  usb_dcd.o [15]
  .text              ro code   0x800'afac   0x326  usbd_core.o [14]
  .rodata            const     0x800'b2d2     0x2  os_dbg.o [10]
  .text              ro code   0x800'b2d4   0x464  app_sysonoff.o [1]
  .text              ro code   0x800'b738   0x390  power.o [4]
  .text              ro code   0x800'bac8   0x338  bat1.o [4]
  .text              ro code   0x800'be00   0x370  bat2.o [4]
  .text              ro code   0x800'c170    0x66  ABImemset.o [19]
  .rodata            const     0x800'c1d6     0x2  os_dbg.o [10]
  .text              ro code   0x800'c1d8   0x370  tmp468.o [4]
  .text              ro code   0x800'c548   0x324  usbd_cdc_core.o [13]
  .text              ro code   0x800'c86c   0x2f4  board.o [2]
  .text              ro code   0x800'cb60   0x1a0  usart.o [2]
  .text              ro code   0x800'cd00   0x1f8  stm32f4xx_usart.o [5]
  .text              ro code   0x800'cef8    0xb8  dma.o [2]
  .text              ro code   0x800'cfb0    0xa2  nvic.o [2]
  .text              ro code   0x800'd052    0x30  dac.o [2]
  .rodata            const     0x800'd082     0x2  os_dbg.o [10]
  .text              ro code   0x800'd084    0xb8  timer.o [2]
  .text              ro code   0x800'd13c    0xc0  stm32f4xx_tim.o [5]
  .text              ro code   0x800'd1fc   0x2ec  app_usb.o [1]
  .text              ro code   0x800'd4e8    0x60  usbd_cdc_vcp.o [12]
  .text              ro code   0x800'd548   0x1f4  app_com.o [1]
  .text              ro code   0x800'd73c   0x144  system_stm32f4xx.o [3]
  .text              ro code   0x800'd880   0x13e  usbd_desc.o [12]
  .rodata            const     0x800'd9be     0x2  os_dbg.o [10]
  .text              ro code   0x800'd9c0   0x10c  app.o [1]
  .text              ro code   0x800'dacc    0x74  app_led.o [1]
  .text              ro code   0x800'db40    0x6c  app_fan.o [1]
  .text              ro code   0x800'dbac    0x68  app_pwrmanager.o [1]
  .text              ro code   0x800'dc14    0x6c  app_temperature.o [1]
  .text              ro code   0x800'dc80    0xa2  packbits_init.o [19]
  .rodata            const     0x800'dd22     0x2  os_dbg.o [10]
  .text              ro code   0x800'dd24    0x8c  stm32f4xx_it.o [16]
  .text              ro code   0x800'ddb0    0x6c  main.o [16]
  .rodata            const     0x800'de1c    0x44  app_adjvol.o [1]
  .text              ro code   0x800'de60    0x38  zero_init3.o [19]
  .rodata            const     0x800'de98    0x30  app_adjvol.o [1]
  .rodata            const     0x800'dec8    0x30  os_dbg.o [10]
  .rodata            const     0x800'def8    0x30  os_dbg.o [10]
  .rodata            const     0x800'df28    0x2c  app_adjvol.o [1]
  .rodata            const     0x800'df54    0x2c  os_dbg.o [10]
  .rodata            const     0x800'df80    0x28  app_com.o [1]
  .rodata            const     0x800'dfa8    0x28  command_process.o [4]
  .rodata            const     0x800'dfd0    0x28  os_dbg.o [10]
  .rodata            const     0x800'dff8    0x28  os_dbg.o [10]
  .text              ro code   0x800'e020    0x28  data_init.o [19]
  .rodata            const     0x800'e048    0x24  app_adjvol.o [1]
  .rodata            const     0x800'e06c    0x24  app_com.o [1]
  .rodata            const     0x800'e090    0x24  app_com.o [1]
  .rodata            const     0x800'e0b4    0x24  command_process.o [4]
  .rodata            const     0x800'e0d8    0x24  usbd_desc.o [12]
  .rodata            const     0x800'e0fc    0x24  usbd_desc.o [12]
  .iar.init_table    const     0x800'e120    0x2c  - Linker created -
  .rodata            const     0x800'e14c    0x20  app_adjvol.o [1]
  .rodata            const     0x800'e16c    0x20  app_adjvol.o [1]
  .rodata            const     0x800'e18c    0x20  app_adjvol.o [1]
  .rodata            const     0x800'e1ac    0x20  os_dbg.o [10]
  .text              ro code   0x800'e1cc    0x1e  cmain.o [19]
  .text              ro code   0x800'e1ea     0x4  low_level_init.o [17]
  .text              ro code   0x800'e1ee     0x4  exit.o [17]
  .rodata            const     0x800'e1f2     0x2  os_dbg.o [10]
  .text              ro code   0x800'e1f4     0xa  cexit.o [19]
  .rodata            const     0x800'e1fe     0x2  os_dbg.o [10]
  .rodata            const     0x800'e200    0x1c  app_adjvol.o [1]
  .rodata            const     0x800'e21c    0x1c  app_adjvol.o [1]
  .rodata            const     0x800'e238    0x1c  os_int.o [10]
  .text              ro code   0x800'e254    0x1c  cstartup_M.o [19]
  .rodata            const     0x800'e270    0x18  app_temperature.o [1]
  .rodata            const     0x800'e288    0x18  os_tmr.o [10]
  .text              ro code   0x800'e2a0    0x16  xprout.o [17]
  .rodata            const     0x800'e2b6     0x2  os_dbg.o [10]
  .text              ro code   0x800'e2b8     0xc  putchar.o [17]
  .rodata            const     0x800'e2c4    0x14  app.o [1]
  .rodata            const     0x800'e2d8    0x14  app_adjvol.o [1]
  .rodata            const     0x800'e2ec    0x14  app_adjvol.o [1]
  .rodata            const     0x800'e300    0x14  app_pwrmanager.o [1]
  .rodata            const     0x800'e314    0x14  os_core.o [10]
  .rodata            const     0x800'e328    0x14  os_stat.o [10]
  .rodata            const     0x800'e33c    0x14  os_tick.o [10]
  .rodata            const     0x800'e350    0x14  usbd_desc.o [12]
  .rodata            const     0x800'e364    0x10  app.o [1]
  .rodata            const     0x800'e374    0x10  app_adjvol.o [1]
  .rodata            const     0x800'e384    0x10  app_com.o [1]
  .rodata            const     0x800'e394    0x10  app_fan.o [1]
  .rodata            const     0x800'e3a4    0x10  app_led.o [1]
  .rodata            const     0x800'e3b4    0x10  app_sysonoff.o [1]
  .rodata            const     0x800'e3c4    0x10  app_usb.o [1]
  .rodata            const     0x800'e3d4    0x10  command_process.o [4]
  .rodata            const     0x800'e3e4    0x10  os_tmr.o [10]
  .rodata            const     0x800'e3f4    0x10  usbd_desc.o [12]
  .text              ro code   0x800'e404    0x10  app_timer.o [1]
  .text              ro code   0x800'e414    0x10  startup_stm32f40_41xxx.o [3]
  .rodata            const     0x800'e424     0xc  app_adjvol.o [1]
  .rodata            const     0x800'e430     0xc  app_adjvol.o [1]
  .rodata            const     0x800'e43c     0xc  os_core.o [10]
  .rodata            const     0x800'e448     0xc  usbd_desc.o [12]
  .rodata            const     0x800'e454     0x8  command_process.o [4]
  .rodata            const     0x800'e45c     0x8  command_process.o [4]
  .rodata            const     0x800'e464     0x8  command_process.o [4]
  .rodata            const     0x800'e46c     0x8  os_core.o [10]
  .rodata            const     0x800'e474     0x8  os_task.o [10]
  .rodata            const     0x800'e47c     0x4  os_cfg_app.o [10]
  .rodata            const     0x800'e480     0x4  os_cfg_app.o [10]
  .rodata            const     0x800'e484     0x4  os_cfg_app.o [10]
  .rodata            const     0x800'e488     0x4  os_cfg_app.o [10]
  .rodata            const     0x800'e48c     0x4  os_cfg_app.o [10]
  .rodata            const     0x800'e490     0x4  os_cfg_app.o [10]
  .rodata            const     0x800'e494     0x4  os_cfg_app.o [10]
  .rodata            const     0x800'e498     0x4  os_cfg_app.o [10]
  .rodata            const     0x800'e49c     0x4  os_cfg_app.o [10]
  .rodata            const     0x800'e4a0     0x4  os_cfg_app.o [10]
  .rodata            const     0x800'e4a4     0x4  os_cfg_app.o [10]
  .rodata            const     0x800'e4a8     0x4  os_cfg_app.o [10]
  .rodata            const     0x800'e4ac     0x4  os_cfg_app.o [10]
  .rodata            const     0x800'e4b0     0x4  os_cfg_app.o [10]
  .rodata            const     0x800'e4b4     0x4  os_cfg_app.o [10]
  .rodata            const     0x800'e4b8     0x4  os_cfg_app.o [10]
  .rodata            const     0x800'e4bc     0x4  os_cfg_app.o [10]
  .rodata            const     0x800'e4c0     0x4  os_cfg_app.o [10]
  .rodata            const     0x800'e4c4     0x4  os_cfg_app.o [10]
  .rodata            const     0x800'e4c8     0x4  os_cfg_app.o [10]
  .rodata            const     0x800'e4cc     0x4  os_cfg_app.o [10]
  .rodata            const     0x800'e4d0     0x4  os_cfg_app.o [10]
  .rodata            const     0x800'e4d4     0x4  os_cfg_app.o [10]
  .rodata            const     0x800'e4d8     0x4  os_cfg_app.o [10]
  .rodata            const     0x800'e4dc     0x4  os_cfg_app.o [10]
  .rodata            const     0x800'e4e0     0x4  os_cfg_app.o [10]
  .rodata            const     0x800'e4e4     0x4  os_cfg_app.o [10]
  .rodata            const     0x800'e4e8     0x4  os_cfg_app.o [10]
  .rodata            const     0x800'e4ec     0x4  os_cfg_app.o [10]
  .rodata            const     0x800'e4f0     0x4  os_cfg_app.o [10]
  .rodata            const     0x800'e4f4     0x4  os_cfg_app.o [10]
  .rodata            const     0x800'e4f8     0x4  os_cfg_app.o [10]
  .rodata            const     0x800'e4fc     0x4  os_dbg.o [10]
  .rodata            const     0x800'e500     0x4  os_dbg.o [10]
  .rodata            const     0x800'e504     0x4  os_dbg.o [10]
  .text              ro code   0x800'e508     0x4  startup_stm32f40_41xxx.o [3]
  .text              ro code   0x800'e50c     0x4  startup_stm32f40_41xxx.o [3]
  .text              ro code   0x800'e510     0x4  startup_stm32f40_41xxx.o [3]
  .text              ro code   0x800'e514     0x4  startup_stm32f40_41xxx.o [3]
  .text              ro code   0x800'e518     0x4  startup_stm32f40_41xxx.o [3]
  .text              ro code   0x800'e51c     0x4  startup_stm32f40_41xxx.o [3]
  .text              ro code   0x800'e520     0x4  startup_stm32f40_41xxx.o [3]
  .text              ro code   0x800'e524     0x4  startup_stm32f40_41xxx.o [3]
  .text              ro code   0x800'e528     0x4  startup_stm32f40_41xxx.o [3]
  .text              ro code   0x800'e52c     0x4  startup_stm32f40_41xxx.o [3]
  .text              ro code   0x800'e530     0x4  startup_stm32f40_41xxx.o [3]
  .text              ro code   0x800'e534     0x4  startup_stm32f40_41xxx.o [3]
  .text              ro code   0x800'e538     0x4  startup_stm32f40_41xxx.o [3]
  .text              ro code   0x800'e53c     0x4  startup_stm32f40_41xxx.o [3]
  .text              ro code   0x800'e540     0x4  startup_stm32f40_41xxx.o [3]
  .text              ro code   0x800'e544     0x4  startup_stm32f40_41xxx.o [3]
  .text              ro code   0x800'e548     0x4  startup_stm32f40_41xxx.o [3]
  .text              ro code   0x800'e54c     0x4  startup_stm32f40_41xxx.o [3]
  .text              ro code   0x800'e550     0x4  startup_stm32f40_41xxx.o [3]
  .text              ro code   0x800'e554     0x4  startup_stm32f40_41xxx.o [3]
  .text              ro code   0x800'e558     0x4  startup_stm32f40_41xxx.o [3]
  .text              ro code   0x800'e55c     0x4  startup_stm32f40_41xxx.o [3]
  .text              ro code   0x800'e560     0x4  startup_stm32f40_41xxx.o [3]
  .text              ro code   0x800'e564     0x4  startup_stm32f40_41xxx.o [3]
  .text              ro code   0x800'e568     0x4  startup_stm32f40_41xxx.o [3]
  .text              ro code   0x800'e56c     0x4  startup_stm32f40_41xxx.o [3]
  .text              ro code   0x800'e570     0x4  startup_stm32f40_41xxx.o [3]
  .text              ro code   0x800'e574     0x4  startup_stm32f40_41xxx.o [3]
  .text              ro code   0x800'e578     0x4  startup_stm32f40_41xxx.o [3]
  .text              ro code   0x800'e57c     0x4  startup_stm32f40_41xxx.o [3]
  .text              ro code   0x800'e580     0x4  startup_stm32f40_41xxx.o [3]
  .text              ro code   0x800'e584     0x4  startup_stm32f40_41xxx.o [3]
  .text              ro code   0x800'e588     0x4  startup_stm32f40_41xxx.o [3]
  .text              ro code   0x800'e58c     0x4  startup_stm32f40_41xxx.o [3]
  .text              ro code   0x800'e590     0x4  startup_stm32f40_41xxx.o [3]
  .text              ro code   0x800'e594     0x4  startup_stm32f40_41xxx.o [3]
  .text              ro code   0x800'e598     0x4  startup_stm32f40_41xxx.o [3]
  .text              ro code   0x800'e59c     0x4  startup_stm32f40_41xxx.o [3]
  .text              ro code   0x800'e5a0     0x4  startup_stm32f40_41xxx.o [3]
  .text              ro code   0x800'e5a4     0x4  startup_stm32f40_41xxx.o [3]
  .text              ro code   0x800'e5a8     0x4  startup_stm32f40_41xxx.o [3]
  .text              ro code   0x800'e5ac     0x4  startup_stm32f40_41xxx.o [3]
  .text              ro code   0x800'e5b0     0x4  startup_stm32f40_41xxx.o [3]
  .text              ro code   0x800'e5b4     0x4  startup_stm32f40_41xxx.o [3]
  .text              ro code   0x800'e5b8     0x4  startup_stm32f40_41xxx.o [3]
  .text              ro code   0x800'e5bc     0x4  startup_stm32f40_41xxx.o [3]
  .text              ro code   0x800'e5c0     0x4  startup_stm32f40_41xxx.o [3]
  .text              ro code   0x800'e5c4     0x4  startup_stm32f40_41xxx.o [3]
  .text              ro code   0x800'e5c8     0x4  startup_stm32f40_41xxx.o [3]
  .text              ro code   0x800'e5cc     0x4  startup_stm32f40_41xxx.o [3]
  .text              ro code   0x800'e5d0     0x4  startup_stm32f40_41xxx.o [3]
  .text              ro code   0x800'e5d4     0x4  startup_stm32f40_41xxx.o [3]
  .text              ro code   0x800'e5d8     0x4  startup_stm32f40_41xxx.o [3]
  .text              ro code   0x800'e5dc     0x4  startup_stm32f40_41xxx.o [3]
  .text              ro code   0x800'e5e0     0x4  startup_stm32f40_41xxx.o [3]
  .text              ro code   0x800'e5e4     0x4  startup_stm32f40_41xxx.o [3]
  .text              ro code   0x800'e5e8     0x4  startup_stm32f40_41xxx.o [3]
  .text              ro code   0x800'e5ec     0x4  startup_stm32f40_41xxx.o [3]
  .text              ro code   0x800'e5f0     0x4  startup_stm32f40_41xxx.o [3]
  .text              ro code   0x800'e5f4     0x4  startup_stm32f40_41xxx.o [3]
  .text              ro code   0x800'e5f8     0x4  startup_stm32f40_41xxx.o [3]
  .text              ro code   0x800'e5fc     0x4  startup_stm32f40_41xxx.o [3]
  .text              ro code   0x800'e600     0x4  startup_stm32f40_41xxx.o [3]
  .text              ro code   0x800'e604     0x4  startup_stm32f40_41xxx.o [3]
  .text              ro code   0x800'e608     0x4  startup_stm32f40_41xxx.o [3]
  .text              ro code   0x800'e60c     0x4  startup_stm32f40_41xxx.o [3]
  .text              ro code   0x800'e610     0x4  startup_stm32f40_41xxx.o [3]
  .text              ro code   0x800'e614     0x4  startup_stm32f40_41xxx.o [3]
  .text              ro code   0x800'e618     0x4  startup_stm32f40_41xxx.o [3]
  .text              ro code   0x800'e61c     0x4  startup_stm32f40_41xxx.o [3]
  .text              ro code   0x800'e620     0x4  startup_stm32f40_41xxx.o [3]
  .text              ro code   0x800'e624     0x4  startup_stm32f40_41xxx.o [3]
  .text              ro code   0x800'e628     0x4  startup_stm32f40_41xxx.o [3]
  .text              ro code   0x800'e62c     0x4  startup_stm32f40_41xxx.o [3]
  .text              ro code   0x800'e630     0x4  startup_stm32f40_41xxx.o [3]
  .text              ro code   0x800'e634     0x4  startup_stm32f40_41xxx.o [3]
  .rodata            const     0x800'e638     0x2  os_dbg.o [10]
  .rodata            const     0x800'e63a     0x2  os_dbg.o [10]
  .rodata            const     0x800'e63c     0x2  xlocale_c.o [17]
  .rodata            const     0x800'e63e     0x1  os_cfg_app.o [10]
  .rodata            const     0x800'e63f     0x1  os_cfg_app.o [10]
  .rodata            const     0x800'e640     0x1  os_cfg_app.o [10]
  .rodata            const     0x800'e641     0x1  os_dbg.o [10]
  .rodata            const     0x800'e642     0x1  os_dbg.o [10]
  .rodata            const     0x800'e643     0x1  os_dbg.o [10]
  .rodata            const     0x800'e644     0x1  os_dbg.o [10]
  .rodata            const     0x800'e645     0x1  os_dbg.o [10]
  .rodata            const     0x800'e646     0x1  os_dbg.o [10]
  .rodata            const     0x800'e647     0x1  os_dbg.o [10]
  .rodata            const     0x800'e648     0x1  os_dbg.o [10]
  .rodata            const     0x800'e649     0x1  os_dbg.o [10]
  .rodata            const     0x800'e64a     0x1  os_dbg.o [10]
  .rodata            const     0x800'e64b     0x1  os_dbg.o [10]
  .rodata            const     0x800'e64c     0x1  os_dbg.o [10]
  .rodata            const     0x800'e64d     0x1  os_dbg.o [10]
  .rodata            const     0x800'e64e     0x1  os_dbg.o [10]
  .rodata            const     0x800'e64f     0x1  os_dbg.o [10]
  .rodata            const     0x800'e650     0x1  os_dbg.o [10]
  .rodata            const     0x800'e651     0x1  os_dbg.o [10]
  .rodata            const     0x800'e652     0x1  os_dbg.o [10]
  .rodata            const     0x800'e653     0x1  os_dbg.o [10]
  .rodata            const     0x800'e654     0x1  os_dbg.o [10]
  .rodata            const     0x800'e655     0x1  os_dbg.o [10]
  .rodata            const     0x800'e656     0x1  os_dbg.o [10]
  .rodata            const     0x800'e657     0x1  os_dbg.o [10]
  .rodata            const     0x800'e658     0x1  os_dbg.o [10]
  .rodata            const     0x800'e659     0x1  os_dbg.o [10]
  .rodata            const     0x800'e65a     0x1  os_dbg.o [10]
  .rodata            const     0x800'e65b     0x1  os_dbg.o [10]
  .rodata            const     0x800'e65c     0x1  os_dbg.o [10]
  .rodata            const     0x800'e65d     0x1  os_dbg.o [10]
  .rodata            const     0x800'e65e     0x1  os_dbg.o [10]
  .rodata            const     0x800'e65f     0x1  os_dbg.o [10]
  .rodata            const     0x800'e660     0x1  os_dbg.o [10]
  .rodata            const     0x800'e661     0x1  os_dbg.o [10]
  .rodata            const     0x800'e662     0x1  os_dbg.o [10]
  .rodata            const     0x800'e663     0x1  os_dbg.o [10]
  .rodata            const     0x800'e664     0x1  os_dbg.o [10]
  .rodata            const     0x800'e665     0x1  os_dbg.o [10]
  .rodata            const     0x800'e666     0x1  os_dbg.o [10]
  .rodata            const     0x800'e667     0x1  os_dbg.o [10]
  .rodata            const     0x800'e668     0x0  zero_init3.o [19]
  .rodata            const     0x800'e668     0x0  packbits_init.o [19]
  Initializer bytes  const     0x800'e668   0x1f6  <for P4 s0>
                             - 0x800'e85e  0xe6d6

"P4", part 1 of 3:                          0x2e0
  P4 s0                       0x2000'0000   0x2e0  <Init block>
    .data            inited   0x2000'0000    0x94  system.o [4]
    .data            inited   0x2000'0094    0x48  xlocale_c.o [17]
    .data            inited   0x2000'00dc    0x48  xfiles.o [17]
    .data            inited   0x2000'0124    0x44  usbd_cdc_core.o [13]
    .data            inited   0x2000'0168    0x34  command_process.o [4]
    .data            inited   0x2000'019c    0x2c  usbd_cdc_core.o [13]
    .data            inited   0x2000'01c8    0x2c  usbd_core.o [14]
    .data            inited   0x2000'01f4    0x1c  usbd_desc.o [12]
    .data            inited   0x2000'0210    0x1c  usbd_desc.o [12]
    .data            inited   0x2000'022c    0x1c  usbd_usr.o [12]
    .data            inited   0x2000'0248    0x14  usbd_cdc_vcp.o [12]
    .data            inited   0x2000'025c    0x14  usbd_desc.o [12]
    .data            inited   0x2000'0270    0x10  stm32f4xx_rcc.o [5]
    .data            inited   0x2000'0280     0xc  command_process.o [4]
    .data            inited   0x2000'028c     0xc  command_process.o [4]
    .data            inited   0x2000'0298     0xc  command_process.o [4]
    .data            inited   0x2000'02a4     0x8  command_process.o [4]
    .data            inited   0x2000'02ac     0x8  command_process.o [4]
    .data            inited   0x2000'02b4     0x8  usart.o [2]
    .data            inited   0x2000'02bc     0x8  usart.o [2]
    .data            inited   0x2000'02c4     0x8  usart.o [2]
    .data            inited   0x2000'02cc     0x8  usart.o [2]
    .data            inited   0x2000'02d4     0x4  usbd_cdc_core.o [13]
    .data            inited   0x2000'02d8     0x4  usbd_core.o [14]
    .data            inited   0x2000'02dc     0x4  usbd_desc.o [12]
                            - 0x2000'02e0   0x2e0

"P4", part 2 of 3:                         0x6a80
  .bss               zero     0x2000'02e0  0x1000  app_adjvol.o [1]
  .bss               zero     0x2000'12e0   0x800  app_sysonoff.o [1]
  .bss               zero     0x2000'1ae0   0x800  usbd_cdc_core.o [13]
  .bss               zero     0x2000'22e0   0x640  os_cfg_app.o [10]
  .bss               zero     0x2000'2920   0x5f4  board.o [2]
  .bss               zero     0x2000'2f14   0x400  app.o [1]
  .bss               zero     0x2000'3314   0x400  app_com.o [1]
  .bss               zero     0x2000'3714   0x400  app_fan.o [1]
  .bss               zero     0x2000'3b14   0x400  app_led.o [1]
  .bss               zero     0x2000'3f14   0x400  app_pwrmanager.o [1]
  .bss               zero     0x2000'4314   0x400  app_temperature.o [1]
  .bss               zero     0x2000'4714   0x400  app_usb.o [1]
  .bss               zero     0x2000'4b14   0x300  os_var.o [10]
  .bss               zero     0x2000'4e14   0x230  adc.o [2]
  .bss               zero     0x2000'5044   0x200  os_cfg_app.o [10]
  .bss               zero     0x2000'5244   0x200  os_cfg_app.o [10]
  .bss               zero     0x2000'5444   0x200  os_cfg_app.o [10]
  .bss               zero     0x2000'5644   0x200  os_cfg_app.o [10]
  .bss               zero     0x2000'5844   0x200  os_cfg_app.o [10]
  .bss               zero     0x2000'5a44   0x200  os_cfg_app.o [10]
  .bss               zero     0x2000'5c44   0x140  os_cfg_app.o [10]
  .bss               zero     0x2000'5d84   0x100  usbd_desc.o [12]
  .bss               zero     0x2000'5e84    0xc0  app.o [1]
  .bss               zero     0x2000'5f44    0xc0  app_adjvol.o [1]
  .bss               zero     0x2000'6004    0xc0  app_com.o [1]
  .bss               zero     0x2000'60c4    0xc0  app_fan.o [1]
  .bss               zero     0x2000'6184    0xc0  app_led.o [1]
  .bss               zero     0x2000'6244    0xc0  app_pwrmanager.o [1]
  .bss               zero     0x2000'6304    0xc0  app_sysonoff.o [1]
  .bss               zero     0x2000'63c4    0xc0  app_temperature.o [1]
  .bss               zero     0x2000'6484    0xc0  app_usb.o [1]
  .bss               zero     0x2000'6544    0xc0  os_var.o [10]
  .bss               zero     0x2000'6604    0xc0  os_var.o [10]
  .bss               zero     0x2000'66c4    0xc0  os_var.o [10]
  .bss               zero     0x2000'6784    0xc0  os_var.o [10]
  .bss               zero     0x2000'6844    0xc0  os_var.o [10]
  .bss               zero     0x2000'6904    0x64  command_process.o [4]
  .bss               zero     0x2000'6968    0x64  command_process.o [4]
  .bss               zero     0x2000'69cc    0x64  usart.o [2]
  .bss               zero     0x2000'6a30    0x64  usart.o [2]
  .bss               zero     0x2000'6a94    0x50  adc.o [2]
  .bss               zero     0x2000'6ae4    0x50  xfiles.o [17]
  .bss               zero     0x2000'6b34    0x40  app_usb.o [1]
  .bss               zero     0x2000'6b74    0x40  usbd_cdc_core.o [13]
  .bss               zero     0x2000'6bb4    0x30  app.o [1]
  .bss               zero     0x2000'6be4    0x2c  os_var.o [10]
  .bss               zero     0x2000'6c10    0x10  cpu_core.o [8]
  .bss               zero     0x2000'6c20    0x10  ds2431.o [4]
  .bss               zero     0x2000'6c30     0xc  os_var.o [10]
  .bss               zero     0x2000'6c3c     0x8  os_prio.o [10]
  .bss               zero     0x2000'6c44     0x8  os_var.o [10]
  .bss               zero     0x2000'6c4c     0x8  os_var.o [10]
  .bss               zero     0x2000'6c54     0x8  usbd_cdc_core.o [13]
  .bss               zero     0x2000'6c5c     0x4  cpu_core.o [8]
  .bss               zero     0x2000'6c60     0x4  os_cpu_c.o [9]
  .bss               zero     0x2000'6c64     0x4  os_var.o [10]
  .bss               zero     0x2000'6c68     0x4  os_var.o [10]
  .bss               zero     0x2000'6c6c     0x4  os_var.o [10]
  .bss               zero     0x2000'6c70     0x4  os_var.o [10]
  .bss               zero     0x2000'6c74     0x4  os_var.o [10]
  .bss               zero     0x2000'6c78     0x4  os_var.o [10]
  .bss               zero     0x2000'6c7c     0x4  os_var.o [10]
  .bss               zero     0x2000'6c80     0x4  os_var.o [10]
  .bss               zero     0x2000'6c84     0x4  os_var.o [10]
  .bss               zero     0x2000'6c88     0x4  os_var.o [10]
  .bss               zero     0x2000'6c8c     0x4  os_var.o [10]
  .bss               zero     0x2000'6c90     0x4  os_var.o [10]
  .bss               zero     0x2000'6c94     0x4  os_var.o [10]
  .bss               zero     0x2000'6c98     0x4  os_var.o [10]
  .bss               zero     0x2000'6c9c     0x4  os_var.o [10]
  .bss               zero     0x2000'6ca0     0x4  os_var.o [10]
  .bss               zero     0x2000'6ca4     0x4  os_var.o [10]
  .bss               zero     0x2000'6ca8     0x4  os_var.o [10]
  .bss               zero     0x2000'6cac     0x4  os_var.o [10]
  .bss               zero     0x2000'6cb0     0x4  os_var.o [10]
  .bss               zero     0x2000'6cb4     0x4  os_var.o [10]
  .bss               zero     0x2000'6cb8     0x4  os_var.o [10]
  .bss               zero     0x2000'6cbc     0x4  os_var.o [10]
  .bss               zero     0x2000'6cc0     0x4  os_var.o [10]
  .bss               zero     0x2000'6cc4     0x4  os_var.o [10]
  .bss               zero     0x2000'6cc8     0x4  os_var.o [10]
  .bss               zero     0x2000'6ccc     0x4  os_var.o [10]
  .bss               zero     0x2000'6cd0     0x4  os_var.o [10]
  .bss               zero     0x2000'6cd4     0x4  os_var.o [10]
  .bss               zero     0x2000'6cd8     0x4  os_var.o [10]
  .bss               zero     0x2000'6cdc     0x4  os_var.o [10]
  .bss               zero     0x2000'6ce0     0x4  os_var.o [10]
  .bss               zero     0x2000'6ce4     0x4  os_var.o [10]
  .bss               zero     0x2000'6ce8     0x4  os_var.o [10]
  .bss               zero     0x2000'6cec     0x4  os_var.o [10]
  .bss               zero     0x2000'6cf0     0x4  os_var.o [10]
  .bss               zero     0x2000'6cf4     0x4  systick.o [2]
  .bss               zero     0x2000'6cf8     0x4  usbd_cdc_core.o [13]
  .bss               zero     0x2000'6cfc     0x4  usbd_cdc_core.o [13]
  .bss               zero     0x2000'6d00     0x4  usbd_cdc_core.o [13]
  .bss               zero     0x2000'6d04     0x4  usbd_cdc_core.o [13]
  .bss               zero     0x2000'6d08     0x4  usbd_cdc_core.o [13]
  .bss               zero     0x2000'6d0c     0x4  usbd_cdc_core.o [13]
  .bss               zero     0x2000'6d10     0x4  usbd_cdc_vcp.o [12]
  .bss               zero     0x2000'6d14     0x4  usbd_core.o [14]
  .bss               zero     0x2000'6d18     0x4  usbd_req.o [14]
  .bss               zero     0x2000'6d1c     0x4  usbd_req.o [14]
  .bss               zero     0x2000'6d20     0x4  usbd_req.o [14]
  .bss               zero     0x2000'6d24     0x4  xfail_s.o [17]
  .bss               zero     0x2000'6d28     0x2  app_sysonoff.o [1]
  .bss               zero     0x2000'6d2a     0x2  os_var.o [10]
  .bss               zero     0x2000'6d2c     0x2  os_var.o [10]
  .bss               zero     0x2000'6d2e     0x2  os_var.o [10]
  .bss               zero     0x2000'6d30     0x2  os_var.o [10]
  .bss               zero     0x2000'6d32     0x2  os_var.o [10]
  .bss               zero     0x2000'6d34     0x2  os_var.o [10]
  .bss               zero     0x2000'6d36     0x2  os_var.o [10]
  .bss               zero     0x2000'6d38     0x2  os_var.o [10]
  .bss               zero     0x2000'6d3a     0x2  os_var.o [10]
  .bss               zero     0x2000'6d3c     0x2  os_var.o [10]
  .bss               zero     0x2000'6d3e     0x2  os_var.o [10]
  .bss               zero     0x2000'6d40     0x2  os_var.o [10]
  .bss               zero     0x2000'6d42     0x2  os_var.o [10]
  .bss               zero     0x2000'6d44     0x2  power.o [4]
  .bss               zero     0x2000'6d46     0x2  power.o [4]
  .bss               zero     0x2000'6d48     0x2  system.o [4]
  .bss               zero     0x2000'6d4a     0x1  app_sysonoff.o [1]
  .bss               zero     0x2000'6d4b     0x1  emc2305.o [4]
  .bss               zero     0x2000'6d4c     0x1  emc2305.o [4]
  .bss               zero     0x2000'6d4d     0x1  os_var.o [10]
  .bss               zero     0x2000'6d4e     0x1  os_var.o [10]
  .bss               zero     0x2000'6d4f     0x1  os_var.o [10]
  .bss               zero     0x2000'6d50     0x1  os_var.o [10]
  .bss               zero     0x2000'6d51     0x1  os_var.o [10]
  .bss               zero     0x2000'6d52     0x1  os_var.o [10]
  .bss               zero     0x2000'6d53     0x1  os_var.o [10]
  .bss               zero     0x2000'6d54     0x1  os_var.o [10]
  .bss               zero     0x2000'6d55     0x1  os_var.o [10]
  .bss               zero     0x2000'6d56     0x1  os_var.o [10]
  .bss               zero     0x2000'6d57     0x1  power.o [4]
  .bss               zero     0x2000'6d58     0x1  power.o [4]
  .bss               zero     0x2000'6d59     0x1  system.o [4]
  .bss               zero     0x2000'6d5a     0x1  system.o [4]
  .bss               zero     0x2000'6d5b     0x1  system.o [4]
  .bss               zero     0x2000'6d5c     0x1  system.o [4]
  .bss               zero     0x2000'6d5d     0x1  system.o [4]
  .bss               zero     0x2000'6d5e     0x1  usbd_cdc_core.o [13]
  .bss               zero     0x2000'6d5f     0x1  usbd_req.o [14]
                            - 0x2000'6d60  0x6a80

"P4", part 3 of 3:                         0x2000
  CSTACK                      0x2000'6d60  0x2000  <Block>
    CSTACK           uninit   0x2000'6d60  0x2000  <Block tail>
                            - 0x2000'8d60  0x2000

Unused ranges:

         From           To      Size
         ----           --      ----
   0x800'e85e   0x80f'ffff  0xf'17a2
  0x2000'8d60  0x2001'bfff  0x1'32a0
  0x2001'c000  0x2001'ffff    0x4000


*******************************************************************************
*** INIT TABLE
***

          Address      Size
          -------      ----
Zero (__iar_zero_init3)
    1 destination range, total size 0x6a80:
          0x2000'02e0  0x6a80

Copy/packbits (__iar_packbits_init3)
    1 source range, total size 0x1f6 (68% of destination):
           0x800'e668   0x1f6
    1 destination range, total size 0x2e0:
          0x2000'0000   0x2e0



*******************************************************************************
*** MODULE SUMMARY
***

    Module                    ro code  ro data  rw data
    ------                    -------  -------  -------
command line/config:
    ---------------------------------------------------
    Total:

C:\Users\LIANMENG\Desktop\AX9-PROJECT-IAR\AX9_V1.00\APP\source\USER\Debug\Obj\APP: [1]
    app.o                         268       36    1'264
    app_adjvol.o                3'188      428    4'288
    app_com.o                     500      128    1'216
    app_fan.o                     108       16    1'216
    app_led.o                     116       16    1'216
    app_pwrmanager.o              104       20    1'216
    app_sysonoff.o              1'124       16    2'243
    app_temperature.o             108       24    1'216
    app_timer.o                    16
    app_usb.o                     748       16    1'280
    ---------------------------------------------------
    Total:                      6'280      700   15'155

C:\Users\LIANMENG\Desktop\AX9-PROJECT-IAR\AX9_V1.00\APP\source\USER\Debug\Obj\BSP: [2]
    adc.o                       1'832               640
    board.o                       756             1'524
    dac.o                          48
    dma.o                         184
    gpio.o                      1'792
    nvic.o                        162
    spi.o                         268
    systick.o                     232                 4
    timer.o                       184
    usart.o                       416       22      232
    ---------------------------------------------------
    Total:                      5'874       22    2'400

C:\Users\LIANMENG\Desktop\AX9-PROJECT-IAR\AX9_V1.00\APP\source\USER\Debug\Obj\CMSIS: [3]
    startup_stm32f40_41xxx.o      712
    system_stm32f4xx.o            324
    ---------------------------------------------------
    Total:                      1'036

C:\Users\LIANMENG\Desktop\AX9-PROJECT-IAR\AX9_V1.00\APP\source\USER\Debug\Obj\DEVICE: [4]
    adjustvoltage.o               680
    bat1.o                        824
    bat2.o                        880
    command_process.o           3'648      187      304
    ds2431.o                      576                16
    emc2305.o                   1'666                 2
    power.o                       912                 6
    system.o                    1'080      100      155
    tlv5626cd.o                   336
    tmp468.o                      880
    ---------------------------------------------------
    Total:                     11'482      287      483

C:\Users\LIANMENG\Desktop\AX9-PROJECT-IAR\AX9_V1.00\APP\source\USER\Debug\Obj\FWLIB: [5]
    misc.o                        184
    stm32f4xx_adc.o               456
    stm32f4xx_dac.o               204
    stm32f4xx_dma.o               352
    stm32f4xx_gpio.o              286
    stm32f4xx_pwr.o                12
    stm32f4xx_rcc.o               452       11       16
    stm32f4xx_spi.o               108
    stm32f4xx_tim.o               192
    stm32f4xx_usart.o             504
    ---------------------------------------------------
    Total:                      2'750       11       16

C:\Users\LIANMENG\Desktop\AX9-PROJECT-IAR\AX9_V1.00\APP\source\USER\Debug\Obj\UCOSIII\uCOS-BSP: [6]
    bsp.o                          76
    ---------------------------------------------------
    Total:                         76

C:\Users\LIANMENG\Desktop\AX9-PROJECT-IAR\AX9_V1.00\APP\source\USER\Debug\Obj\UCOSIII\uCOS-CONFIG: [7]
    ---------------------------------------------------
    Total:

C:\Users\LIANMENG\Desktop\AX9-PROJECT-IAR\AX9_V1.00\APP\source\USER\Debug\Obj\UCOSIII\uCOS-CPU: [8]
    cpu_a.o                        52
    cpu_core.o                     76                20
    ---------------------------------------------------
    Total:                        128                20

C:\Users\LIANMENG\Desktop\AX9-PROJECT-IAR\AX9_V1.00\APP\source\USER\Debug\Obj\UCOSIII\uCOS-III\Port: [9]
    os_cpu_a.o                    148
    os_cpu_c.o                    444                 4
    ---------------------------------------------------
    Total:                        592                 4

C:\Users\LIANMENG\Desktop\AX9-PROJECT-IAR\AX9_V1.00\APP\source\USER\Debug\Obj\UCOSIII\uCOS-III\Source: [10]
    os_cfg_app.o                  224      135    4'992
    os_core.o                   2'936       40
    os_dbg.o                      424      347
    os_flag.o                     488
    os_int.o                    1'064       28
    os_mem.o                       28
    os_msg.o                      400
    os_mutex.o                  1'264
    os_prio.o                     148                 8
    os_q.o                        260
    os_sem.o                      208
    os_stat.o                   1'312       20
    os_task.o                   3'496        8
    os_tick.o                   1'264       20
    os_time.o                     696
    os_tmr.o                    1'008       40
    os_var.o                                      1'980
    ---------------------------------------------------
    Total:                     15'220      638    6'980

C:\Users\LIANMENG\Desktop\AX9-PROJECT-IAR\AX9_V1.00\APP\source\USER\Debug\Obj\UCOSIII\uCOSIII-LIB: [11]
    lib_mem.o                      88
    ---------------------------------------------------
    Total:                         88

C:\Users\LIANMENG\Desktop\AX9-PROJECT-IAR\AX9_V1.00\APP\source\USER\Debug\Obj\USB\USB-APP: [12]
    usb_bsp.o                     154
    usbd_cdc_vcp.o                 96       13       24
    usbd_desc.o                   318      175      336
    usbd_usr.o                     14       19       28
    ---------------------------------------------------
    Total:                        582      207      388

C:\Users\LIANMENG\Desktop\AX9-PROJECT-IAR\AX9_V1.00\APP\source\USER\Debug\Obj\USB\USB-DEVICE: [13]
    usbd_cdc_core.o               804       79    2'261
    ---------------------------------------------------
    Total:                        804       79    2'261

C:\Users\LIANMENG\Desktop\AX9-PROJECT-IAR\AX9_V1.00\APP\source\USER\Debug\Obj\USB\USB-DRIVER: [14]
    usbd_core.o                   806       33       52
    usbd_ioreq.o                  204
    usbd_req.o                  1'654                13
    ---------------------------------------------------
    Total:                      2'664       33       65

C:\Users\LIANMENG\Desktop\AX9-PROJECT-IAR\AX9_V1.00\APP\source\USER\Debug\Obj\USB\USB-OTG: [15]
    usb_core.o                  2'566
    usb_dcd.o                     614
    usb_dcd_int.o               1'908
    ---------------------------------------------------
    Total:                      5'088

C:\Users\LIANMENG\Desktop\AX9-PROJECT-IAR\AX9_V1.00\APP\source\USER\Debug\Obj\USER: [16]
    main.o                        108
    stm32f4xx_it.o                140
    ---------------------------------------------------
    Total:                        248

dl7M_tlf.a: [17]
    abort.o                         6
    abs.o                           8
    exit.o                          4
    low_level_init.o                4
    printf.o                       40
    putchar.o                      12
    strncasecmp.o                  62
    tolower.o                      20
    xfail_s.o                      64                 4
    xfiles.o                                49      152
    xlocale_c.o                    32       52       72
    xprintfsmall_nomb.o         1'277
    xprout.o                       22
    ---------------------------------------------------
    Total:                      1'551      101      228

m7M_tl.a: [18]
    DblAddSub.o                   606
    DblDiv.o                      582
    DblMul.o                      426
    DblToFlt.o                    104
    DblToS32.o                     54
    DblToU32.o                     34
    FltMul.o                      216
    FltToDbl.o                     72
    U32ToDbl.o                     28
    ---------------------------------------------------
    Total:                      2'122

rt7M_tl.a: [19]
    ABImemcpy.o                   166
    ABImemset.o                   102
    cexit.o                        10
    cmain.o                        30
    cstartup_M.o                   28
    data_init.o                    40
    memchr.o                       88
    packbits_init.o               162
    strchr.o                       22
    strlen.o                       54
    zero_init3.o                   56
    ---------------------------------------------------
    Total:                        758

shb_l.a: [20]
    exit.o                         20
    ---------------------------------------------------
    Total:                         20

    Gaps                                     1
    Linker created                          44    8'192
-------------------------------------------------------
    Grand Total:               57'363    2'123   36'192


*******************************************************************************
*** ENTRY LIST
***

Entry                       Address    Size  Type      Object
-----                       -------    ----  ----      ------
.iar.init_table$$Base    0x800'e120           --   Gb  - Linker created -
.iar.init_table$$Limit   0x800'e14c           --   Gb  - Linker created -
?main                    0x800'e1cd          Code  Gb  cmain.o [19]
ADC_Cmd                  0x800'6733    0x1a  Code  Gb  stm32f4xx_adc.o [5]
ADC_CommonInit           0x800'6713    0x20  Code  Gb  stm32f4xx_adc.o [5]
ADC_DMACmd               0x800'684d    0x1a  Code  Gb  stm32f4xx_adc.o [5]
ADC_DMARequestAfterLastTransferCmd
                         0x800'6867    0x1a  Code  Gb  stm32f4xx_adc.o [5]
ADC_Init                 0x800'66c9    0x4a  Code  Gb  stm32f4xx_adc.o [5]
ADC_RegularChannelConfig
                         0x800'676f    0xd4  Code  Gb  stm32f4xx_adc.o [5]
ADC_SoftwareStartConv    0x800'6843     0xa  Code  Gb  stm32f4xx_adc.o [5]
ADC_TempSensorVrefintCmd
                         0x800'674d    0x22  Code  Gb  stm32f4xx_adc.o [5]
APBAHBPrescTable        0x2000'0270    0x10  Data  Lc  stm32f4xx_rcc.o [5]
APP_Rx_Buffer           0x2000'1ae0   0x800  Data  Gb  usbd_cdc_core.o [13]
APP_Rx_length           0x2000'6d04     0x4  Data  Gb  usbd_cdc_core.o [13]
APP_Rx_ptr_in           0x2000'6cfc     0x4  Data  Gb  usbd_cdc_core.o [13]
APP_Rx_ptr_out          0x2000'6d00     0x4  Data  Gb  usbd_cdc_core.o [13]
Adc1_Config              0x800'c9dd    0x2a  Code  Gb  board.o [2]
Adc1_GetMcuInternalTemperature
                         0x800'3591    0x42  Code  Gb  adc.o [2]
Adc1_ReadConvertValue    0x800'34cb    0xc6  Code  Gb  adc.o [2]
Adc3_Config              0x800'c929    0xb4  Code  Gb  board.o [2]
Adc3_GetAdjVoltage       0x800'3085   0x174  Code  Gb  adc.o [2]
Adc3_GetFixVoltage       0x800'31f9   0x2d2  Code  Gb  adc.o [2]
Adc3_ReadConvertValue    0x800'2fb9    0xcc  Code  Gb  adc.o [2]
Adc_1_ConValue          0x2000'6a94    0x50  Data  Gb  adc.o [2]
Adc_3_ConValue          0x2000'4e14   0x230  Data  Gb  adc.o [2]
Adc_Init                 0x800'2f2d    0x8c  Code  Gb  adc.o [2]
AdjVolTcb               0x2000'5f44    0xc0  Data  Gb  app_adjvol.o [1]
AdjVol_Result_Send       0x800'1405   0x114  Code  Gb  app_adjvol.o [1]
Adjust_Cw_Reset          0x800'23c7     0xc  Code  Gb  adjustvoltage.o [4]
Adjust_Hv_Reset          0x800'2397    0x30  Code  Gb  adjustvoltage.o [4]
Adjust_Voltage_CW        0x800'242f    0x3e  Code  Gb  adjustvoltage.o [4]
Adjust_Voltage_HV        0x800'23f7    0x38  Code  Gb  adjustvoltage.o [4]
Adjust_Voltage_Init      0x800'23d3    0x24  Code  Gb  adjustvoltage.o [4]
Adjust_Voltage_Pcw_Ncw   0x800'2375    0x22  Code  Gb  adjustvoltage.o [4]
Adjust_Voltage_Vnn1_Vnn2
                         0x800'2349    0x2c  Code  Gb  adjustvoltage.o [4]
Adjust_Voltage_Vpp1      0x800'2309    0x20  Code  Gb  adjustvoltage.o [4]
Adjust_Voltage_Vpp2      0x800'2329    0x20  Code  Gb  adjustvoltage.o [4]
App_AdjVol_Task          0x800'19fd   0x5ea  Code  Gb  app_adjvol.o [1]
App_AdjVol_TaskCreate    0x800'1fed    0x3a  Code  Gb  app_adjvol.o [1]
App_AdjVol_Task_Stk     0x2000'02e0  0x1000  Data  Gb  app_adjvol.o [1]
App_Com_Task             0x800'd549   0x180  Code  Gb  app_com.o [1]
App_Com_TaskCreate       0x800'd6c9    0x3a  Code  Gb  app_com.o [1]
App_Com_Task_Stk        0x2000'3314   0x400  Data  Gb  app_com.o [1]
App_Fan_Task             0x800'db41    0x20  Code  Gb  app_fan.o [1]
App_Fan_TaskCreate       0x800'db61    0x3a  Code  Gb  app_fan.o [1]
App_Fan_Task_Stk        0x2000'3714   0x400  Data  Gb  app_fan.o [1]
App_Led_Task             0x800'dacd    0x24  Code  Gb  app_led.o [1]
App_Led_TaskCreate       0x800'daf1    0x3a  Code  Gb  app_led.o [1]
App_Led_Task_Stk        0x2000'3b14   0x400  Data  Gb  app_led.o [1]
App_PwrManager_Task      0x800'dbad    0x1e  Code  Gb  app_pwrmanager.o [1]
App_PwrManager_TaskCreate
                         0x800'dbcb    0x3a  Code  Gb  app_pwrmanager.o [1]
App_PwrManager_Task_Stk
                        0x2000'3f14   0x400  Data  Gb  app_pwrmanager.o [1]
App_Start_Task           0x800'd9c1    0xae  Code  Gb  app.o [1]
App_Start_Task_Create    0x800'da6f    0x3a  Code  Gb  app.o [1]
App_Start_Task_Stk      0x2000'2f14   0x400  Data  Gb  app.o [1]
App_SysOnOff_Task        0x800'b6ab    0x20  Code  Gb  app_sysonoff.o [1]
App_SysOnOff_TaskCreate
                         0x800'b6cb    0x3a  Code  Gb  app_sysonoff.o [1]
App_SysOnOff_Task_Stk   0x2000'12e0   0x800  Data  Gb  app_sysonoff.o [1]
App_Temperature_Task     0x800'dc15    0x20  Code  Gb  app_temperature.o [1]
App_Temperature_TaskCreate
                         0x800'dc35    0x3a  Code  Gb  app_temperature.o [1]
App_Temperature_Task_Stk
                        0x2000'4314   0x400  Data  Gb  app_temperature.o [1]
App_Usb_Task             0x800'd1fd   0x288  Code  Gb  app_usb.o [1]
App_Usb_TaskCreate       0x800'd485    0x3a  Code  Gb  app_usb.o [1]
App_Usb_Task_Stk        0x2000'4714   0x400  Data  Gb  app_usb.o [1]
BSP_CPU_ClkFreq          0x800'6255     0xe  Code  Gb  bsp.o [6]
Bat1_PowerRead           0x800'bdb3    0x46  Code  Gb  bat1.o [4]
Bat2_PowerRead           0x800'c11f    0x46  Code  Gb  bat2.o [4]
Battery_Power_Read       0x800'b7b9   0x2f0  Code  Gb  power.o [4]
Battery_Power_Read::bat1ChargeRecoverCnt
                        0x2000'6d44     0x2  Data  Lc  power.o [4]
Battery_Power_Read::bat1_Charging
                        0x2000'6d57     0x1  Data  Lc  power.o [4]
Battery_Power_Read::bat2ChargeRecoverCnt
                        0x2000'6d46     0x2  Data  Lc  power.o [4]
Battery_Power_Read::bat2_Charging
                        0x2000'6d58     0x1  Data  Lc  power.o [4]
Board_Bsp_Init           0x800'cabf    0x5a  Code  Gb  board.o [2]
BusFault_Handler         0x800'dd2b     0x2  Code  Gb  stm32f4xx_it.o [16]
CPU_CntLeadZeros         0x800'5b93          Code  Gb  cpu_a.o [8]
CPU_CntTrailZeros        0x800'5b99          Code  Gb  cpu_a.o [8]
CPU_Init                 0x800'8539     0xc  Code  Gb  cpu_core.o [8]
CPU_IntDis               0x800'5b75          Code  Gb  cpu_a.o [8]
CPU_IntEn                0x800'5b79          Code  Gb  cpu_a.o [8]
CPU_Name                0x2000'6c10    0x10  Data  Gb  cpu_core.o [8]
CPU_NameClr              0x800'8545    0x1a  Code  Gb  cpu_core.o [8]
CPU_NameInit             0x800'8565     0x8  Code  Lc  cpu_core.o [8]
CPU_RevBits              0x800'5ba3          Code  Gb  cpu_a.o [8]
CPU_SR_Restore           0x800'5b85          Code  Gb  cpu_a.o [8]
CPU_SR_Save              0x800'5b7d          Code  Gb  cpu_a.o [8]
CPU_TS_Init              0x800'856d     0xe  Code  Lc  cpu_core.o [8]
CPU_TS_TmrFreqSet        0x800'855f     0x6  Code  Gb  cpu_core.o [8]
CPU_TS_TmrFreq_Hz       0x2000'6c5c     0x4  Data  Gb  cpu_core.o [8]
CPU_TS_TmrInit           0x800'6263    0x2a  Code  Gb  bsp.o [6]
CPU_TS_TmrRd             0x800'628d     0x6  Code  Gb  bsp.o [6]
CPU_WaitForExcept        0x800'5b8f          Code  Gb  cpu_a.o [8]
CPU_WaitForInt           0x800'5b8b          Code  Gb  cpu_a.o [8]
CSTACK$$Base            0x2000'6d60           --   Gb  - Linker created -
CSTACK$$Limit           0x2000'8d60           --   Gb  - Linker created -
Calc_TarVol_AlowRange    0x800'1519    0xce  Code  Gb  app_adjvol.o [1]
CheckBatteryState        0x800'b795    0x24  Code  Gb  power.o [4]
CmdBuff                 0x2000'6c54     0x8  Data  Gb  usbd_cdc_core.o [13]
Cmd_AdjCwMsg             0x800'0b3f     0xe  Code  Gb  command_process.o [4]
Cmd_AdjHvMsg             0x800'0b31     0xe  Code  Gb  command_process.o [4]
Cmd_AdjVolMsg            0x800'0629   0x114  Code  Gb  command_process.o [4]
Cmd_CompileInfo          0x800'05a7    0x82  Code  Gb  command_process.o [4]
Cmd_EcInfo               0x800'04df    0x64  Code  Gb  command_process.o [4]
Cmd_FanInfo              0x800'073d   0x10e  Code  Gb  command_process.o [4]
Cmd_FirmWareVer          0x800'0543    0x64  Code  Gb  command_process.o [4]
Cmd_InValidData          0x800'0b4d    0x60  Code  Gb  command_process.o [4]
Cmd_Process              0x800'0d69    0xbc  Code  Gb  command_process.o [4]
Cmd_PwrInfo              0x800'084b    0xca  Code  Gb  command_process.o [4]
Cmd_ReadUsPowerId        0x800'097f     0x2  Code  Gb  command_process.o [4]
Cmd_Vpp1Vnn1DisableRes   0x800'09ed    0x6c  Code  Gb  command_process.o [4]
Cmd_Vpp1Vnn1EnableRes    0x800'0981    0x6c  Code  Gb  command_process.o [4]
Cmd_Vpp2Vnn2DisableRes   0x800'0ac5    0x6c  Code  Gb  command_process.o [4]
Cmd_Vpp2Vnn2EnableRes    0x800'0a59    0x6c  Code  Gb  command_process.o [4]
Cmd_WriteUsPowerId       0x800'0915    0x6a  Code  Gb  command_process.o [4]
ComTaskTcb              0x2000'6004    0xc0  Data  Gb  app_com.o [1]
Com_IRQHandler_CallBack
                         0x800'cc13    0xac  Code  Gb  usart.o [2]
CommuComRX              0x2000'02c4     0x8  Data  Gb  usart.o [2]
CommuComTX              0x2000'02cc     0x8  Data  Gb  usart.o [2]
DAC_Cmd                  0x800'4c6f    0x2c  Code  Gb  stm32f4xx_dac.o [5]
DAC_Init                 0x800'4c41    0x2e  Code  Gb  stm32f4xx_dac.o [5]
DAC_SetChannel1Data      0x800'4ccb    0x1c  Code  Gb  stm32f4xx_dac.o [5]
DAC_SetChannel2Data      0x800'4ce7    0x1c  Code  Gb  stm32f4xx_dac.o [5]
DAC_SoftwareTriggerCmd   0x800'4c9b    0x30  Code  Gb  stm32f4xx_dac.o [5]
DCD_EP_Close             0x800'ae41    0x46  Code  Gb  usb_dcd.o [15]
DCD_EP_ClrStall          0x800'af55    0x46  Code  Gb  usb_dcd.o [15]
DCD_EP_Open              0x800'ade1    0x60  Code  Gb  usb_dcd.o [15]
DCD_EP_PrepareRx         0x800'ae87    0x48  Code  Gb  usb_dcd.o [15]
DCD_EP_SetAddress        0x800'af9b    0x12  Code  Gb  usb_dcd.o [15]
DCD_EP_Stall             0x800'af0f    0x46  Code  Gb  usb_dcd.o [15]
DCD_EP_Tx                0x800'aecf    0x40  Code  Gb  usb_dcd.o [15]
DCD_HandleEnumDone_ISR   0x800'96c7   0x100  Code  Lc  usb_dcd_int.o [15]
DCD_HandleInEP_ISR       0x800'9303    0xe0  Code  Lc  usb_dcd_int.o [15]
DCD_HandleOutEP_ISR      0x800'93e3    0xcc  Code  Lc  usb_dcd_int.o [15]
DCD_HandleResume_ISR     0x800'9239    0x4a  Code  Lc  usb_dcd_int.o [15]
DCD_HandleRxStatusQueueLevel_ISR
                         0x800'94cd    0xa2  Code  Lc  usb_dcd_int.o [15]
DCD_HandleSof_ISR        0x800'94af    0x1e  Code  Lc  usb_dcd_int.o [15]
DCD_HandleUSBSuspend_ISR
                         0x800'9283    0x80  Code  Lc  usb_dcd_int.o [15]
DCD_HandleUsbReset_ISR   0x800'961d    0xaa  Code  Lc  usb_dcd_int.o [15]
DCD_Init                 0x800'ad47    0x9a  Code  Gb  usb_dcd.o [15]
DCD_IsoINIncomplete_ISR
                         0x800'97c7    0x1c  Code  Lc  usb_dcd_int.o [15]
DCD_IsoOUTIncomplete_ISR
                         0x800'97e3    0x1c  Code  Lc  usb_dcd_int.o [15]
DCD_OTG_ISR              0x800'9215    0x24  Code  Lc  usb_dcd_int.o [15]
DCD_ReadDevInEP          0x800'9855    0x20  Code  Lc  usb_dcd_int.o [15]
DCD_SessionRequest_ISR   0x800'91f7    0x1e  Code  Lc  usb_dcd_int.o [15]
DCD_WriteEmptyTxFifo     0x800'956f    0xae  Code  Lc  usb_dcd_int.o [15]
DMA1_Stream4_IRQHandler
                         0x800'dd81    0x10  Code  Gb  stm32f4xx_it.o [16]
DMA1_Stream6_IRQHandler
                         0x800'dd91    0x10  Code  Gb  stm32f4xx_it.o [16]
DMA_ClearFlag            0x800'20ef    0x20  Code  Gb  stm32f4xx_dma.o [5]
DMA_ClearITPendingBit    0x800'219d    0x20  Code  Gb  stm32f4xx_dma.o [5]
DMA_Cmd                  0x800'20c9    0x1a  Code  Gb  stm32f4xx_dma.o [5]
DMA_GetCurrDataCounter   0x800'20e9     0x6  Code  Gb  stm32f4xx_dma.o [5]
DMA_GetITStatus          0x800'2151    0x4c  Code  Gb  stm32f4xx_dma.o [5]
DMA_ITConfig             0x800'210f    0x42  Code  Gb  stm32f4xx_dma.o [5]
DMA_Init                 0x800'2079    0x50  Code  Gb  stm32f4xx_dma.o [5]
DMA_SetCurrDataCounter   0x800'20e3     0x6  Code  Gb  stm32f4xx_dma.o [5]
DS2431_ReadByte          0x800'11ad    0x60  Code  Gb  ds2431.o [4]
DS2431_Reset             0x800'1109    0x4c  Code  Gb  ds2431.o [4]
DS2431_WriteByte         0x800'1155    0x58  Code  Gb  ds2431.o [4]
DS2431_WriteData         0x800'120d    0xa8  Code  Gb  ds2431.o [4]
DacCw_Tlv5626cd_ValueSet
                         0x800'4db9    0x9a  Code  Gb  tlv5626cd.o [4]
DacHv_Tlv5626cd_ValueSet
                         0x800'4d1f    0x9a  Code  Gb  tlv5626cd.o [4]
Dac_config               0x800'd053    0x30  Code  Gb  dac.o [2]
DateStr                 0x2000'0280     0xc  Data  Gb  command_process.o [4]
Deal_Compare             0x800'0e55   0x138  Code  Gb  command_process.o [4]
DebugComRX              0x2000'02b4     0x8  Data  Gb  usart.o [2]
DebugComTX              0x2000'02bc     0x8  Data  Gb  usart.o [2]
DebugMon_Handler         0x800'dd31     0x2  Code  Gb  stm32f4xx_it.o [16]
DebugReceiveFrameAnalysis
                         0x800'0e25    0x2c  Code  Gb  command_process.o [4]
Debug_Com_Config         0x800'c86d    0xbc  Code  Gb  board.o [2]
Delay_Nop                0x800'6ef1     0xc  Code  Gb  system.o [4]
Dma_Config               0x800'cef9    0x82  Code  Gb  dma.o [2]
Dmay_Streamx_IRQHandler_CallBack
                         0x800'cf7b    0x28  Code  Gb  dma.o [2]
Ec_Info                 0x2000'0168    0x34  Data  Gb  command_process.o [4]
Emc2305_ReadByte         0x800'a267    0x64  Code  Gb  emc2305.o [4]
Emc2305_ReadData         0x800'a2cb    0x94  Code  Gb  emc2305.o [4]
Emc2305_WriteByte        0x800'a215    0x52  Code  Gb  emc2305.o [4]
FanTaskTcb              0x2000'60c4    0xc0  Data  Gb  app_fan.o [1]
Fan_Config               0x800'cab7     0x8  Code  Gb  board.o [2]
Fan_Emc2305_Control      0x800'a35f    0xe2  Code  Gb  emc2305.o [4]
Fan_Emc2305_Control::TempNow
                        0x2000'6d4b     0x1  Data  Lc  emc2305.o [4]
Fan_Emc2305_Control::TempOld
                        0x2000'6d4c     0x1  Data  Lc  emc2305.o [4]
Fan_Emc2305_Init         0x800'a591    0x72  Code  Gb  emc2305.o [4]
Fan_Speed_Read           0x800'a441   0x13e  Code  Gb  emc2305.o [4]
FrameCmdPackage          0x800'0bad    0xb0  Code  Gb  command_process.o [4]
GPIO_Init                0x800'12e5    0xa4  Code  Gb  stm32f4xx_gpio.o [5]
GPIO_PinAFConfig         0x800'13af    0x54  Code  Gb  stm32f4xx_gpio.o [5]
GPIO_ReadInputDataBit    0x800'1389    0x14  Code  Gb  stm32f4xx_gpio.o [5]
GPIO_ResetBits           0x800'13a1     0x4  Code  Gb  stm32f4xx_gpio.o [5]
GPIO_SetBits             0x800'139d     0x4  Code  Gb  stm32f4xx_gpio.o [5]
GPIO_ToggleBits          0x800'13a5     0xa  Code  Gb  stm32f4xx_gpio.o [5]
Get_AdjCwMsg             0x800'17fd   0x200  Code  Gb  app_adjvol.o [1]
Get_AdjHvMsg             0x800'15e7   0x216  Code  Gb  app_adjvol.o [1]
Get_SerialNum            0x800'd90f    0x28  Code  Lc  usbd_desc.o [12]
Gpio_Config              0x800'9897   0x6c0  Code  Gb  gpio.o [2]
Gpio_Init                0x800'9875    0x22  Code  Lc  gpio.o [2]
Handle_USBAsynchXfer     0x800'c76b    0xc2  Code  Lc  usbd_cdc_core.o [13]
HardFault_Handler        0x800'dd27     0x2  Code  Gb  stm32f4xx_it.o [16]
I2c_Bat1_ReadByte        0x800'bcc3    0x58  Code  Gb  bat1.o [4]
I2c_Bat1_ReadData        0x800'bd1b    0x98  Code  Gb  bat1.o [4]
I2c_Bat1_SendAck         0x800'bc43    0x40  Code  Gb  bat1.o [4]
I2c_Bat1_SendByte        0x800'bb9d    0x5c  Code  Gb  bat1.o [4]
I2c_Bat1_SendNack        0x800'bc83    0x40  Code  Gb  bat1.o [4]
I2c_Bat1_Start           0x800'bb29    0x3a  Code  Gb  bat1.o [4]
I2c_Bat1_Stop            0x800'bb63    0x3a  Code  Gb  bat1.o [4]
I2c_Bat1_WaitAck         0x800'bbf9    0x4a  Code  Gb  bat1.o [4]
I2c_Bat2_ReadByte        0x800'c027    0x60  Code  Gb  bat2.o [4]
I2c_Bat2_ReadData        0x800'c087    0x98  Code  Gb  bat2.o [4]
I2c_Bat2_SendAck         0x800'bf97    0x48  Code  Gb  bat2.o [4]
I2c_Bat2_SendByte        0x800'bee9    0x5e  Code  Gb  bat2.o [4]
I2c_Bat2_SendNack        0x800'bfdf    0x48  Code  Gb  bat2.o [4]
I2c_Bat2_Start           0x800'be65    0x42  Code  Gb  bat2.o [4]
I2c_Bat2_Stop            0x800'bea7    0x42  Code  Gb  bat2.o [4]
I2c_Bat2_WaitAck         0x800'bf47    0x50  Code  Gb  bat2.o [4]
I2c_Emc_ReadByte         0x800'a0d7    0x60  Code  Gb  emc2305.o [4]
I2c_Emc_SendAck          0x800'a185    0x48  Code  Gb  emc2305.o [4]
I2c_Emc_SendByte         0x800'a079    0x5e  Code  Gb  emc2305.o [4]
I2c_Emc_SendNack         0x800'a1cd    0x48  Code  Gb  emc2305.o [4]
I2c_Emc_Start            0x800'9fef    0x48  Code  Gb  emc2305.o [4]
I2c_Emc_Stop             0x800'a037    0x42  Code  Gb  emc2305.o [4]
I2c_Emc_WaitAck          0x800'a137    0x4e  Code  Gb  emc2305.o [4]
I2c_Tmp_ReadByte         0x800'c3ff    0x60  Code  Gb  tmp468.o [4]
I2c_Tmp_SendAck          0x800'c36f    0x48  Code  Gb  tmp468.o [4]
I2c_Tmp_SendByte         0x800'c2c1    0x64  Code  Gb  tmp468.o [4]
I2c_Tmp_SendNack         0x800'c3b7    0x48  Code  Gb  tmp468.o [4]
I2c_Tmp_Start            0x800'c231    0x4a  Code  Gb  tmp468.o [4]
I2c_Tmp_Stop             0x800'c27b    0x46  Code  Gb  tmp468.o [4]
I2c_Tmp_WaitAck          0x800'c325    0x4a  Code  Gb  tmp468.o [4]
IIC1_SDA_IN              0x800'c205    0x2c  Code  Gb  tmp468.o [4]
IIC1_SDA_OUT             0x800'c1d9    0x2c  Code  Gb  tmp468.o [4]
I_AdcDma_Config          0x800'ca61    0x56  Code  Gb  board.o [2]
IntToUnicode             0x800'd971    0x4e  Code  Lc  usbd_desc.o [12]
LedTaskTcb              0x2000'6184    0xc0  Data  Gb  app_led.o [1]
MemManage_Handler        0x800'dd29     0x2  Code  Gb  stm32f4xx_it.o [16]
Mem_Clr                  0x800'8605     0xc  Code  Gb  lib_mem.o [11]
Mem_Set                  0x800'8611    0x4c  Code  Gb  lib_mem.o [11]
NMI_Handler              0x800'dd25     0x2  Code  Gb  stm32f4xx_it.o [16]
NVIC_Init                0x800'4f4f    0x62  Code  Gb  misc.o [5]
NVIC_PriorityGroupConfig
                         0x800'4f45     0xa  Code  Gb  misc.o [5]
NVIC_SetPriority         0x800'2b85    0x24  Code  Lc  systick.o [2]
NVIC_SetVectorTable      0x800'4fb1     0xc  Code  Gb  misc.o [5]
Ncw_Calculate_AdjVol     0x800'22db    0x2e  Code  Gb  adjustvoltage.o [4]
Nvic_Config              0x800'cfb1    0xa2  Code  Gb  nvic.o [2]
OSCfg_DataSizeRAM        0x800'e4f8     0x4  Data  Gb  os_cfg_app.o [10]
OSCfg_ISRStk            0x2000'5444   0x200  Data  Gb  os_cfg_app.o [10]
OSCfg_ISRStkBasePtr      0x800'e4a4     0x4  Data  Gb  os_cfg_app.o [10]
OSCfg_ISRStkSize         0x800'e4a8     0x4  Data  Gb  os_cfg_app.o [10]
OSCfg_ISRStkSizeRAM      0x800'e4ac     0x4  Data  Gb  os_cfg_app.o [10]
OSCfg_IdleTaskStk       0x2000'5044   0x200  Data  Gb  os_cfg_app.o [10]
OSCfg_IdleTaskStkBasePtr
                         0x800'e47c     0x4  Data  Gb  os_cfg_app.o [10]
[...]
SenFrameCmd             0x2000'0298     0xc  Data  Gb  command_process.o [4]
Send_CmdPackage          0x800'0c5d    0x1e  Code  Gb  command_process.o [4]
SetSysClock              0x800'd783    0xce  Code  Lc  system_stm32f4xx.o [3]
Spi_Dac_Config           0x800'4d0d    0x12  Code  Gb  tlv5626cd.o [4]
Spi_config               0x800'6af9    0xbe  Code  Gb  spi.o [2]
StartTaskTcb            0x2000'5e84    0xc0  Data  Gb  app.o [1]
String                  0x2000'02ac     0x8  Data  Gb  command_process.o [4]
SysMsg                  0x2000'0000    0x94  Data  Gb  system.o [4]
SysOnOffTaskTcb         0x2000'6304    0xc0  Data  Gb  app_sysonoff.o [1]
SysTick_CLKSourceConfig
                         0x800'4fbd    0x20  Code  Gb  misc.o [5]
SysTick_Config           0x800'2ba9    0x2e  Code  Lc  systick.o [2]
SysTick_Handler          0x800'dd33    0x1c  Code  Gb  stm32f4xx_it.o [16]
SysTick_Iint             0x800'2bd7    0x14  Code  Gb  systick.o [2]
Sys_StateChk_Tmr        0x2000'6bb4    0x30  Data  Gb  app.o [1]
SystemInit               0x800'd73d    0x46  Code  Gb  system_stm32f4xx.o [3]
SystemStateInit          0x800'6c05   0x2ec  Code  Gb  system.o [4]
System_OffCtrl           0x800'b621    0x8a  Code  Gb  app_sysonoff.o [1]
System_OnCtrl            0x800'b509   0x118  Code  Gb  app_sysonoff.o [1]
System_OnCtrl::Pwr_OnSequence
                        0x2000'6d4a     0x1  Data  Lc  app_sysonoff.o [1]
System_OnCtrl::cnt      0x2000'6d28     0x2  Data  Lc  app_sysonoff.o [1]
System_PwrKey_Minitor    0x800'6efd    0xb4  Code  Gb  system.o [4]
System_PwrKey_Minitor::startCnt
                        0x2000'6d48     0x2  Data  Lc  system.o [4]
System_PwrKey_Minitor::stateNow
                        0x2000'6d59     0x1  Data  Lc  system.o [4]
System_PwrKey_Minitor::stateOld
                        0x2000'6d5a     0x1  Data  Lc  system.o [4]
System_S3_State_Minitor
                         0x800'6fb1    0x6a  Code  Gb  system.o [4]
System_S3_State_Minitor::startCnt
                        0x2000'6d5b     0x1  Data  Lc  system.o [4]
System_S3_State_Minitor::stateNow
                        0x2000'6d5c     0x1  Data  Lc  system.o [4]
System_S3_State_Minitor::stateOld
                        0x2000'6d5d     0x1  Data  Lc  system.o [4]
TIM2_IRQHandler          0x800'dda1    0x10  Code  Gb  stm32f4xx_it.o [16]
TIM2_IRQHandler_CallBack
                         0x800'd10b    0x20  Code  Gb  timer.o [2]
TIM_ClearITPendingBit    0x800'd1f5     0x8  Code  Gb  stm32f4xx_tim.o [5]
TIM_Cmd                  0x800'd1a5    0x1c  Code  Gb  stm32f4xx_tim.o [5]
TIM_ITConfig             0x800'd1dd    0x18  Code  Gb  stm32f4xx_tim.o [5]
TIM_TimeBaseInit         0x800'd13d    0x68  Code  Gb  stm32f4xx_tim.o [5]
TemperatureTaskTcb      0x2000'63c4    0xc0  Data  Gb  app_temperature.o [1]
TimeStr                 0x2000'02a4     0x8  Data  Gb  command_process.o [4]
TimerBase2_5_Config      0x800'd085    0x5e  Code  Gb  timer.o [2]
TimerConfig              0x800'd0e3    0x28  Code  Gb  timer.o [2]
TimingDelay             0x2000'6cf4     0x4  Data  Gb  systick.o [2]
TimingDelay_Decrement    0x800'2beb    0x14  Code  Gb  systick.o [2]
Tmp468_ReadData          0x800'c45f    0x94  Code  Gb  tmp468.o [4]
UART4_IRQHandler         0x800'dd61    0x10  Code  Gb  stm32f4xx_it.o [16]
USART2_IRQHandler        0x800'dd71    0x10  Code  Gb  stm32f4xx_it.o [16]
USART_ClearITPendingBit
                         0x800'ced9    0x20  Code  Gb  stm32f4xx_usart.o [5]
USART_Cmd                0x800'cdc9    0x1c  Code  Gb  stm32f4xx_usart.o [5]
USART_DMACmd             0x800'cded    0x18  Code  Gb  stm32f4xx_usart.o [5]
USART_GetFlagStatus      0x800'ce59    0x1a  Code  Gb  stm32f4xx_usart.o [5]
USART_GetITStatus        0x800'ce73    0x66  Code  Gb  stm32f4xx_usart.o [5]
USART_ITConfig           0x800'ce05    0x54  Code  Gb  stm32f4xx_usart.o [5]
USART_Init               0x800'cd01    0xba  Code  Gb  stm32f4xx_usart.o [5]
USART_SendData           0x800'cde5     0x8  Code  Gb  stm32f4xx_usart.o [5]
USBD_CDC_cb             0x2000'019c    0x2c  Data  Gb  usbd_cdc_core.o [13]
USBD_ClrCfg              0x800'b26f    0x10  Code  Gb  usbd_core.o [14]
USBD_ClrFeature          0x800'ab85    0x34  Code  Lc  usbd_req.o [14]
USBD_CtlContinueRx       0x800'ace9    0x16  Code  Gb  usbd_ioreq.o [14]
USBD_CtlContinueSendData
                         0x800'aca7    0x16  Code  Gb  usbd_ioreq.o [14]
USBD_CtlError            0x800'abfd    0x1c  Code  Gb  usbd_req.o [14]
USBD_CtlPrepareRx        0x800'acbd    0x2c  Code  Gb  usbd_ioreq.o [14]
USBD_CtlReceiveStatus    0x800'ad23    0x24  Code  Gb  usbd_ioreq.o [14]
USBD_CtlSendData         0x800'ac7b    0x2c  Code  Gb  usbd_ioreq.o [14]
USBD_CtlSendStatus       0x800'acff    0x24  Code  Gb  usbd_ioreq.o [14]
USBD_DCD_INT_cb         0x2000'01c8    0x2c  Data  Gb  usbd_core.o [14]
USBD_DCD_INT_fops       0x2000'02d8     0x4  Data  Gb  usbd_core.o [14]
USBD_DataInStage         0x800'b0db    0xe6  Code  Lc  usbd_core.o [14]
USBD_DataOutStage        0x800'b045    0x96  Code  Lc  usbd_core.o [14]
USBD_DeInit              0x800'aff1     0x4  Code  Gb  usbd_core.o [14]
USBD_DevConnected        0x800'b29b    0x16  Code  Lc  usbd_core.o [14]
USBD_DevDisconnected     0x800'b2b1    0x22  Code  Lc  usbd_core.o [14]
USBD_DeviceDesc         0x2000'025c    0x14  Data  Gb  usbd_desc.o [12]
USBD_GetConfig           0x800'aa71    0x38  Code  Lc  usbd_req.o [14]
USBD_GetDescriptor       0x800'a84b   0x10e  Code  Lc  usbd_req.o [14]
USBD_GetLen              0x800'ac67    0x14  Code  Lc  usbd_req.o [14]
USBD_GetStatus           0x800'aaa9    0x36  Code  Lc  usbd_req.o [14]
USBD_GetString           0x800'ac19    0x4e  Code  Gb  usbd_req.o [14]
USBD_Init                0x800'afad    0x44  Code  Gb  usbd_core.o [14]
USBD_IsoINIncomplete     0x800'b27f     0xe  Code  Lc  usbd_core.o [14]
USBD_IsoOUTIncomplete    0x800'b28d     0xe  Code  Lc  usbd_core.o [14]
USBD_LangIDDesc         0x2000'02dc     0x4  Data  Gb  usbd_desc.o [12]
USBD_OTG_ISR_Handler     0x800'9101    0xf6  Code  Gb  usb_dcd_int.o [15]
USBD_ParseSetupRequest   0x800'abb9    0x44  Code  Gb  usbd_req.o [14]
USBD_Reset               0x800'b1d1    0x30  Code  Lc  usbd_core.o [14]
USBD_Resume              0x800'b201    0x1e  Code  Lc  usbd_core.o [14]
USBD_RunTestMode         0x800'b1c1     0xc  Code  Lc  usbd_core.o [14]
USBD_SOF                 0x800'b23b    0x18  Code  Lc  usbd_core.o [14]
USBD_SetAddress          0x800'a959    0x58  Code  Lc  usbd_req.o [14]
USBD_SetCfg              0x800'b253    0x1c  Code  Gb  usbd_core.o [14]
USBD_SetConfig           0x800'a9b1    0xc0  Code  Lc  usbd_req.o [14]
USBD_SetConfig::cfgidx  0x2000'6d5f     0x1  Data  Lc  usbd_req.o [14]
USBD_SetFeature          0x800'aadf    0x92  Code  Lc  usbd_req.o [14]
USBD_SetupStage          0x800'aff5    0x50  Code  Lc  usbd_core.o [14]
USBD_StdDevReq           0x800'a605    0x58  Code  Gb  usbd_req.o [14]
USBD_StdEPReq            0x800'a6ad   0x19e  Code  Gb  usbd_req.o [14]
USBD_StdItfReq           0x800'a65d    0x50  Code  Gb  usbd_req.o [14]
USBD_StrDesc            0x2000'5d84   0x100  Data  Gb  usbd_desc.o [12]
USBD_StringSerial       0x2000'0210    0x1c  Data  Gb  usbd_desc.o [12]
USBD_Suspend             0x800'b21f    0x1c  Code  Lc  usbd_core.o [14]
USBD_USR_ConfigStrDescriptor
                         0x800'd8cf    0x20  Code  Gb  usbd_desc.o [12]
USBD_USR_DeviceConfigured
                         0x800'1073     0x2  Code  Gb  usbd_usr.o [12]
USBD_USR_DeviceConnected
                         0x800'1079     0x2  Code  Gb  usbd_usr.o [12]
USBD_USR_DeviceDescriptor
                         0x800'd881     0x8  Code  Gb  usbd_desc.o [12]
USBD_USR_DeviceDisconnected
                         0x800'107b     0x2  Code  Gb  usbd_usr.o [12]
USBD_USR_DeviceReset     0x800'1071     0x2  Code  Gb  usbd_usr.o [12]
USBD_USR_DeviceResumed   0x800'1077     0x2  Code  Gb  usbd_usr.o [12]
USBD_USR_DeviceSuspended
                         0x800'1075     0x2  Code  Gb  usbd_usr.o [12]
USBD_USR_Init            0x800'106f     0x2  Code  Gb  usbd_usr.o [12]
USBD_USR_InterfaceStrDescriptor
                         0x800'd8ef    0x20  Code  Gb  usbd_desc.o [12]
USBD_USR_LangIDStrDescriptor
                         0x800'd889     0x8  Code  Gb  usbd_desc.o [12]
USBD_USR_ManufacturerStrDescriptor
                         0x800'd8b1    0x10  Code  Gb  usbd_desc.o [12]
USBD_USR_ProductStrDescriptor
                         0x800'd891    0x20  Code  Gb  usbd_desc.o [12]
USBD_USR_SerialStrDescriptor
                         0x800'd8c1     0xe  Code  Gb  usbd_desc.o [12]
USBD_cdc_GetCfgDesc      0x800'c82d     0x8  Code  Lc  usbd_cdc_core.o [13]
USBD_cfg_status         0x2000'6d20     0x4  Data  Gb  usbd_req.o [14]
USBD_default_cfg        0x2000'6d1c     0x4  Data  Gb  usbd_req.o [14]
USBD_ep_status          0x2000'6d18     0x4  Data  Gb  usbd_req.o [14]
USB_OTG_BSP_EnableInterrupt
                         0x800'90b9    0x2a  Code  Gb  usb_bsp.o [12]
USB_OTG_BSP_Init         0x800'9065    0x4e  Code  Gb  usb_bsp.o [12]
USB_OTG_BSP_mDelay       0x800'90f1     0xe  Code  Gb  usb_bsp.o [12]
USB_OTG_BSP_uDelay       0x800'90e3     0xe  Code  Gb  usb_bsp.o [12]
USB_OTG_CoreInit         0x800'8819    0xb0  Code  Gb  usb_core.o [15]
USB_OTG_CoreInitDev      0x800'8a01   0x172  Code  Gb  usb_core.o [15]
USB_OTG_CoreReset        0x800'867d    0x60  Code  Lc  usb_core.o [15]
USB_OTG_DisableGlobalInt
                         0x800'88e1    0x1a  Code  Gb  usb_core.o [15]
USB_OTG_EP0Activate      0x800'8c01    0x50  Code  Gb  usb_core.o [15]
USB_OTG_EP0StartXfer     0x800'8e8d    0xf0  Code  Gb  usb_core.o [15]
USB_OTG_EP0_OutStart     0x800'902d    0x36  Code  Gb  usb_core.o [15]
USB_OTG_EPActivate       0x800'8c51    0x70  Code  Gb  usb_core.o [15]
USB_OTG_EPClearStall     0x800'8fbb    0x3e  Code  Gb  usb_core.o [15]
USB_OTG_EPDeactivate     0x800'8cc1    0x60  Code  Gb  usb_core.o [15]
USB_OTG_EPSetStall       0x800'8f7d    0x3e  Code  Gb  usb_core.o [15]
USB_OTG_EPStartXfer      0x800'8d21   0x16c  Code  Gb  usb_core.o [15]
USB_OTG_EnableCommonInt
                         0x800'865d    0x20  Code  Lc  usb_core.o [15]
USB_OTG_EnableDevInt     0x800'8b73    0x60  Code  Gb  usb_core.o [15]
USB_OTG_EnableGlobalInt
                         0x800'88c9    0x18  Code  Gb  usb_core.o [15]
USB_OTG_FlushRxFifo      0x800'8943    0x40  Code  Gb  usb_core.o [15]
USB_OTG_FlushTxFifo      0x800'88fb    0x48  Code  Gb  usb_core.o [15]
USB_OTG_GetDeviceSpeed   0x800'8bd3    0x2e  Code  Gb  usb_core.o [15]
USB_OTG_GetMode          0x800'89c5     0xa  Code  Gb  usb_core.o [15]
USB_OTG_InitDevSpeed     0x800'89f3     0xe  Code  Gb  usb_core.o [15]
USB_OTG_IsDeviceMode     0x800'89cf    0x14  Code  Gb  usb_core.o [15]
USB_OTG_ReadCoreItr      0x800'89e3    0x10  Code  Gb  usb_core.o [15]
USB_OTG_ReadDevAllInEPItr
                         0x800'901d    0x10  Code  Gb  usb_core.o [15]
USB_OTG_ReadDevAllOutEp_itr
                         0x800'8ff9    0x10  Code  Gb  usb_core.o [15]
USB_OTG_ReadDevOutEP_itr
                         0x800'9009    0x14  Code  Gb  usb_core.o [15]
USB_OTG_ReadPacket       0x800'8717    0x28  Code  Gb  usb_core.o [15]
USB_OTG_SelectCore       0x800'873f    0xda  Code  Gb  usb_core.o [15]
USB_OTG_SetCurrentMode   0x800'898d    0x38  Code  Gb  usb_core.o [15]
USB_OTG_WritePacket      0x800'86dd    0x3a  Code  Gb  usb_core.o [15]
USB_OTG_dev             0x2000'2920   0x5f4  Data  Gb  board.o [2]
USB_Rx_Buffer           0x2000'6b74    0x40  Data  Gb  usbd_cdc_core.o [13]
USB_Tx_Buffer           0x2000'6b34    0x40  Data  Gb  app_usb.o [1]
USB_Tx_State            0x2000'6d5e     0x1  Data  Gb  usbd_cdc_core.o [13]
USR_cb                  0x2000'022c    0x1c  Data  Gb  usbd_usr.o [12]
USR_desc                0x2000'01f4    0x1c  Data  Gb  usbd_desc.o [12]
US_PWR_ID_IN             0x800'10d7    0x32  Code  Gb  ds2431.o [4]
US_PWR_ID_OUT            0x800'10a5    0x32  Code  Gb  ds2431.o [4]
Update_EcInfo            0x800'0189   0x356  Code  Gb  command_process.o [4]
UsPowerId               0x2000'6c20    0x10  Data  Gb  ds2431.o [4]
UsageFault_Handler       0x800'dd2d     0x2  Code  Gb  stm32f4xx_it.o [16]
Usart_Init               0x800'cb61    0x92  Code  Gb  usart.o [2]
UsbTaskTcb              0x2000'6484    0xc0  Data  Gb  app_usb.o [1]
VCP_CheckDataReceived    0x800'd535     0x6  Code  Gb  usbd_cdc_vcp.o [12]
VCP_Ctrl                 0x800'd4f1     0x4  Code  Lc  usbd_cdc_vcp.o [12]
VCP_DataRx               0x800'd52d     0x8  Code  Lc  usbd_cdc_vcp.o [12]
VCP_DataTx               0x800'd4f5    0x38  Code  Lc  usbd_cdc_vcp.o [12]
VCP_DeInit               0x800'd4ed     0x4  Code  Lc  usbd_cdc_vcp.o [12]
VCP_Init                 0x800'd4e9     0x4  Code  Lc  usbd_cdc_vcp.o [12]
VCP_fops                0x2000'0248    0x14  Data  Gb  usbd_cdc_vcp.o [12]
V_AdcDma_Config          0x800'ca07    0x5a  Code  Gb  board.o [2]
Vnn_Calculate_AdjVol     0x800'2267    0x46  Code  Gb  adjustvoltage.o [4]
Vpp_Calculate_AdjVol     0x800'2219    0x4e  Code  Gb  adjustvoltage.o [4]
Write_UsPowerId          0x800'12b5    0x26  Code  Gb  ds2431.o [4]
_LitobSmallNoMb          0x800'287b    0xd0  Code  Lc  xprintfsmall_nomb.o [17]
_LocaleC_isupper         0x800'6ad9     0x2  Code  Gb  xlocale_c.o [17]
_LocaleC_tolower         0x800'6ae5     0xc  Code  Gb  xlocale_c.o [17]
_PrintfSmallNoMb         0x800'24c1   0x3b0  Code  Gb  xprintfsmall_nomb.o [17]
_Prout                   0x800'e2a1    0x16  Code  Gb  xprout.o [17]
_PutcharSmallNoMb        0x800'294b    0x20  Code  Lc  xprintfsmall_nomb.o [17]
_PutcharsSmallNoMb       0x800'296b    0x2e  Code  Lc  xprintfsmall_nomb.o [17]
__aeabi_d2f              0x800'48d5          Code  Gb  DblToFlt.o [18]
__aeabi_d2iz             0x800'4b31          Code  Gb  DblToS32.o [18]
__aeabi_d2uiz            0x800'6891          Code  Gb  DblToU32.o [18]
__aeabi_dadd             0x800'4675          Code  Gb  DblAddSub.o [18]
__aeabi_ddiv             0x800'442d          Code  Gb  DblDiv.o [18]
__aeabi_dmul             0x800'4985          Code  Gb  DblMul.o [18]
__aeabi_dsub             0x800'47f1          Code  Gb  DblAddSub.o [18]
__aeabi_f2d              0x800'493d          Code  Gb  FltToDbl.o [18]
__aeabi_fmul             0x800'4b69          Code  Gb  FltMul.o [18]
__aeabi_memcpy           0x800'0fc9          Code  Gb  ABImemcpy.o [19]
__aeabi_memcpy4          0x800'0fe9          Code  Gb  ABImemcpy.o [19]
__aeabi_memcpy8          0x800'0fe9          Code  Gb  ABImemcpy.o [19]
__aeabi_memset           0x800'c171          Code  Gb  ABImemset.o [19]
__aeabi_ui2d             0x800'4411          Code  Gb  U32ToDbl.o [18]
__cmain                  0x800'e1cd          Code  Gb  cmain.o [19]
__exit                   0x800'85f1    0x14  Code  Gb  exit.o [20]
__iar_Fail_s             0x800'4e75    0x1c  Code  Gb  xfail_s.o [17]
__iar_Memchr             0x800'4eed          Code  Gb  memchr.o [19]
__iar_Memset             0x800'c171          Code  Gb  ABImemset.o [19]
__iar_Memset_word        0x800'c179          Code  Gb  ABImemset.o [19]
__iar_Stdout            0x2000'00dc    0x48  Data  Gb  xfiles.o [17]
__iar_Strchr             0x800'4e5d          Code  Gb  strchr.o [19]
__iar_data_init3         0x800'e021    0x28  Code  Gb  data_init.o [19]
__iar_globLocale        0x2000'0094    0x48  Data  Lc  xlocale_c.o [17]
__iar_global_Locale      0x800'6af1     0x4  Code  Gb  xlocale_c.o [17]
__iar_packbits_init3     0x800'dc81    0xa2  Code  Gb  packbits_init.o [19]
__iar_program_start      0x800'e255          Code  Gb  cstartup_M.o [19]
__iar_zero_init3         0x800'de61    0x38  Code  Gb  zero_init3.o [19]
__low_level_init         0x800'e1eb     0x4  Code  Gb  low_level_init.o [17]
__vector_table           0x800'0000          Data  Gb  startup_stm32f40_41xxx.o [3]
_call_main               0x800'e1d9          Code  Gb  cmain.o [19]
_exit                    0x800'e1f5          Code  Gb  cexit.o [19]
abort                    0x800'703d     0x6  Code  Gb  abort.o [17]
abs                      0x800'2c6d     0x8  Code  Gb  abs.o [17]
cb_Sys_StateChk_Tmr      0x800'e405    0x10  Code  Gb  app_timer.o [1]
cdcCmd                  0x2000'02d4     0x4  Data  Lc  usbd_cdc_core.o [13]
cdcLen                  0x2000'6d08     0x4  Data  Lc  usbd_cdc_core.o [13]
delay_os_lock            0x800'2bff     0xa  Code  Gb  systick.o [2]
delay_os_unlock          0x800'2c09     0xa  Code  Gb  systick.o [2]
delay_us_os              0x800'2c13    0x40  Code  Gb  systick.o [2]
exit                     0x800'e1ef     0x4  Code  Gb  exit.o [17]
fputc                    0x800'cbf3    0x20  Code  Gb  usart.o [2]
main                     0x800'ddb1    0x6c  Code  Gb  main.o [16]
memchr                   0x800'4eed          Code  Gb  memchr.o [19]
obuf                    0x2000'6ae4    0x50  Data  Lc  xfiles.o [17]
printf                   0x800'107d    0x28  Code  Gb  printf.o [17]
putchar                  0x800'e2b9     0xc  Code  Gb  putchar.o [17]
receive_count           0x2000'6d10     0x4  Data  Gb  usbd_cdc_vcp.o [12]
sec_hand                0x2000'6d24     0x4  Data  Lc  xfail_s.o [17]
strchr                   0x800'4e5d          Code  Gb  strchr.o [19]
strlen                   0x800'4eb5          Code  Gb  strlen.o [19]
strncasecmp              0x800'21d9    0x3e  Code  Gb  strncasecmp.o [17]
tolower                  0x800'43fd    0x14  Code  Gb  tolower.o [17]
usbd_cdc_AltSet         0x2000'6cf8     0x4  Data  Lc  usbd_cdc_core.o [13]
usbd_cdc_CfgDesc        0x2000'0124    0x44  Data  Gb  usbd_cdc_core.o [13]
usbd_cdc_DataIn          0x800'c68d    0x94  Code  Gb  usbd_cdc_core.o [13]
usbd_cdc_DataOut         0x800'c721    0x2c  Code  Gb  usbd_cdc_core.o [13]
usbd_cdc_DeInit          0x800'c591    0x26  Code  Gb  usbd_cdc_core.o [13]
usbd_cdc_EP0_RxReady     0x800'c669    0x24  Code  Gb  usbd_cdc_core.o [13]
usbd_cdc_Init            0x800'c549    0x48  Code  Gb  usbd_cdc_core.o [13]
usbd_cdc_SOF             0x800'c74d    0x1e  Code  Gb  usbd_cdc_core.o [13]
usbd_cdc_SOF::FrameCount
                        0x2000'6d0c     0x4  Data  Lc  usbd_cdc_core.o [13]
usbd_cdc_Setup           0x800'c5b7    0xb2  Code  Gb  usbd_cdc_core.o [13]


[1] = C:\Users\LIANMENG\Desktop\AX9-PROJECT-IAR\AX9_V1.00\APP\source\USER\Debug\Obj\APP
[2] = C:\Users\LIANMENG\Desktop\AX9-PROJECT-IAR\AX9_V1.00\APP\source\USER\Debug\Obj\BSP
[3] = C:\Users\LIANMENG\Desktop\AX9-PROJECT-IAR\AX9_V1.00\APP\source\USER\Debug\Obj\CMSIS
[4] = C:\Users\LIANMENG\Desktop\AX9-PROJECT-IAR\AX9_V1.00\APP\source\USER\Debug\Obj\DEVICE
[5] = C:\Users\LIANMENG\Desktop\AX9-PROJECT-IAR\AX9_V1.00\APP\source\USER\Debug\Obj\FWLIB
[6] = C:\Users\LIANMENG\Desktop\AX9-PROJECT-IAR\AX9_V1.00\APP\source\USER\Debug\Obj\UCOSIII\uCOS-BSP
[7] = C:\Users\LIANMENG\Desktop\AX9-PROJECT-IAR\AX9_V1.00\APP\source\USER\Debug\Obj\UCOSIII\uCOS-CONFIG
[8] = C:\Users\LIANMENG\Desktop\AX9-PROJECT-IAR\AX9_V1.00\APP\source\USER\Debug\Obj\UCOSIII\uCOS-CPU
[9] = C:\Users\LIANMENG\Desktop\AX9-PROJECT-IAR\AX9_V1.00\APP\source\USER\Debug\Obj\UCOSIII\uCOS-III\Port
[10] = C:\Users\LIANMENG\Desktop\AX9-PROJECT-IAR\AX9_V1.00\APP\source\USER\Debug\Obj\UCOSIII\uCOS-III\Source
[11] = C:\Users\LIANMENG\Desktop\AX9-PROJECT-IAR\AX9_V1.00\APP\source\USER\Debug\Obj\UCOSIII\uCOSIII-LIB
[12] = C:\Users\LIANMENG\Desktop\AX9-PROJECT-IAR\AX9_V1.00\APP\source\USER\Debug\Obj\USB\USB-APP
[13] = C:\Users\LIANMENG\Desktop\AX9-PROJECT-IAR\AX9_V1.00\APP\source\USER\Debug\Obj\USB\USB-DEVICE
[14] = C:\Users\LIANMENG\Desktop\AX9-PROJECT-IAR\AX9_V1.00\APP\source\USER\Debug\Obj\USB\USB-DRIVER
[15] = C:\Users\LIANMENG\Desktop\AX9-PROJECT-IAR\AX9_V1.00\APP\source\USER\Debug\Obj\USB\USB-OTG
[16] = C:\Users\LIANMENG\Desktop\AX9-PROJECT-IAR\AX9_V1.00\APP\source\USER\Debug\Obj\USER
[17] = dl7M_tlf.a
[18] = m7M_tl.a
[19] = rt7M_tl.a
[20] = shb_l.a

  57'363 bytes of readonly  code memory
   2'123 bytes of readonly  data memory
  36'192 bytes of readwrite data memory

Errors: none
Warnings: none
