###############################################################################
#
# IAR ELF Linker V9.10.1.308/W64 for ARM                  22/Jul/2021  14:27:59
# Copyright 2007-2021 IAR Systems AB.
#
#    Output file  =
#        C:\Users\LIANMENG\Desktop\AX9-PROJECT-IAR\AX9_V1.00\APP\source\USER\Debug\Exe\AX9.out
#    Map file     =
#        C:\Users\LIANMENG\Desktop\AX9-PROJECT-IAR\AX9_V1.00\APP\source\USER\Debug\List\AX9.map
#    Command line =
#        -f
#        C:\Users\LIANMENG\Desktop\AX9-PROJECT-IAR\AX9_V1.00\APP\source\USER\Debug\Exe\AX9.out.rsp
#        (C:\Users\LIANMENG\Desktop\AX9-PROJECT-IAR\AX9_V1.00\APP\source\USER\Debug\Obj\BSP\adc.o
#        C:\Users\LIANMENG\Desktop\AX9-PROJECT-IAR\AX9_V1.00\APP\source\USER\Debug\Obj\DEVICE\adjustvoltage.o
#        C:\Users\LIANMENG\Desktop\AX9-PROJECT-IAR\AX9_V1.00\APP\source\USER\Debug\Obj\DEVICE\adt7302.o
#        C:\Users\LIANMENG\Desktop\AX9-PROJECT-IAR\AX9_V1.00\APP\source\USER\Debug\Obj\APP\app.o
#        C:\Users\LIANMENG\Desktop\AX9-PROJECT-IAR\AX9_V1.00\APP\source\USER\Debug\Obj\APP\app_adc.o
#        C:\Users\LIANMENG\Desktop\AX9-PROJECT-IAR\AX9_V1.00\APP\source\USER\Debug\Obj\APP\app_adjvol.o
#        C:\Users\LIANMENG\Desktop\AX9-PROJECT-IAR\AX9_V1.00\APP\source\USER\Debug\Obj\APP\app_com.o
#        C:\Users\LIANMENG\Desktop\AX9-PROJECT-IAR\AX9_V1.00\APP\source\USER\Debug\Obj\APP\app_fan.o
#        C:\Users\LIANMENG\Desktop\AX9-PROJECT-IAR\AX9_V1.00\APP\source\USER\Debug\Obj\APP\app_led.o
#        C:\Users\LIANMENG\Desktop\AX9-PROJECT-IAR\AX9_V1.00\APP\source\USER\Debug\Obj\APP\app_pwrmanager.o
#        C:\Users\LIANMENG\Desktop\AX9-PROJECT-IAR\AX9_V1.00\APP\source\USER\Debug\Obj\APP\app_sysonoff.o
#        C:\Users\LIANMENG\Desktop\AX9-PROJECT-IAR\AX9_V1.00\APP\source\USER\Debug\Obj\APP\app_temperature.o
#        C:\Users\LIANMENG\Desktop\AX9-PROJECT-IAR\AX9_V1.00\APP\source\USER\Debug\Obj\APP\app_timer.o
#        C:\Users\LIANMENG\Desktop\AX9-PROJECT-IAR\AX9_V1.00\APP\source\USER\Debug\Obj\APP\app_usb.o
#        C:\Users\LIANMENG\Desktop\AX9-PROJECT-IAR\AX9_V1.00\APP\source\USER\Debug\Obj\DEVICE\bat1.o
#        C:\Users\LIANMENG\Desktop\AX9-PROJECT-IAR\AX9_V1.00\APP\source\USER\Debug\Obj\DEVICE\bat2.o
#        C:\Users\LIANMENG\Desktop\AX9-PROJECT-IAR\AX9_V1.00\APP\source\USER\Debug\Obj\BSP\board.o
#        C:\Users\LIANMENG\Desktop\AX9-PROJECT-IAR\AX9_V1.00\APP\source\USER\Debug\Obj\UCOSIII\uCOS-BSP\bsp.o
#        C:\Users\LIANMENG\Desktop\AX9-PROJECT-IAR\AX9_V1.00\APP\source\USER\Debug\Obj\DEVICE\command_process.o
#        C:\Users\LIANMENG\Desktop\AX9-PROJECT-IAR\AX9_V1.00\APP\source\USER\Debug\Obj\UCOSIII\uCOS-CPU\cpu_a.o
#        C:\Users\LIANMENG\Desktop\AX9-PROJECT-IAR\AX9_V1.00\APP\source\USER\Debug\Obj\UCOSIII\uCOS-CPU\cpu_c.o
#        C:\Users\LIANMENG\Desktop\AX9-PROJECT-IAR\AX9_V1.00\APP\source\USER\Debug\Obj\UCOSIII\uCOS-CPU\cpu_core.o
#        C:\Users\LIANMENG\Desktop\AX9-PROJECT-IAR\AX9_V1.00\APP\source\USER\Debug\Obj\BSP\dac.o
#        C:\Users\LIANMENG\Desktop\AX9-PROJECT-IAR\AX9_V1.00\APP\source\USER\Debug\Obj\BSP\dma.o
#        C:\Users\LIANMENG\Desktop\AX9-PROJECT-IAR\AX9_V1.00\APP\source\USER\Debug\Obj\DEVICE\ds2431.o
#        C:\Users\LIANMENG\Desktop\AX9-PROJECT-IAR\AX9_V1.00\APP\source\USER\Debug\Obj\DEVICE\emc2305.o
#        C:\Users\LIANMENG\Desktop\AX9-PROJECT-IAR\AX9_V1.00\APP\source\USER\Debug\Obj\BSP\gpio.o
#        C:\Users\LIANMENG\Desktop\AX9-PROJECT-IAR\AX9_V1.00\APP\source\USER\Debug\Obj\BSP\iic.o
#        C:\Users\LIANMENG\Desktop\AX9-PROJECT-IAR\AX9_V1.00\APP\source\USER\Debug\Obj\UCOSIII\uCOSIII-LIB\lib_ascii.o
#        C:\Users\LIANMENG\Desktop\AX9-PROJECT-IAR\AX9_V1.00\APP\source\USER\Debug\Obj\UCOSIII\uCOSIII-LIB\lib_math.o
#        C:\Users\LIANMENG\Desktop\AX9-PROJECT-IAR\AX9_V1.00\APP\source\USER\Debug\Obj\UCOSIII\uCOSIII-LIB\lib_mem.o
#        C:\Users\LIANMENG\Desktop\AX9-PROJECT-IAR\AX9_V1.00\APP\source\USER\Debug\Obj\UCOSIII\uCOSIII-LIB\lib_mem_a.o
#        C:\Users\LIANMENG\Desktop\AX9-PROJECT-IAR\AX9_V1.00\APP\source\USER\Debug\Obj\UCOSIII\uCOSIII-LIB\lib_str.o
#        C:\Users\LIANMENG\Desktop\AX9-PROJECT-IAR\AX9_V1.00\APP\source\USER\Debug\Obj\USER\main.o
#        C:\Users\LIANMENG\Desktop\AX9-PROJECT-IAR\AX9_V1.00\APP\source\USER\Debug\Obj\FWLIB\misc.o
#        C:\Users\LIANMENG\Desktop\AX9-PROJECT-IAR\AX9_V1.00\APP\source\USER\Debug\Obj\BSP\nvic.o
#        C:\Users\LIANMENG\Desktop\AX9-PROJECT-IAR\AX9_V1.00\APP\source\USER\Debug\Obj\UCOSIII\uCOS-CONFIG\os_app_hooks.o
#        C:\Users\LIANMENG\Desktop\AX9-PROJECT-IAR\AX9_V1.00\APP\source\USER\Debug\Obj\UCOSIII\uCOS-III\Source\os_cfg_app.o
#        C:\Users\LIANMENG\Desktop\AX9-PROJECT-IAR\AX9_V1.00\APP\source\USER\Debug\Obj\UCOSIII\uCOS-III\Source\os_core.o
#        C:\Users\LIANMENG\Desktop\AX9-PROJECT-IAR\AX9_V1.00\APP\source\USER\Debug\Obj\UCOSIII\uCOS-III\Port\os_cpu_a.o
#        C:\Users\LIANMENG\Desktop\AX9-PROJECT-IAR\AX9_V1.00\APP\source\USER\Debug\Obj\UCOSIII\uCOS-III\Port\os_cpu_c.o
#        C:\Users\LIANMENG\Desktop\AX9-PROJECT-IAR\AX9_V1.00\APP\source\USER\Debug\Obj\UCOSIII\uCOS-III\Source\os_dbg.o
#        C:\Users\LIANMENG\Desktop\AX9-PROJECT-IAR\AX9_V1.00\APP\source\USER\Debug\Obj\UCOSIII\uCOS-III\Source\os_flag.o
#        C:\Users\LIANMENG\Desktop\AX9-PROJECT-IAR\AX9_V1.00\APP\source\USER\Debug\Obj\UCOSIII\uCOS-III\Source\os_int.o
#        C:\Users\LIANMENG\Desktop\AX9-PROJECT-IAR\AX9_V1.00\APP\source\USER\Debug\Obj\UCOSIII\uCOS-III\Source\os_mem.o
#        C:\Users\LIANMENG\Desktop\AX9-PROJECT-IAR\AX9_V1.00\APP\source\USER\Debug\Obj\UCOSIII\uCOS-III\Source\os_msg.o
#        C:\Users\LIANMENG\Desktop\AX9-PROJECT-IAR\AX9_V1.00\APP\source\USER\Debug\Obj\UCOSIII\uCOS-III\Source\os_mutex.o
#        C:\Users\LIANMENG\Desktop\AX9-PROJECT-IAR\AX9_V1.00\APP\source\USER\Debug\Obj\UCOSIII\uCOS-III\Source\os_pend_multi.o
#        C:\Users\LIANMENG\Desktop\AX9-PROJECT-IAR\AX9_V1.00\APP\source\USER\Debug\Obj\UCOSIII\uCOS-III\Source\os_prio.o
#        C:\Users\LIANMENG\Desktop\AX9-PROJECT-IAR\AX9_V1.00\APP\source\USER\Debug\Obj\UCOSIII\uCOS-III\Source\os_q.o
#        C:\Users\LIANMENG\Desktop\AX9-PROJECT-IAR\AX9_V1.00\APP\source\USER\Debug\Obj\UCOSIII\uCOS-III\Source\os_sem.o
#        C:\Users\LIANMENG\Desktop\AX9-PROJECT-IAR\AX9_V1.00\APP\source\USER\Debug\Obj\UCOSIII\uCOS-III\Source\os_stat.o
#        C:\Users\LIANMENG\Desktop\AX9-PROJECT-IAR\AX9_V1.00\APP\source\USER\Debug\Obj\UCOSIII\uCOS-III\Source\os_task.o
#        C:\Users\LIANMENG\Desktop\AX9-PROJECT-IAR\AX9_V1.00\APP\source\USER\Debug\Obj\UCOSIII\uCOS-III\Source\os_tick.o
#        C:\Users\LIANMENG\Desktop\AX9-PROJECT-IAR\AX9_V1.00\APP\source\USER\Debug\Obj\UCOSIII\uCOS-III\Source\os_time.o
#        C:\Users\LIANMENG\Desktop\AX9-PROJECT-IAR\AX9_V1.00\APP\source\USER\Debug\Obj\UCOSIII\uCOS-III\Source\os_tmr.o
#        C:\Users\LIANMENG\Desktop\AX9-PROJECT-IAR\AX9_V1.00\APP\source\USER\Debug\Obj\UCOSIII\uCOS-III\Source\os_var.o
#        C:\Users\LIANMENG\Desktop\AX9-PROJECT-IAR\AX9_V1.00\APP\source\USER\Debug\Obj\DEVICE\power.o
#        C:\Users\LIANMENG\Desktop\AX9-PROJECT-IAR\AX9_V1.00\APP\source\USER\Debug\Obj\BSP\spi.o
#        C:\Users\LIANMENG\Desktop\AX9-PROJECT-IAR\AX9_V1.00\APP\source\USER\Debug\Obj\CMSIS\startup_stm32f40_41xxx.o
#        C:\Users\LIANMENG\Desktop\AX9-PROJECT-IAR\AX9_V1.00\APP\source\USER\Debug\Obj\FWLIB\stm32f4xx_adc.o
#        C:\Users\LIANMENG\Desktop\AX9-PROJECT-IAR\AX9_V1.00\APP\source\USER\Debug\Obj\FWLIB\stm32f4xx_can.o
#        C:\Users\LIANMENG\Desktop\AX9-PROJECT-IAR\AX9_V1.00\APP\source\USER\Debug\Obj\FWLIB\stm32f4xx_cec.o
#        C:\Users\LIANMENG\Desktop\AX9-PROJECT-IAR\AX9_V1.00\APP\source\USER\Debug\Obj\FWLIB\stm32f4xx_crc.o
#        C:\Users\LIANMENG\Desktop\AX9-PROJECT-IAR\AX9_V1.00\APP\source\USER\Debug\Obj\FWLIB\stm32f4xx_cryp.o
#        C:\Users\LIANMENG\Desktop\AX9-PROJECT-IAR\AX9_V1.00\APP\source\USER\Debug\Obj\FWLIB\stm32f4xx_cryp_aes.o
#        C:\Users\LIANMENG\Desktop\AX9-PROJECT-IAR\AX9_V1.00\APP\source\USER\Debug\Obj\FWLIB\stm32f4xx_cryp_des.o
#        C:\Users\LIANMENG\Desktop\AX9-PROJECT-IAR\AX9_V1.00\APP\source\USER\Debug\Obj\FWLIB\stm32f4xx_cryp_tdes.o
#        C:\Users\LIANMENG\Desktop\AX9-PROJECT-IAR\AX9_V1.00\APP\source\USER\Debug\Obj\FWLIB\stm32f4xx_dac.o
#        C:\Users\LIANMENG\Desktop\AX9-PROJECT-IAR\AX9_V1.00\APP\source\USER\Debug\Obj\FWLIB\stm32f4xx_dbgmcu.o
#        C:\Users\LIANMENG\Desktop\AX9-PROJECT-IAR\AX9_V1.00\APP\source\USER\Debug\Obj\FWLIB\stm32f4xx_dcmi.o
#        C:\Users\LIANMENG\Desktop\AX9-PROJECT-IAR\AX9_V1.00\APP\source\USER\Debug\Obj\FWLIB\stm32f4xx_dfsdm.o
#        C:\Users\LIANMENG\Desktop\AX9-PROJECT-IAR\AX9_V1.00\APP\source\USER\Debug\Obj\FWLIB\stm32f4xx_dma.o
#        C:\Users\LIANMENG\Desktop\AX9-PROJECT-IAR\AX9_V1.00\APP\source\USER\Debug\Obj\FWLIB\stm32f4xx_dma2d.o
#        C:\Users\LIANMENG\Desktop\AX9-PROJECT-IAR\AX9_V1.00\APP\source\USER\Debug\Obj\FWLIB\stm32f4xx_dsi.o
#        C:\Users\LIANMENG\Desktop\AX9-PROJECT-IAR\AX9_V1.00\APP\source\USER\Debug\Obj\FWLIB\stm32f4xx_exti.o
#        C:\Users\LIANMENG\Desktop\AX9-PROJECT-IAR\AX9_V1.00\APP\source\USER\Debug\Obj\FWLIB\stm32f4xx_flash.o
#        C:\Users\LIANMENG\Desktop\AX9-PROJECT-IAR\AX9_V1.00\APP\source\USER\Debug\Obj\FWLIB\stm32f4xx_flash_ramfunc.o
#        C:\Users\LIANMENG\Desktop\AX9-PROJECT-IAR\AX9_V1.00\APP\source\USER\Debug\Obj\FWLIB\stm32f4xx_fmpi2c.o
#        C:\Users\LIANMENG\Desktop\AX9-PROJECT-IAR\AX9_V1.00\APP\source\USER\Debug\Obj\FWLIB\stm32f4xx_fsmc.o
#        C:\Users\LIANMENG\Desktop\AX9-PROJECT-IAR\AX9_V1.00\APP\source\USER\Debug\Obj\FWLIB\stm32f4xx_gpio.o
#        C:\Users\LIANMENG\Desktop\AX9-PROJECT-IAR\AX9_V1.00\APP\source\USER\Debug\Obj\FWLIB\stm32f4xx_hash.o
#        C:\Users\LIANMENG\Desktop\AX9-PROJECT-IAR\AX9_V1.00\APP\source\USER\Debug\Obj\FWLIB\stm32f4xx_hash_md5.o
#        C:\Users\LIANMENG\Desktop\AX9-PROJECT-IAR\AX9_V1.00\APP\source\USER\Debug\Obj\FWLIB\stm32f4xx_hash_sha1.o
#        C:\Users\LIANMENG\Desktop\AX9-PROJECT-IAR\AX9_V1.00\APP\source\USER\Debug\Obj\FWLIB\stm32f4xx_i2c.o
#        C:\Users\LIANMENG\Desktop\AX9-PROJECT-IAR\AX9_V1.00\APP\source\USER\Debug\Obj\USER\stm32f4xx_it.o
#        C:\Users\LIANMENG\Desktop\AX9-PROJECT-IAR\AX9_V1.00\APP\source\USER\Debug\Obj\FWLIB\stm32f4xx_iwdg.o
#        C:\Users\LIANMENG\Desktop\AX9-PROJECT-IAR\AX9_V1.00\APP\source\USER\Debug\Obj\FWLIB\stm32f4xx_lptim.o
#        C:\Users\LIANMENG\Desktop\AX9-PROJECT-IAR\AX9_V1.00\APP\source\USER\Debug\Obj\FWLIB\stm32f4xx_ltdc.o
#        C:\Users\LIANMENG\Desktop\AX9-PROJECT-IAR\AX9_V1.00\APP\source\USER\Debug\Obj\FWLIB\stm32f4xx_pwr.o
#        C:\Users\LIANMENG\Desktop\AX9-PROJECT-IAR\AX9_V1.00\APP\source\USER\Debug\Obj\FWLIB\stm32f4xx_qspi.o
#        C:\Users\LIANMENG\Desktop\AX9-PROJECT-IAR\AX9_V1.00\APP\source\USER\Debug\Obj\FWLIB\stm32f4xx_rcc.o
#        C:\Users\LIANMENG\Desktop\AX9-PROJECT-IAR\AX9_V1.00\APP\source\USER\Debug\Obj\FWLIB\stm32f4xx_rng.o
#        C:\Users\LIANMENG\Desktop\AX9-PROJECT-IAR\AX9_V1.00\APP\source\USER\Debug\Obj\FWLIB\stm32f4xx_rtc.o
#        C:\Users\LIANMENG\Desktop\AX9-PROJECT-IAR\AX9_V1.00\APP\source\USER\Debug\Obj\FWLIB\stm32f4xx_sai.o
#        C:\Users\LIANMENG\Desktop\AX9-PROJECT-IAR\AX9_V1.00\APP\source\USER\Debug\Obj\FWLIB\stm32f4xx_sdio.o
#        C:\Users\LIANMENG\Desktop\AX9-PROJECT-IAR\AX9_V1.00\APP\source\USER\Debug\Obj\FWLIB\stm32f4xx_spdifrx.o
#        C:\Users\LIANMENG\Desktop\AX9-PROJECT-IAR\AX9_V1.00\APP\source\USER\Debug\Obj\FWLIB\stm32f4xx_spi.o
#        C:\Users\LIANMENG\Desktop\AX9-PROJECT-IAR\AX9_V1.00\APP\source\USER\Debug\Obj\FWLIB\stm32f4xx_syscfg.o
#        C:\Users\LIANMENG\Desktop\AX9-PROJECT-IAR\AX9_V1.00\APP\source\USER\Debug\Obj\FWLIB\stm32f4xx_tim.o
#        C:\Users\LIANMENG\Desktop\AX9-PROJECT-IAR\AX9_V1.00\APP\source\USER\Debug\Obj\FWLIB\stm32f4xx_usart.o
#        C:\Users\LIANMENG\Desktop\AX9-PROJECT-IAR\AX9_V1.00\APP\source\USER\Debug\Obj\FWLIB\stm32f4xx_wwdg.o
#        C:\Users\LIANMENG\Desktop\AX9-PROJECT-IAR\AX9_V1.00\APP\source\USER\Debug\Obj\DEVICE\system.o
#        C:\Users\LIANMENG\Desktop\AX9-PROJECT-IAR\AX9_V1.00\APP\source\USER\Debug\Obj\CMSIS\system_stm32f4xx.o
#        C:\Users\LIANMENG\Desktop\AX9-PROJECT-IAR\AX9_V1.00\APP\source\USER\Debug\Obj\BSP\systick.o
#        C:\Users\LIANMENG\Desktop\AX9-PROJECT-IAR\AX9_V1.00\APP\source\USER\Debug\Obj\BSP\timer.o
#        C:\Users\LIANMENG\Desktop\AX9-PROJECT-IAR\AX9_V1.00\APP\source\USER\Debug\Obj\DEVICE\tlv5626cd.o
#        C:\Users\LIANMENG\Desktop\AX9-PROJECT-IAR\AX9_V1.00\APP\source\USER\Debug\Obj\DEVICE\tmp468.o
#        C:\Users\LIANMENG\Desktop\AX9-PROJECT-IAR\AX9_V1.00\APP\source\USER\Debug\Obj\BSP\usart.o
#        C:\Users\LIANMENG\Desktop\AX9-PROJECT-IAR\AX9_V1.00\APP\source\USER\Debug\Obj\USB\USB-APP\usb_bsp.o
#        C:\Users\LIANMENG\Desktop\AX9-PROJECT-IAR\AX9_V1.00\APP\source\USER\Debug\Obj\USB\USB-OTG\usb_core.o
#        C:\Users\LIANMENG\Desktop\AX9-PROJECT-IAR\AX9_V1.00\APP\source\USER\Debug\Obj\USB\USB-OTG\usb_dcd.o
#        C:\Users\LIANMENG\Desktop\AX9-PROJECT-IAR\AX9_V1.00\APP\source\USER\Debug\Obj\USB\USB-OTG\usb_dcd_int.o
#        C:\Users\LIANMENG\Desktop\AX9-PROJECT-IAR\AX9_V1.00\APP\source\USER\Debug\Obj\USB\USB-DEVICE\usbd_cdc_core.o
#        C:\Users\LIANMENG\Desktop\AX9-PROJECT-IAR\AX9_V1.00\APP\source\USER\Debug\Obj\USB\USB-APP\usbd_cdc_vcp.o
#        C:\Users\LIANMENG\Desktop\AX9-PROJECT-IAR\AX9_V1.00\APP\source\USER\Debug\Obj\USB\USB-DRIVER\usbd_core.o
#        C:\Users\LIANMENG\Desktop\AX9-PROJECT-IAR\AX9_V1.00\APP\source\USER\Debug\Obj\USB\USB-APP\usbd_desc.o
#        C:\Users\LIANMENG\Desktop\AX9-PROJECT-IAR\AX9_V1.00\APP\source\USER\Debug\Obj\USB\USB-DRIVER\usbd_ioreq.o
#        C:\Users\LIANMENG\Desktop\AX9-PROJECT-IAR\AX9_V1.00\APP\source\USER\Debug\Obj\USB\USB-DRIVER\usbd_req.o
#        C:\Users\LIANMENG\Desktop\AX9-PROJECT-IAR\AX9_V1.00\APP\source\USER\Debug\Obj\USB\USB-APP\usbd_usr.o
#        --no_out_extension -o
#        C:\Users\LIANMENG\Desktop\AX9-PROJECT-IAR\AX9_V1.00\APP\source\USER\Debug\Exe\AX9.out
#        --map
#        C:\Users\LIANMENG\Desktop\AX9-PROJECT-IAR\AX9_V1.00\APP\source\USER\Debug\List\AX9.map
#        --config "D:\Program Files\IAR Systems\Embedded Workbench
#        9.0\arm\config\linker\ST\stm32f405xG.icf" --semihosting --entry
#        __iar_program_start --vfe --text_out locale)
#
###############################################################################

*******************************************************************************
*** RUNTIME MODEL ATTRIBUTES
***

CppFlavor       = *
__SystemLibrary = DLib
__dlib_version  = 6


*******************************************************************************
*** HEAP SELECTION
***

The basic heap was selected because no calls to memory allocation
functions were found in the application outside of system library
functions, and there are calls to deallocation functions in the
application.


*******************************************************************************
*** PLACEMENT SUMMARY
***

"A0":  place at address 0x800'0000 { ro section .intvec };
"P1":  place in [from 0x800'0000 to 0x80f'ffff] { ro };
define block CSTACK with size = 8K, alignment = 8 { };
define block HEAP with size = 8K, alignment = 8 { };
"P4":  place in [from 0x2000'0000 to 0x2001'bfff] |
                [from 0x2001'c000 to 0x2001'ffff] {
          rw, block CSTACK, block HEAP };
initialize by copy { rw };

No sections matched the following patterns:

  ro section application_specific_ro  in "P2"
  section .backup_sram                in "P5"
  section .ccram                      in "P3"


  Section            Kind         Address    Size  Object
  -------            ----         -------    ----  ------
"A0":                                       0x188
  .intvec            ro code   0x800'0000   0x188  startup_stm32f40_41xxx.o [3]
                             - 0x800'0188   0x188

"P1":                                      0xce2d
  .text              ro code   0x800'0188   0xda8  os_task.o [10]
  .text              ro code   0x800'0f30   0x1bc  os_cpu_c.o [9]
  .text              ro code   0x800'10ec   0x190  os_msg.o [10]
  CODE               ro code   0x800'127c    0x34  cpu_a.o [8]
  .text              ro code   0x800'12b0    0x94  os_prio.o [10]
  .text              ro code   0x800'1344   0xb78  os_core.o [10]
  .text              ro code   0x800'1ebc   0x4f0  os_tick.o [10]
  .text              ro code   0x800'23ac   0x428  os_int.o [10]
  .text              ro code   0x800'27d4    0x4c  bsp.o [6]
  .text              ro code   0x800'2820   0x1e8  os_flag.o [10]
  .text              ro code   0x800'2a08    0x1c  os_mem.o [10]
  .text              ro code   0x800'2a24   0x4f0  os_mutex.o [10]
  .text              ro code   0x800'2f14   0x104  os_q.o [10]
  .text              ro code   0x800'3018    0xd0  os_sem.o [10]
  .text              ro code   0x800'30e8   0x520  os_stat.o [10]
  .text              ro code   0x800'3608   0x3f0  os_tmr.o [10]
  .text              ro code   0x800'39f8   0x1a8  os_dbg.o [10]
  .text              ro code   0x800'3ba0    0xe0  os_cfg_app.o [10]
  CODE               ro code   0x800'3c80    0x94  os_cpu_a.o [9]
  .text              ro code   0x800'3d14   0x1c4  stm32f4xx_rcc.o [5]
  .text              ro code   0x800'3ed8    0x4c  cpu_core.o [8]
  .text              ro code   0x800'3f24   0x2b8  os_time.o [10]
  .text              ro code   0x800'41dc    0x58  lib_mem.o [11]
  .text              ro code   0x800'4234   0xa06  usb_core.o [15]
  .text              ro code   0x800'4c3a     0xe  usbd_usr.o [12]
  .text              ro code   0x800'4c48    0x9a  usb_bsp.o [12]
  .rodata            const     0x800'4ce2     0x2  os_cfg_app.o [10]
  .text              ro code   0x800'4ce4   0x11e  stm32f4xx_gpio.o [5]
  .rodata            const     0x800'4e02     0x2  os_cfg_app.o [10]
  .text              ro code   0x800'4e04    0xb8  misc.o [5]
  .text              ro code   0x800'4ebc   0x820  command_process.o [4]
  .text              ro code   0x800'56dc   0x334  adjustvoltage.o [4]
  .text              ro code   0x800'5a10   0x214  ds2431.o [4]
  .text              ro code   0x800'5c24   0x160  stm32f4xx_dma.o [5]
  .text              ro code   0x800'5d84    0x22  S32ToDbl.o [18]
  .rodata            const     0x800'5da6     0x2  os_dbg.o [10]
  .text              ro code   0x800'5da8   0x246  DblDiv.o [18]
  .rodata            const     0x800'5fee     0x2  os_dbg.o [10]
  .text              ro code   0x800'5ff0   0x25e  DblAddSub.o [18]
  .rodata            const     0x800'624e     0x2  os_dbg.o [10]
  .text              ro code   0x800'6250    0x68  DblToFlt.o [18]
  .text              ro code   0x800'62b8    0x48  FltToDbl.o [18]
  .text              ro code   0x800'6300   0x1aa  DblMul.o [18]
  .rodata            const     0x800'64aa     0x2  os_dbg.o [10]
  .text              ro code   0x800'64ac    0x36  DblToS32.o [18]
  .rodata            const     0x800'64e2     0x2  os_dbg.o [10]
  .text              ro code   0x800'64e4    0x1c  U32ToDbl.o [18]
  .text              ro code   0x800'6500    0xd8  FltMul.o [18]
  .text              ro code   0x800'65d8    0xcc  stm32f4xx_dac.o [5]
  .text              ro code   0x800'66a4   0x150  tlv5626cd.o [4]
  .text              ro code   0x800'67f4    0xe8  systick.o [2]
  .text              ro code   0x800'68dc   0x10c  spi.o [2]
  .text              ro code   0x800'69e8   0x358  system.o [4]
  .text              ro code   0x800'6d40    0x6c  stm32f4xx_spi.o [5]
  .text              ro code   0x800'6dac   0x774  usb_dcd_int.o [15]
  .text              ro code   0x800'7520   0x70c  adc.o [2]
  .text              ro code   0x800'7c2c   0x1c8  stm32f4xx_adc.o [5]
  .text              ro code   0x800'7df4    0x22  DblToU32.o [18]
  .rodata            const     0x800'7e16     0x2  os_dbg.o [10]
  .text              ro code   0x800'7e18   0x704  app_usb.o [1]
  .text              ro code   0x800'851c    0x60  usbd_cdc_vcp.o [12]
  .text              ro code   0x800'857c    0xa6  ABImemcpy.o [19]
  .rodata            const     0x800'8622     0x2  os_dbg.o [10]
  .text              ro code   0x800'8624   0x6f4  gpio.o [2]
  .text              ro code   0x800'8d18     0xc  stm32f4xx_pwr.o [5]
  .text              ro code   0x800'8d24   0x6c2  emc2305.o [4]
  .rodata            const     0x800'93e6     0x2  os_dbg.o [10]
  .text              ro code   0x800'93e8   0x676  usbd_req.o [14]
  .text              ro code   0x800'9a5e    0xcc  usbd_ioreq.o [14]
  .text              ro code   0x800'9b2a   0x266  usb_dcd.o [15]
  .text              ro code   0x800'9d90   0x326  usbd_core.o [14]
  .rodata            const     0x800'a0b6     0x2  os_dbg.o [10]
  .text              ro code   0x800'a0b8   0x430  app_sysonoff.o [1]
  .text              ro code   0x800'a4e8   0x390  power.o [4]
  .text              ro code   0x800'a878   0x338  bat1.o [4]
  .text              ro code   0x800'abb0   0x370  bat2.o [4]
  .text              ro code   0x800'af20    0x66  ABImemset.o [19]
  .rodata            const     0x800'af86     0x2  os_dbg.o [10]
  .text              ro code   0x800'af88   0x370  tmp468.o [4]
  .text              ro code   0x800'b2f8   0x324  usbd_cdc_core.o [13]
  .text              ro code   0x800'b61c   0x2f0  board.o [2]
  .text              ro code   0x800'b90c   0x180  usart.o [2]
  .text              ro code   0x800'ba8c   0x1d6  stm32f4xx_usart.o [5]
  .rodata            const     0x800'bc62     0x2  os_dbg.o [10]
  .text              ro code   0x800'bc64    0xb8  dma.o [2]
  .text              ro code   0x800'bd1c    0xa2  nvic.o [2]
  .text              ro code   0x800'bdbe    0x30  dac.o [2]
  .rodata            const     0x800'bdee     0x2  os_dbg.o [10]
  .text              ro code   0x800'bdf0    0xb8  timer.o [2]
  .text              ro code   0x800'bea8    0xc0  stm32f4xx_tim.o [5]
  .text              ro code   0x800'bf68   0x158  app_timer.o [1]
  .text              ro code   0x800'c0c0   0x144  system_stm32f4xx.o [3]
  .text              ro code   0x800'c204   0x13e  usbd_desc.o [12]
  .rodata            const     0x800'c342     0x2  os_dbg.o [10]
  .text              ro code   0x800'c344   0x108  app.o [1]
  .text              ro code   0x800'c44c    0x74  app_led.o [1]
  .text              ro code   0x800'c4c0    0xe4  app_com.o [1]
  .text              ro code   0x800'c5a4    0x6c  app_fan.o [1]
  .text              ro code   0x800'c610    0x68  app_pwrmanager.o [1]
  .text              ro code   0x800'c678    0x6c  app_temperature.o [1]
  .text              ro code   0x800'c6e4    0xa2  packbits_init.o [19]
  .text              ro code   0x800'c786     0x6  abort.o [17]
  .text              ro code   0x800'c78c    0x14  exit.o [20]
  .text              ro code   0x800'c7a0    0x8c  stm32f4xx_it.o [16]
  .text              ro code   0x800'c82c    0x6c  main.o [16]
  .text              ro code   0x800'c898    0x38  zero_init3.o [19]
  .rodata            const     0x800'c8d0    0x30  os_dbg.o [10]
  .rodata            const     0x800'c900    0x30  os_dbg.o [10]
  .rodata            const     0x800'c930    0x2c  os_dbg.o [10]
  .rodata            const     0x800'c95c    0x28  os_dbg.o [10]
  .rodata            const     0x800'c984    0x28  os_dbg.o [10]
  .text              ro code   0x800'c9ac    0x28  data_init.o [19]
  .rodata            const     0x800'c9d4    0x24  usbd_desc.o [12]
  .rodata            const     0x800'c9f8    0x24  usbd_desc.o [12]
  .iar.init_table    const     0x800'ca1c    0x2c  - Linker created -
  .rodata            const     0x800'ca48    0x20  os_dbg.o [10]
  .text              ro code   0x800'ca68    0x1e  cmain.o [19]
  .text              ro code   0x800'ca86     0x4  low_level_init.o [17]
  .text              ro code   0x800'ca8a     0x4  exit.o [17]
  .rodata            const     0x800'ca8e     0x2  os_dbg.o [10]
  .text              ro code   0x800'ca90     0xa  cexit.o [19]
  .rodata            const     0x800'ca9a     0x2  os_dbg.o [10]
  .rodata            const     0x800'ca9c    0x1c  os_int.o [10]
  .text              ro code   0x800'cab8    0x1c  cstartup_M.o [19]
  .rodata            const     0x800'cad4    0x18  app_temperature.o [1]
  .rodata            const     0x800'caec    0x18  os_tmr.o [10]
  .rodata            const     0x800'cb04    0x14  app.o [1]
  .rodata            const     0x800'cb18    0x14  app_pwrmanager.o [1]
  .rodata            const     0x800'cb2c    0x14  os_core.o [10]
  .rodata            const     0x800'cb40    0x14  os_stat.o [10]
  .rodata            const     0x800'cb54    0x14  os_tick.o [10]
  .rodata            const     0x800'cb68    0x14  usbd_desc.o [12]
  .rodata            const     0x800'cb7c    0x10  app.o [1]
  .rodata            const     0x800'cb8c    0x10  app_com.o [1]
  .rodata            const     0x800'cb9c    0x10  app_fan.o [1]
  .rodata            const     0x800'cbac    0x10  app_led.o [1]
  .rodata            const     0x800'cbbc    0x10  app_sysonoff.o [1]
  .rodata            const     0x800'cbcc    0x10  app_usb.o [1]
  .rodata            const     0x800'cbdc    0x10  os_tmr.o [10]
  .rodata            const     0x800'cbec    0x10  usbd_desc.o [12]
  .text              ro code   0x800'cbfc    0x10  startup_stm32f40_41xxx.o [3]
  .rodata            const     0x800'cc0c     0xc  os_core.o [10]
  .rodata            const     0x800'cc18     0xc  usbd_desc.o [12]
  .rodata            const     0x800'cc24     0x8  os_core.o [10]
  .rodata            const     0x800'cc2c     0x8  os_task.o [10]
  .rodata            const     0x800'cc34     0x4  os_cfg_app.o [10]
  .rodata            const     0x800'cc38     0x4  os_cfg_app.o [10]
  .rodata            const     0x800'cc3c     0x4  os_cfg_app.o [10]
  .rodata            const     0x800'cc40     0x4  os_cfg_app.o [10]
  .rodata            const     0x800'cc44     0x4  os_cfg_app.o [10]
  .rodata            const     0x800'cc48     0x4  os_cfg_app.o [10]
  .rodata            const     0x800'cc4c     0x4  os_cfg_app.o [10]
  .rodata            const     0x800'cc50     0x4  os_cfg_app.o [10]
  .rodata            const     0x800'cc54     0x4  os_cfg_app.o [10]
  .rodata            const     0x800'cc58     0x4  os_cfg_app.o [10]
  .rodata            const     0x800'cc5c     0x4  os_cfg_app.o [10]
  .rodata            const     0x800'cc60     0x4  os_cfg_app.o [10]
  .rodata            const     0x800'cc64     0x4  os_cfg_app.o [10]
  .rodata            const     0x800'cc68     0x4  os_cfg_app.o [10]
  .rodata            const     0x800'cc6c     0x4  os_cfg_app.o [10]
  .rodata            const     0x800'cc70     0x4  os_cfg_app.o [10]
  .rodata            const     0x800'cc74     0x4  os_cfg_app.o [10]
  .rodata            const     0x800'cc78     0x4  os_cfg_app.o [10]
  .rodata            const     0x800'cc7c     0x4  os_cfg_app.o [10]
  .rodata            const     0x800'cc80     0x4  os_cfg_app.o [10]
  .rodata            const     0x800'cc84     0x4  os_cfg_app.o [10]
  .rodata            const     0x800'cc88     0x4  os_cfg_app.o [10]
  .rodata            const     0x800'cc8c     0x4  os_cfg_app.o [10]
  .rodata            const     0x800'cc90     0x4  os_cfg_app.o [10]
  .rodata            const     0x800'cc94     0x4  os_cfg_app.o [10]
  .rodata            const     0x800'cc98     0x4  os_cfg_app.o [10]
  .rodata            const     0x800'cc9c     0x4  os_cfg_app.o [10]
  .rodata            const     0x800'cca0     0x4  os_cfg_app.o [10]
  .rodata            const     0x800'cca4     0x4  os_cfg_app.o [10]
  .rodata            const     0x800'cca8     0x4  os_cfg_app.o [10]
  .rodata            const     0x800'ccac     0x4  os_cfg_app.o [10]
  .rodata            const     0x800'ccb0     0x4  os_cfg_app.o [10]
  .rodata            const     0x800'ccb4     0x4  os_dbg.o [10]
  .rodata            const     0x800'ccb8     0x4  os_dbg.o [10]
  .rodata            const     0x800'ccbc     0x4  os_dbg.o [10]
  .text              ro code   0x800'ccc0     0x4  startup_stm32f40_41xxx.o [3]
  .text              ro code   0x800'ccc4     0x4  startup_stm32f40_41xxx.o [3]
  .text              ro code   0x800'ccc8     0x4  startup_stm32f40_41xxx.o [3]
  .text              ro code   0x800'cccc     0x4  startup_stm32f40_41xxx.o [3]
  .text              ro code   0x800'ccd0     0x4  startup_stm32f40_41xxx.o [3]
  .text              ro code   0x800'ccd4     0x4  startup_stm32f40_41xxx.o [3]
  .text              ro code   0x800'ccd8     0x4  startup_stm32f40_41xxx.o [3]
  .text              ro code   0x800'ccdc     0x4  startup_stm32f40_41xxx.o [3]
  .text              ro code   0x800'cce0     0x4  startup_stm32f40_41xxx.o [3]
  .text              ro code   0x800'cce4     0x4  startup_stm32f40_41xxx.o [3]
  .text              ro code   0x800'cce8     0x4  startup_stm32f40_41xxx.o [3]
  .text              ro code   0x800'ccec     0x4  startup_stm32f40_41xxx.o [3]
  .text              ro code   0x800'ccf0     0x4  startup_stm32f40_41xxx.o [3]
  .text              ro code   0x800'ccf4     0x4  startup_stm32f40_41xxx.o [3]
  .text              ro code   0x800'ccf8     0x4  startup_stm32f40_41xxx.o [3]
  .text              ro code   0x800'ccfc     0x4  startup_stm32f40_41xxx.o [3]
  .text              ro code   0x800'cd00     0x4  startup_stm32f40_41xxx.o [3]
  .text              ro code   0x800'cd04     0x4  startup_stm32f40_41xxx.o [3]
  .text              ro code   0x800'cd08     0x4  startup_stm32f40_41xxx.o [3]
  .text              ro code   0x800'cd0c     0x4  startup_stm32f40_41xxx.o [3]
  .text              ro code   0x800'cd10     0x4  startup_stm32f40_41xxx.o [3]
  .text              ro code   0x800'cd14     0x4  startup_stm32f40_41xxx.o [3]
  .text              ro code   0x800'cd18     0x4  startup_stm32f40_41xxx.o [3]
  .text              ro code   0x800'cd1c     0x4  startup_stm32f40_41xxx.o [3]
  .text              ro code   0x800'cd20     0x4  startup_stm32f40_41xxx.o [3]
  .text              ro code   0x800'cd24     0x4  startup_stm32f40_41xxx.o [3]
  .text              ro code   0x800'cd28     0x4  startup_stm32f40_41xxx.o [3]
  .text              ro code   0x800'cd2c     0x4  startup_stm32f40_41xxx.o [3]
  .text              ro code   0x800'cd30     0x4  startup_stm32f40_41xxx.o [3]
  .text              ro code   0x800'cd34     0x4  startup_stm32f40_41xxx.o [3]
  .text              ro code   0x800'cd38     0x4  startup_stm32f40_41xxx.o [3]
  .text              ro code   0x800'cd3c     0x4  startup_stm32f40_41xxx.o [3]
  .text              ro code   0x800'cd40     0x4  startup_stm32f40_41xxx.o [3]
  .text              ro code   0x800'cd44     0x4  startup_stm32f40_41xxx.o [3]
  .text              ro code   0x800'cd48     0x4  startup_stm32f40_41xxx.o [3]
  .text              ro code   0x800'cd4c     0x4  startup_stm32f40_41xxx.o [3]
  .text              ro code   0x800'cd50     0x4  startup_stm32f40_41xxx.o [3]
  .text              ro code   0x800'cd54     0x4  startup_stm32f40_41xxx.o [3]
  .text              ro code   0x800'cd58     0x4  startup_stm32f40_41xxx.o [3]
  .text              ro code   0x800'cd5c     0x4  startup_stm32f40_41xxx.o [3]
  .text              ro code   0x800'cd60     0x4  startup_stm32f40_41xxx.o [3]
  .text              ro code   0x800'cd64     0x4  startup_stm32f40_41xxx.o [3]
  .text              ro code   0x800'cd68     0x4  startup_stm32f40_41xxx.o [3]
  .text              ro code   0x800'cd6c     0x4  startup_stm32f40_41xxx.o [3]
  .text              ro code   0x800'cd70     0x4  startup_stm32f40_41xxx.o [3]
  .text              ro code   0x800'cd74     0x4  startup_stm32f40_41xxx.o [3]
  .text              ro code   0x800'cd78     0x4  startup_stm32f40_41xxx.o [3]
  .text              ro code   0x800'cd7c     0x4  startup_stm32f40_41xxx.o [3]
  .text              ro code   0x800'cd80     0x4  startup_stm32f40_41xxx.o [3]
  .text              ro code   0x800'cd84     0x4  startup_stm32f40_41xxx.o [3]
  .text              ro code   0x800'cd88     0x4  startup_stm32f40_41xxx.o [3]
  .text              ro code   0x800'cd8c     0x4  startup_stm32f40_41xxx.o [3]
  .text              ro code   0x800'cd90     0x4  startup_stm32f40_41xxx.o [3]
  .text              ro code   0x800'cd94     0x4  startup_stm32f40_41xxx.o [3]
  .text              ro code   0x800'cd98     0x4  startup_stm32f40_41xxx.o [3]
  .text              ro code   0x800'cd9c     0x4  startup_stm32f40_41xxx.o [3]
  .text              ro code   0x800'cda0     0x4  startup_stm32f40_41xxx.o [3]
  .text              ro code   0x800'cda4     0x4  startup_stm32f40_41xxx.o [3]
  .text              ro code   0x800'cda8     0x4  startup_stm32f40_41xxx.o [3]
  .text              ro code   0x800'cdac     0x4  startup_stm32f40_41xxx.o [3]
  .text              ro code   0x800'cdb0     0x4  startup_stm32f40_41xxx.o [3]
  .text              ro code   0x800'cdb4     0x4  startup_stm32f40_41xxx.o [3]
  .text              ro code   0x800'cdb8     0x4  startup_stm32f40_41xxx.o [3]
  .text              ro code   0x800'cdbc     0x4  startup_stm32f40_41xxx.o [3]
  .text              ro code   0x800'cdc0     0x4  startup_stm32f40_41xxx.o [3]
  .text              ro code   0x800'cdc4     0x4  startup_stm32f40_41xxx.o [3]
  .text              ro code   0x800'cdc8     0x4  startup_stm32f40_41xxx.o [3]
  .text              ro code   0x800'cdcc     0x4  startup_stm32f40_41xxx.o [3]
  .text              ro code   0x800'cdd0     0x4  startup_stm32f40_41xxx.o [3]
  .text              ro code   0x800'cdd4     0x4  startup_stm32f40_41xxx.o [3]
  .text              ro code   0x800'cdd8     0x4  startup_stm32f40_41xxx.o [3]
  .text              ro code   0x800'cddc     0x4  startup_stm32f40_41xxx.o [3]
  .text              ro code   0x800'cde0     0x4  startup_stm32f40_41xxx.o [3]
  .text              ro code   0x800'cde4     0x4  startup_stm32f40_41xxx.o [3]
  .text              ro code   0x800'cde8     0x4  startup_stm32f40_41xxx.o [3]
  .text              ro code   0x800'cdec     0x4  startup_stm32f40_41xxx.o [3]
  .rodata            const     0x800'cdf0     0x2  os_dbg.o [10]
  .rodata            const     0x800'cdf2     0x2  os_dbg.o [10]
  .rodata            const     0x800'cdf4     0x2  os_dbg.o [10]
  .rodata            const     0x800'cdf6     0x2  os_dbg.o [10]
  .rodata            const     0x800'cdf8     0x2  os_dbg.o [10]
  .rodata            const     0x800'cdfa     0x2  os_dbg.o [10]
  .rodata            const     0x800'cdfc     0x2  os_dbg.o [10]
  .rodata            const     0x800'cdfe     0x1  os_cfg_app.o [10]
  .rodata            const     0x800'cdff     0x1  os_cfg_app.o [10]
  .rodata            const     0x800'ce00     0x1  os_cfg_app.o [10]
  .rodata            const     0x800'ce01     0x1  os_dbg.o [10]
  .rodata            const     0x800'ce02     0x1  os_dbg.o [10]
  .rodata            const     0x800'ce03     0x1  os_dbg.o [10]
  .rodata            const     0x800'ce04     0x1  os_dbg.o [10]
  .rodata            const     0x800'ce05     0x1  os_dbg.o [10]
  .rodata            const     0x800'ce06     0x1  os_dbg.o [10]
  .rodata            const     0x800'ce07     0x1  os_dbg.o [10]
  .rodata            const     0x800'ce08     0x1  os_dbg.o [10]
  .rodata            const     0x800'ce09     0x1  os_dbg.o [10]
  .rodata            const     0x800'ce0a     0x1  os_dbg.o [10]
  .rodata            const     0x800'ce0b     0x1  os_dbg.o [10]
  .rodata            const     0x800'ce0c     0x1  os_dbg.o [10]
  .rodata            const     0x800'ce0d     0x1  os_dbg.o [10]
  .rodata            const     0x800'ce0e     0x1  os_dbg.o [10]
  .rodata            const     0x800'ce0f     0x1  os_dbg.o [10]
  .rodata            const     0x800'ce10     0x1  os_dbg.o [10]
  .rodata            const     0x800'ce11     0x1  os_dbg.o [10]
  .rodata            const     0x800'ce12     0x1  os_dbg.o [10]
  .rodata            const     0x800'ce13     0x1  os_dbg.o [10]
  .rodata            const     0x800'ce14     0x1  os_dbg.o [10]
  .rodata            const     0x800'ce15     0x1  os_dbg.o [10]
  .rodata            const     0x800'ce16     0x1  os_dbg.o [10]
  .rodata            const     0x800'ce17     0x1  os_dbg.o [10]
  .rodata            const     0x800'ce18     0x1  os_dbg.o [10]
  .rodata            const     0x800'ce19     0x1  os_dbg.o [10]
  .rodata            const     0x800'ce1a     0x1  os_dbg.o [10]
  .rodata            const     0x800'ce1b     0x1  os_dbg.o [10]
  .rodata            const     0x800'ce1c     0x1  os_dbg.o [10]
  .rodata            const     0x800'ce1d     0x1  os_dbg.o [10]
  .rodata            const     0x800'ce1e     0x1  os_dbg.o [10]
  .rodata            const     0x800'ce1f     0x1  os_dbg.o [10]
  .rodata            const     0x800'ce20     0x1  os_dbg.o [10]
  .rodata            const     0x800'ce21     0x1  os_dbg.o [10]
  .rodata            const     0x800'ce22     0x1  os_dbg.o [10]
  .rodata            const     0x800'ce23     0x1  os_dbg.o [10]
  .rodata            const     0x800'ce24     0x1  os_dbg.o [10]
  .rodata            const     0x800'ce25     0x1  os_dbg.o [10]
  .rodata            const     0x800'ce26     0x1  os_dbg.o [10]
  .rodata            const     0x800'ce27     0x1  os_dbg.o [10]
  .rodata            const     0x800'ce28     0x0  zero_init3.o [19]
  .rodata            const     0x800'ce28     0x0  packbits_init.o [19]
  Initializer bytes  const     0x800'ce28   0x18d  <for P4 s0>
                             - 0x800'cfb5  0xce2d

"P4", part 1 of 3:                          0x218
  P4 s0                       0x2000'0000   0x218  <Init block>
    .data            inited   0x2000'0000    0x6c  system.o [4]
    .data            inited   0x2000'006c    0x44  usbd_cdc_core.o [13]
    .data            inited   0x2000'00b0    0x34  command_process.o [4]
    .data            inited   0x2000'00e4    0x2c  usbd_cdc_core.o [13]
    .data            inited   0x2000'0110    0x2c  usbd_core.o [14]
    .data            inited   0x2000'013c    0x1c  usbd_desc.o [12]
    .data            inited   0x2000'0158    0x1c  usbd_desc.o [12]
    .data            inited   0x2000'0174    0x1c  usbd_usr.o [12]
    .data            inited   0x2000'0190    0x14  usbd_cdc_vcp.o [12]
    .data            inited   0x2000'01a4    0x14  usbd_desc.o [12]
    .data            inited   0x2000'01b8    0x10  stm32f4xx_rcc.o [5]
    .data            inited   0x2000'01c8     0xc  app_usb.o [1]
    .data            inited   0x2000'01d4     0xc  command_process.o [4]
    .data            inited   0x2000'01e0     0xc  command_process.o [4]
    .data            inited   0x2000'01ec     0x8  app_usb.o [1]
    .data            inited   0x2000'01f4     0x8  usart.o [2]
    .data            inited   0x2000'01fc     0x8  usart.o [2]
    .data            inited   0x2000'0204     0x8  usart.o [2]
    .data            inited   0x2000'020c     0x4  usbd_cdc_core.o [13]
    .data            inited   0x2000'0210     0x4  usbd_core.o [14]
    .data            inited   0x2000'0214     0x4  usbd_desc.o [12]
                            - 0x2000'0218   0x218

"P4", part 2 of 3:                         0x5970
  .bss               zero     0x2000'0218   0x800  app_sysonoff.o [1]
  .bss               zero     0x2000'0a18   0x800  usbd_cdc_core.o [13]
  .bss               zero     0x2000'1218   0x640  os_cfg_app.o [10]
  .bss               zero     0x2000'1858   0x5f4  board.o [2]
  .bss               zero     0x2000'1e4c   0x400  app.o [1]
  .bss               zero     0x2000'224c   0x400  app_com.o [1]
  .bss               zero     0x2000'264c   0x400  app_fan.o [1]
  .bss               zero     0x2000'2a4c   0x400  app_led.o [1]
  .bss               zero     0x2000'2e4c   0x400  app_pwrmanager.o [1]
  .bss               zero     0x2000'324c   0x400  app_temperature.o [1]
  .bss               zero     0x2000'364c   0x400  app_usb.o [1]
  .bss               zero     0x2000'3a4c   0x300  os_var.o [10]
  .bss               zero     0x2000'3d4c   0x230  adc.o [2]
  .bss               zero     0x2000'3f7c   0x200  os_cfg_app.o [10]
  .bss               zero     0x2000'417c   0x200  os_cfg_app.o [10]
  .bss               zero     0x2000'437c   0x200  os_cfg_app.o [10]
  .bss               zero     0x2000'457c   0x200  os_cfg_app.o [10]
  .bss               zero     0x2000'477c   0x200  os_cfg_app.o [10]
  .bss               zero     0x2000'497c   0x200  os_cfg_app.o [10]
  .bss               zero     0x2000'4b7c   0x140  os_cfg_app.o [10]
  .bss               zero     0x2000'4cbc   0x100  usbd_desc.o [12]
  .bss               zero     0x2000'4dbc    0xc0  app.o [1]
  .bss               zero     0x2000'4e7c    0xc0  app_com.o [1]
  .bss               zero     0x2000'4f3c    0xc0  app_fan.o [1]
  .bss               zero     0x2000'4ffc    0xc0  app_led.o [1]
  .bss               zero     0x2000'50bc    0xc0  app_pwrmanager.o [1]
  .bss               zero     0x2000'517c    0xc0  app_sysonoff.o [1]
  .bss               zero     0x2000'523c    0xc0  app_temperature.o [1]
  .bss               zero     0x2000'52fc    0xc0  app_usb.o [1]
  .bss               zero     0x2000'53bc    0xc0  os_var.o [10]
  .bss               zero     0x2000'547c    0xc0  os_var.o [10]
  .bss               zero     0x2000'553c    0xc0  os_var.o [10]
  .bss               zero     0x2000'55fc    0xc0  os_var.o [10]
  .bss               zero     0x2000'56bc    0xc0  os_var.o [10]
  .bss               zero     0x2000'577c    0x64  command_process.o [4]
  .bss               zero     0x2000'57e0    0x64  command_process.o [4]
  .bss               zero     0x2000'5844    0x64  usart.o [2]
  .bss               zero     0x2000'58a8    0x64  usart.o [2]
  .bss               zero     0x2000'590c    0x50  adc.o [2]
  .bss               zero     0x2000'595c    0x40  app_usb.o [1]
  .bss               zero     0x2000'599c    0x40  usbd_cdc_core.o [13]
  .bss               zero     0x2000'59dc    0x30  app.o [1]
  .bss               zero     0x2000'5a0c    0x2c  os_var.o [10]
  .bss               zero     0x2000'5a38    0x10  command_process.o [4]
  .bss               zero     0x2000'5a48    0x10  cpu_core.o [8]
  .bss               zero     0x2000'5a58     0xc  os_var.o [10]
  .bss               zero     0x2000'5a64     0x8  os_prio.o [10]
  .bss               zero     0x2000'5a6c     0x8  os_var.o [10]
  .bss               zero     0x2000'5a74     0x8  os_var.o [10]
  .bss               zero     0x2000'5a7c     0x8  usbd_cdc_core.o [13]
  .bss               zero     0x2000'5a84     0x4  cpu_core.o [8]
  .bss               zero     0x2000'5a88     0x4  os_cpu_c.o [9]
  .bss               zero     0x2000'5a8c     0x4  os_var.o [10]
  .bss               zero     0x2000'5a90     0x4  os_var.o [10]
  .bss               zero     0x2000'5a94     0x4  os_var.o [10]
  .bss               zero     0x2000'5a98     0x4  os_var.o [10]
  .bss               zero     0x2000'5a9c     0x4  os_var.o [10]
  .bss               zero     0x2000'5aa0     0x4  os_var.o [10]
  .bss               zero     0x2000'5aa4     0x4  os_var.o [10]
  .bss               zero     0x2000'5aa8     0x4  os_var.o [10]
  .bss               zero     0x2000'5aac     0x4  os_var.o [10]
  .bss               zero     0x2000'5ab0     0x4  os_var.o [10]
  .bss               zero     0x2000'5ab4     0x4  os_var.o [10]
  .bss               zero     0x2000'5ab8     0x4  os_var.o [10]
  .bss               zero     0x2000'5abc     0x4  os_var.o [10]
  .bss               zero     0x2000'5ac0     0x4  os_var.o [10]
  .bss               zero     0x2000'5ac4     0x4  os_var.o [10]
  .bss               zero     0x2000'5ac8     0x4  os_var.o [10]
  .bss               zero     0x2000'5acc     0x4  os_var.o [10]
  .bss               zero     0x2000'5ad0     0x4  os_var.o [10]
  .bss               zero     0x2000'5ad4     0x4  os_var.o [10]
  .bss               zero     0x2000'5ad8     0x4  os_var.o [10]
  .bss               zero     0x2000'5adc     0x4  os_var.o [10]
  .bss               zero     0x2000'5ae0     0x4  os_var.o [10]
  .bss               zero     0x2000'5ae4     0x4  os_var.o [10]
  .bss               zero     0x2000'5ae8     0x4  os_var.o [10]
  .bss               zero     0x2000'5aec     0x4  os_var.o [10]
  .bss               zero     0x2000'5af0     0x4  os_var.o [10]
  .bss               zero     0x2000'5af4     0x4  os_var.o [10]
  .bss               zero     0x2000'5af8     0x4  os_var.o [10]
  .bss               zero     0x2000'5afc     0x4  os_var.o [10]
  .bss               zero     0x2000'5b00     0x4  os_var.o [10]
  .bss               zero     0x2000'5b04     0x4  os_var.o [10]
  .bss               zero     0x2000'5b08     0x4  os_var.o [10]
  .bss               zero     0x2000'5b0c     0x4  os_var.o [10]
  .bss               zero     0x2000'5b10     0x4  os_var.o [10]
  .bss               zero     0x2000'5b14     0x4  os_var.o [10]
  .bss               zero     0x2000'5b18     0x4  os_var.o [10]
  .bss               zero     0x2000'5b1c     0x4  systick.o [2]
  .bss               zero     0x2000'5b20     0x4  usbd_cdc_core.o [13]
  .bss               zero     0x2000'5b24     0x4  usbd_cdc_core.o [13]
  .bss               zero     0x2000'5b28     0x4  usbd_cdc_core.o [13]
  .bss               zero     0x2000'5b2c     0x4  usbd_cdc_core.o [13]
  .bss               zero     0x2000'5b30     0x4  usbd_cdc_core.o [13]
  .bss               zero     0x2000'5b34     0x4  usbd_cdc_core.o [13]
  .bss               zero     0x2000'5b38     0x4  usbd_cdc_vcp.o [12]
  .bss               zero     0x2000'5b3c     0x4  usbd_core.o [14]
  .bss               zero     0x2000'5b40     0x4  usbd_req.o [14]
  .bss               zero     0x2000'5b44     0x4  usbd_req.o [14]
  .bss               zero     0x2000'5b48     0x4  usbd_req.o [14]
  .bss               zero     0x2000'5b4c     0x2  app_sysonoff.o [1]
  .bss               zero     0x2000'5b4e     0x2  app_timer.o [1]
  .bss               zero     0x2000'5b50     0x2  os_var.o [10]
  .bss               zero     0x2000'5b52     0x2  os_var.o [10]
  .bss               zero     0x2000'5b54     0x2  os_var.o [10]
  .bss               zero     0x2000'5b56     0x2  os_var.o [10]
  .bss               zero     0x2000'5b58     0x2  os_var.o [10]
  .bss               zero     0x2000'5b5a     0x2  os_var.o [10]
  .bss               zero     0x2000'5b5c     0x2  os_var.o [10]
  .bss               zero     0x2000'5b5e     0x2  os_var.o [10]
  .bss               zero     0x2000'5b60     0x2  os_var.o [10]
  .bss               zero     0x2000'5b62     0x2  os_var.o [10]
  .bss               zero     0x2000'5b64     0x2  os_var.o [10]
  .bss               zero     0x2000'5b66     0x2  os_var.o [10]
  .bss               zero     0x2000'5b68     0x2  os_var.o [10]
  .bss               zero     0x2000'5b6a     0x2  power.o [4]
  .bss               zero     0x2000'5b6c     0x2  power.o [4]
  .bss               zero     0x2000'5b6e     0x2  system.o [4]
  .bss               zero     0x2000'5b70     0x1  app_sysonoff.o [1]
  .bss               zero     0x2000'5b71     0x1  emc2305.o [4]
  .bss               zero     0x2000'5b72     0x1  emc2305.o [4]
  .bss               zero     0x2000'5b73     0x1  os_var.o [10]
  .bss               zero     0x2000'5b74     0x1  os_var.o [10]
  .bss               zero     0x2000'5b75     0x1  os_var.o [10]
  .bss               zero     0x2000'5b76     0x1  os_var.o [10]
  .bss               zero     0x2000'5b77     0x1  os_var.o [10]
  .bss               zero     0x2000'5b78     0x1  os_var.o [10]
  .bss               zero     0x2000'5b79     0x1  os_var.o [10]
  .bss               zero     0x2000'5b7a     0x1  os_var.o [10]
  .bss               zero     0x2000'5b7b     0x1  os_var.o [10]
  .bss               zero     0x2000'5b7c     0x1  os_var.o [10]
  .bss               zero     0x2000'5b7d     0x1  power.o [4]
  .bss               zero     0x2000'5b7e     0x1  power.o [4]
  .bss               zero     0x2000'5b7f     0x1  system.o [4]
  .bss               zero     0x2000'5b80     0x1  system.o [4]
  .bss               zero     0x2000'5b81     0x1  system.o [4]
  .bss               zero     0x2000'5b82     0x1  system.o [4]
  .bss               zero     0x2000'5b83     0x1  system.o [4]
  .bss               zero     0x2000'5b84     0x1  usbd_cdc_core.o [13]
  .bss               zero     0x2000'5b85     0x1  usbd_req.o [14]
                            - 0x2000'5b86  0x596e

"P4", part 3 of 3:                         0x2000
  CSTACK                      0x2000'5b88  0x2000  <Block>
    CSTACK           uninit   0x2000'5b88  0x2000  <Block tail>
                            - 0x2000'7b88  0x2000

Unused ranges:

         From           To      Size
         ----           --      ----
   0x800'cfb5   0x80f'ffff  0xf'304b
  0x2000'7b88  0x2001'bfff  0x1'4478
  0x2001'c000  0x2001'ffff    0x4000


*******************************************************************************
*** INIT TABLE
***

          Address      Size
          -------      ----
Zero (__iar_zero_init3)
    1 destination range, total size 0x596e:
          0x2000'0218  0x596e

Copy/packbits (__iar_packbits_init3)
    1 source range, total size 0x18d (74% of destination):
           0x800'ce28   0x18d
    1 destination range, total size 0x218:
          0x2000'0000   0x218



*******************************************************************************
*** MODULE SUMMARY
***

    Module                    ro code  ro data  rw data
    ------                    -------  -------  -------
command line/config:
    ---------------------------------------------------
    Total:

C:\Users\LIANMENG\Desktop\AX9-PROJECT-IAR\AX9_V1.00\APP\source\USER\Debug\Obj\APP: [1]
    app.o                         264       36    1'264
    app_com.o                     228       16    1'216
    app_fan.o                     108       16    1'216
    app_led.o                     116       16    1'216
    app_pwrmanager.o              104       20    1'216
    app_sysonoff.o              1'072       16    2'243
    app_temperature.o             108       24    1'216
    app_timer.o                   344                 2
    app_usb.o                   1'796       31    1'300
    ---------------------------------------------------
    Total:                      4'140      175   10'889

C:\Users\LIANMENG\Desktop\AX9-PROJECT-IAR\AX9_V1.00\APP\source\USER\Debug\Obj\BSP: [2]
    adc.o                       1'804               640
    board.o                       752             1'524
    dac.o                          48
    dma.o                         184
    gpio.o                      1'780
    nvic.o                        162
    spi.o                         268
    systick.o                     232                 4
    timer.o                       184
    usart.o                       384       18      224
    ---------------------------------------------------
    Total:                      5'798       18    2'392

C:\Users\LIANMENG\Desktop\AX9-PROJECT-IAR\AX9_V1.00\APP\source\USER\Debug\Obj\CMSIS: [3]
    startup_stm32f40_41xxx.o      712
    system_stm32f4xx.o            324
    ---------------------------------------------------
    Total:                      1'036

C:\Users\LIANMENG\Desktop\AX9-PROJECT-IAR\AX9_V1.00\APP\source\USER\Debug\Obj\DEVICE: [4]
    adjustvoltage.o               820
    bat1.o                        824
    bat2.o                        880
    command_process.o           2'080       56      292
    ds2431.o                      532
    emc2305.o                   1'730                 2
    power.o                       912                 6
    system.o                      856       79      115
    tlv5626cd.o                   336
    tmp468.o                      880
    ---------------------------------------------------
    Total:                      9'850      135      415

C:\Users\LIANMENG\Desktop\AX9-PROJECT-IAR\AX9_V1.00\APP\source\USER\Debug\Obj\FWLIB: [5]
    misc.o                        184
    stm32f4xx_adc.o               456
    stm32f4xx_dac.o               204
    stm32f4xx_dma.o               352
    stm32f4xx_gpio.o              286
    stm32f4xx_pwr.o                12
    stm32f4xx_rcc.o               452       12       16
    stm32f4xx_spi.o               108
    stm32f4xx_tim.o               192
    stm32f4xx_usart.o             470
    ---------------------------------------------------
    Total:                      2'716       12       16

C:\Users\LIANMENG\Desktop\AX9-PROJECT-IAR\AX9_V1.00\APP\source\USER\Debug\Obj\UCOSIII\uCOS-BSP: [6]
    bsp.o                          76
    ---------------------------------------------------
    Total:                         76

C:\Users\LIANMENG\Desktop\AX9-PROJECT-IAR\AX9_V1.00\APP\source\USER\Debug\Obj\UCOSIII\uCOS-CONFIG: [7]
    ---------------------------------------------------
    Total:

C:\Users\LIANMENG\Desktop\AX9-PROJECT-IAR\AX9_V1.00\APP\source\USER\Debug\Obj\UCOSIII\uCOS-CPU: [8]
    cpu_a.o                        52
    cpu_core.o                     76                20
    ---------------------------------------------------
    Total:                        128                20

C:\Users\LIANMENG\Desktop\AX9-PROJECT-IAR\AX9_V1.00\APP\source\USER\Debug\Obj\UCOSIII\uCOS-III\Port: [9]
    os_cpu_a.o                    148
    os_cpu_c.o                    444                 4
    ---------------------------------------------------
    Total:                        592                 4

C:\Users\LIANMENG\Desktop\AX9-PROJECT-IAR\AX9_V1.00\APP\source\USER\Debug\Obj\UCOSIII\uCOS-III\Source: [10]
    os_cfg_app.o                  224      135    4'992
    os_core.o                   2'936       40
    os_dbg.o                      424      347
    os_flag.o                     488
    os_int.o                    1'064       28
    os_mem.o                       28
    os_msg.o                      400
    os_mutex.o                  1'264
    os_prio.o                     148                 8
    os_q.o                        260
    os_sem.o                      208
    os_stat.o                   1'312       20
    os_task.o                   3'496        8
    os_tick.o                   1'264       20
    os_time.o                     696
    os_tmr.o                    1'008       40
    os_var.o                                      1'980
    ---------------------------------------------------
    Total:                     15'220      638    6'980

C:\Users\LIANMENG\Desktop\AX9-PROJECT-IAR\AX9_V1.00\APP\source\USER\Debug\Obj\UCOSIII\uCOSIII-LIB: [11]
    lib_mem.o                      88
    ---------------------------------------------------
    Total:                         88

C:\Users\LIANMENG\Desktop\AX9-PROJECT-IAR\AX9_V1.00\APP\source\USER\Debug\Obj\USB\USB-APP: [12]
    usb_bsp.o                     154
    usbd_cdc_vcp.o                 96       15       24
    usbd_desc.o                   318      177      336
    usbd_usr.o                     14       21       28
    ---------------------------------------------------
    Total:                        582      213      388

C:\Users\LIANMENG\Desktop\AX9-PROJECT-IAR\AX9_V1.00\APP\source\USER\Debug\Obj\USB\USB-DEVICE: [13]
    usbd_cdc_core.o               804       87    2'261
    ---------------------------------------------------
    Total:                        804       87    2'261

C:\Users\LIANMENG\Desktop\AX9-PROJECT-IAR\AX9_V1.00\APP\source\USER\Debug\Obj\USB\USB-DRIVER: [14]
    usbd_core.o                   806       36       52
    usbd_ioreq.o                  204
    usbd_req.o                  1'654                13
    ---------------------------------------------------
    Total:                      2'664       36       65

C:\Users\LIANMENG\Desktop\AX9-PROJECT-IAR\AX9_V1.00\APP\source\USER\Debug\Obj\USB\USB-OTG: [15]
    usb_core.o                  2'566
    usb_dcd.o                     614
    usb_dcd_int.o               1'908
    ---------------------------------------------------
    Total:                      5'088

C:\Users\LIANMENG\Desktop\AX9-PROJECT-IAR\AX9_V1.00\APP\source\USER\Debug\Obj\USER: [16]
    main.o                        108
    stm32f4xx_it.o                140
    ---------------------------------------------------
    Total:                        248

dl7M_tlf.a: [17]
    abort.o                         6
    exit.o                          4
    low_level_init.o                4
    ---------------------------------------------------
    Total:                         14

m7M_tl.a: [18]
    DblAddSub.o                   606
    DblDiv.o                      582
    DblMul.o                      426
    DblToFlt.o                    104
    DblToS32.o                     54
    DblToU32.o                     34
    FltMul.o                      216
    FltToDbl.o                     72
    S32ToDbl.o                     34
    U32ToDbl.o                     28
    ---------------------------------------------------
    Total:                      2'156

rt7M_tl.a: [19]
    ABImemcpy.o                   166
    ABImemset.o                   102
    cexit.o                        10
    cmain.o                        30
    cstartup_M.o                   28
    data_init.o                    40
    packbits_init.o               162
    zero_init3.o                   56
    ---------------------------------------------------
    Total:                        594

shb_l.a: [20]
    exit.o                         20
    ---------------------------------------------------
    Total:                         20

    Linker created                          45    8'192
-------------------------------------------------------
    Grand Total:               51'814    1'359   31'622


*******************************************************************************
*** ENTRY LIST
***

Entry                       Address   Size  Type      Object
-----                       -------   ----  ----      ------
.iar.init_table$$Base    0x800'ca1c          --   Gb  - Linker created -
.iar.init_table$$Limit   0x800'ca48          --   Gb  - Linker created -
?main                    0x800'ca69         Code  Gb  cmain.o [19]
ADC_Cmd                  0x800'7c97   0x1a  Code  Gb  stm32f4xx_adc.o [5]
ADC_CommonInit           0x800'7c77   0x20  Code  Gb  stm32f4xx_adc.o [5]
ADC_DMACmd               0x800'7db1   0x1a  Code  Gb  stm32f4xx_adc.o [5]
ADC_DMARequestAfterLastTransferCmd
                         0x800'7dcb   0x1a  Code  Gb  stm32f4xx_adc.o [5]
ADC_Init                 0x800'7c2d   0x4a  Code  Gb  stm32f4xx_adc.o [5]
ADC_RegularChannelConfig
                         0x800'7cd3   0xd4  Code  Gb  stm32f4xx_adc.o [5]
ADC_SoftwareStartConv    0x800'7da7    0xa  Code  Gb  stm32f4xx_adc.o [5]
ADC_TempSensorVrefintCmd
                         0x800'7cb1   0x22  Code  Gb  stm32f4xx_adc.o [5]
APBAHBPrescTable        0x2000'01b8   0x10  Data  Lc  stm32f4xx_rcc.o [5]
APP_Rx_Buffer           0x2000'0a18  0x800  Data  Gb  usbd_cdc_core.o [13]
APP_Rx_length           0x2000'5b2c    0x4  Data  Gb  usbd_cdc_core.o [13]
APP_Rx_ptr_in           0x2000'5b24    0x4  Data  Gb  usbd_cdc_core.o [13]
APP_Rx_ptr_out          0x2000'5b28    0x4  Data  Gb  usbd_cdc_core.o [13]
Adc1_Config              0x800'b78d   0x2a  Code  Gb  board.o [2]
Adc1_GetMcuInternalTemperature
                         0x800'7b69   0x42  Code  Gb  adc.o [2]
Adc1_ReadConvertValue    0x800'7aa3   0xc6  Code  Gb  adc.o [2]
Adc3_Config              0x800'b6d9   0xb4  Code  Gb  board.o [2]
Adc3_GetAdjVoltage       0x800'7679  0x16c  Code  Gb  adc.o [2]
Adc3_GetFixVoltage       0x800'77e5  0x2be  Code  Gb  adc.o [2]
Adc3_ReadConvertValue    0x800'75ad   0xcc  Code  Gb  adc.o [2]
Adc_1_ConValue          0x2000'590c   0x50  Data  Gb  adc.o [2]
Adc_3_ConValue          0x2000'3d4c  0x230  Data  Gb  adc.o [2]
Adc_Init                 0x800'7521   0x8c  Code  Gb  adc.o [2]
Adjust_Cw_Reset          0x800'58a3    0xc  Code  Gb  adjustvoltage.o [4]
Adjust_Hv2_Reset         0x800'588d   0x16  Code  Gb  adjustvoltage.o [4]
Adjust_Hv_Reset          0x800'5849   0x44  Code  Gb  adjustvoltage.o [4]
Adjust_Voltage_CW        0x800'593b   0x84  Code  Gb  adjustvoltage.o [4]
Adjust_Voltage_HV        0x800'58af   0x8c  Code  Gb  adjustvoltage.o [4]
Adjust_Voltage_Pcw_Ncw   0x800'5827   0x22  Code  Gb  adjustvoltage.o [4]
Adjust_Voltage_Vnn1_Vnn2
                         0x800'5805   0x22  Code  Gb  adjustvoltage.o [4]
Adjust_Voltage_Vpp1      0x800'57cb   0x1e  Code  Gb  adjustvoltage.o [4]
Adjust_Voltage_Vpp2      0x800'57e9   0x1c  Code  Gb  adjustvoltage.o [4]
App_Com_Task             0x800'c4c1   0x80  Code  Gb  app_com.o [1]
App_Com_TaskCreate       0x800'c541   0x3a  Code  Gb  app_com.o [1]
App_Com_Task_Stk        0x2000'224c  0x400  Data  Gb  app_com.o [1]
App_Fan_Task             0x800'c5a5   0x20  Code  Gb  app_fan.o [1]
App_Fan_TaskCreate       0x800'c5c5   0x3a  Code  Gb  app_fan.o [1]
App_Fan_Task_Stk        0x2000'264c  0x400  Data  Gb  app_fan.o [1]
App_Led_Task             0x800'c44d   0x24  Code  Gb  app_led.o [1]
App_Led_TaskCreate       0x800'c471   0x3a  Code  Gb  app_led.o [1]
App_Led_Task_Stk        0x2000'2a4c  0x400  Data  Gb  app_led.o [1]
App_PwrManager_Task      0x800'c611   0x1e  Code  Gb  app_pwrmanager.o [1]
App_PwrManager_TaskCreate
                         0x800'c62f   0x3a  Code  Gb  app_pwrmanager.o [1]
App_PwrManager_Task_Stk
                        0x2000'2e4c  0x400  Data  Gb  app_pwrmanager.o [1]
App_Start_Task           0x800'c345   0xaa  Code  Gb  app.o [1]
App_Start_Task_Create    0x800'c3ef   0x3a  Code  Gb  app.o [1]
App_Start_Task_Stk      0x2000'1e4c  0x400  Data  Gb  app.o [1]
App_SysOnOff_Task        0x800'a45b   0x20  Code  Gb  app_sysonoff.o [1]
App_SysOnOff_TaskCreate
                         0x800'a47b   0x3a  Code  Gb  app_sysonoff.o [1]
App_SysOnOff_Task_Stk   0x2000'0218  0x800  Data  Gb  app_sysonoff.o [1]
App_Temperature_Task     0x800'c679   0x20  Code  Gb  app_temperature.o [1]
App_Temperature_TaskCreate
                         0x800'c699   0x3a  Code  Gb  app_temperature.o [1]
App_Temperature_Task_Stk
                        0x2000'324c  0x400  Data  Gb  app_temperature.o [1]
App_Usb_Task             0x800'7e19  0x696  Code  Gb  app_usb.o [1]
App_Usb_TaskCreate       0x800'84af   0x3a  Code  Gb  app_usb.o [1]
App_Usb_Task_Stk        0x2000'364c  0x400  Data  Gb  app_usb.o [1]
BSP_CPU_ClkFreq          0x800'27d5    0xe  Code  Gb  bsp.o [6]
Bat1_PowerRead           0x800'ab63   0x46  Code  Gb  bat1.o [4]
Bat2_PowerRead           0x800'aecf   0x46  Code  Gb  bat2.o [4]
Battery_Power_Read       0x800'a569  0x2f0  Code  Gb  power.o [4]
Battery_Power_Read::bat1ChargeRecoverCnt
                        0x2000'5b6a    0x2  Data  Lc  power.o [4]
Battery_Power_Read::bat1_Charging
                        0x2000'5b7d    0x1  Data  Lc  power.o [4]
Battery_Power_Read::bat2ChargeRecoverCnt
                        0x2000'5b6c    0x2  Data  Lc  power.o [4]
Battery_Power_Read::bat2_Charging
                        0x2000'5b7e    0x1  Data  Lc  power.o [4]
BoardInfo               0x2000'5a38   0x10  Data  Gb  command_process.o [4]
Board_Bsp_Init           0x800'b86f   0x56  Code  Gb  board.o [2]
BusFault_Handler         0x800'c7a7    0x2  Code  Gb  stm32f4xx_it.o [16]
CPU_CntLeadZeros         0x800'129b         Code  Gb  cpu_a.o [8]
CPU_CntTrailZeros        0x800'12a1         Code  Gb  cpu_a.o [8]
CPU_Init                 0x800'3ed9    0xc  Code  Gb  cpu_core.o [8]
CPU_IntDis               0x800'127d         Code  Gb  cpu_a.o [8]
CPU_IntEn                0x800'1281         Code  Gb  cpu_a.o [8]
CPU_Name                0x2000'5a48   0x10  Data  Gb  cpu_core.o [8]
CPU_NameClr              0x800'3ee5   0x1a  Code  Gb  cpu_core.o [8]
CPU_NameInit             0x800'3f05    0x8  Code  Lc  cpu_core.o [8]
CPU_RevBits              0x800'12ab         Code  Gb  cpu_a.o [8]
CPU_SR_Restore           0x800'128d         Code  Gb  cpu_a.o [8]
CPU_SR_Save              0x800'1285         Code  Gb  cpu_a.o [8]
CPU_TS_Init              0x800'3f0d    0xe  Code  Lc  cpu_core.o [8]
CPU_TS_TmrFreqSet        0x800'3eff    0x6  Code  Gb  cpu_core.o [8]
CPU_TS_TmrFreq_Hz       0x2000'5a84    0x4  Data  Gb  cpu_core.o [8]
CPU_TS_TmrInit           0x800'27e3   0x2a  Code  Gb  bsp.o [6]
CPU_TS_TmrRd             0x800'280d    0x6  Code  Gb  bsp.o [6]
CPU_WaitForExcept        0x800'1297         Code  Gb  cpu_a.o [8]
CPU_WaitForInt           0x800'1293         Code  Gb  cpu_a.o [8]
CSTACK$$Base            0x2000'5b88          --   Gb  - Linker created -
CSTACK$$Limit           0x2000'7b88          --   Gb  - Linker created -
Calc_TarVol_AlowRange    0x800'51fb   0xce  Code  Gb  command_process.o [4]
CheckBatteryState        0x800'a545   0x24  Code  Gb  power.o [4]
CmdBuff                 0x2000'5a7c    0x8  Data  Gb  usbd_cdc_core.o [13]
Cmd_Process              0x800'562b   0x98  Code  Gb  command_process.o [4]
ComTaskTcb              0x2000'4e7c   0xc0  Data  Gb  app_com.o [1]
Com_IRQHandler_CallBack
                         0x800'b99f   0xac  Code  Gb  usart.o [2]
CommuComRX              0x2000'01fc    0x8  Data  Gb  usart.o [2]
CommuComTX              0x2000'0204    0x8  Data  Gb  usart.o [2]
Commu_Com_Config         0x800'b61d   0xbc  Code  Gb  board.o [2]
DAC_Cmd                  0x800'6607   0x2c  Code  Gb  stm32f4xx_dac.o [5]
DAC_Init                 0x800'65d9   0x2e  Code  Gb  stm32f4xx_dac.o [5]
DAC_SetChannel1Data      0x800'6663   0x1c  Code  Gb  stm32f4xx_dac.o [5]
DAC_SetChannel2Data      0x800'667f   0x1c  Code  Gb  stm32f4xx_dac.o [5]
DAC_SoftwareTriggerCmd   0x800'6633   0x30  Code  Gb  stm32f4xx_dac.o [5]
DCD_EP_Close             0x800'9c25   0x46  Code  Gb  usb_dcd.o [15]
DCD_EP_ClrStall          0x800'9d39   0x46  Code  Gb  usb_dcd.o [15]
DCD_EP_Open              0x800'9bc5   0x60  Code  Gb  usb_dcd.o [15]
DCD_EP_PrepareRx         0x800'9c6b   0x48  Code  Gb  usb_dcd.o [15]
DCD_EP_SetAddress        0x800'9d7f   0x12  Code  Gb  usb_dcd.o [15]
DCD_EP_Stall             0x800'9cf3   0x46  Code  Gb  usb_dcd.o [15]
DCD_EP_Tx                0x800'9cb3   0x40  Code  Gb  usb_dcd.o [15]
DCD_HandleEnumDone_ISR   0x800'7373  0x100  Code  Lc  usb_dcd_int.o [15]
DCD_HandleInEP_ISR       0x800'6faf   0xe0  Code  Lc  usb_dcd_int.o [15]
DCD_HandleOutEP_ISR      0x800'708f   0xcc  Code  Lc  usb_dcd_int.o [15]
DCD_HandleResume_ISR     0x800'6ee5   0x4a  Code  Lc  usb_dcd_int.o [15]
DCD_HandleRxStatusQueueLevel_ISR
                         0x800'7179   0xa2  Code  Lc  usb_dcd_int.o [15]
DCD_HandleSof_ISR        0x800'715b   0x1e  Code  Lc  usb_dcd_int.o [15]
DCD_HandleUSBSuspend_ISR
                         0x800'6f2f   0x80  Code  Lc  usb_dcd_int.o [15]
DCD_HandleUsbReset_ISR   0x800'72c9   0xaa  Code  Lc  usb_dcd_int.o [15]
DCD_Init                 0x800'9b2b   0x9a  Code  Gb  usb_dcd.o [15]
DCD_IsoINIncomplete_ISR
                         0x800'7473   0x1c  Code  Lc  usb_dcd_int.o [15]
DCD_IsoOUTIncomplete_ISR
                         0x800'748f   0x1c  Code  Lc  usb_dcd_int.o [15]
DCD_OTG_ISR              0x800'6ec1   0x24  Code  Lc  usb_dcd_int.o [15]
DCD_ReadDevInEP          0x800'7501   0x20  Code  Lc  usb_dcd_int.o [15]
DCD_SessionRequest_ISR   0x800'6ea3   0x1e  Code  Lc  usb_dcd_int.o [15]
DCD_WriteEmptyTxFifo     0x800'721b   0xae  Code  Lc  usb_dcd_int.o [15]
DMA1_Stream4_IRQHandler
                         0x800'c7fd   0x10  Code  Gb  stm32f4xx_it.o [16]
DMA1_Stream6_IRQHandler
                         0x800'c80d   0x10  Code  Gb  stm32f4xx_it.o [16]
DMA_ClearFlag            0x800'5c9b   0x20  Code  Gb  stm32f4xx_dma.o [5]
DMA_ClearITPendingBit    0x800'5d49   0x20  Code  Gb  stm32f4xx_dma.o [5]
DMA_Cmd                  0x800'5c75   0x1a  Code  Gb  stm32f4xx_dma.o [5]
DMA_GetCurrDataCounter   0x800'5c95    0x6  Code  Gb  stm32f4xx_dma.o [5]
DMA_GetITStatus          0x800'5cfd   0x4c  Code  Gb  stm32f4xx_dma.o [5]
DMA_ITConfig             0x800'5cbb   0x42  Code  Gb  stm32f4xx_dma.o [5]
DMA_Init                 0x800'5c25   0x50  Code  Gb  stm32f4xx_dma.o [5]
DMA_SetCurrDataCounter   0x800'5c8f    0x6  Code  Gb  stm32f4xx_dma.o [5]
DS2431_ReadByte          0x800'5b19   0x60  Code  Gb  ds2431.o [4]
DS2431_Reset             0x800'5a75   0x4c  Code  Gb  ds2431.o [4]
DS2431_WriteByte         0x800'5ac1   0x58  Code  Gb  ds2431.o [4]
DS2431_WriteData         0x800'5b79   0xa8  Code  Gb  ds2431.o [4]
DacCw_Tlv5626cd_ValueSet
                         0x800'6751   0x9a  Code  Gb  tlv5626cd.o [4]
DacHv_Tlv5626cd_ValueSet
                         0x800'66b7   0x9a  Code  Gb  tlv5626cd.o [4]
Dac_config               0x800'bdbf   0x30  Code  Gb  dac.o [2]
DateStr                 0x2000'01c8    0xc  Data  Gb  app_usb.o [1]
DebugComRX              0x2000'01f4    0x8  Data  Gb  usart.o [2]
DebugMon_Handler         0x800'c7ad    0x2  Code  Gb  stm32f4xx_it.o [16]
Delay_Nop                0x800'6bf5    0xc  Code  Gb  system.o [4]
Dma_Config               0x800'bc65   0x82  Code  Gb  dma.o [2]
Dmay_Streamx_IRQHandler_CallBack
                         0x800'bce7   0x28  Code  Gb  dma.o [2]
Ec_Info                 0x2000'00b0   0x34  Data  Gb  command_process.o [4]
Emc2305_ReadByte         0x800'900b   0x64  Code  Gb  emc2305.o [4]
Emc2305_ReadData         0x800'906f   0x94  Code  Gb  emc2305.o [4]
Emc2305_WriteByte        0x800'8fb9   0x52  Code  Gb  emc2305.o [4]
FanTaskTcb              0x2000'4f3c   0xc0  Data  Gb  app_fan.o [1]
Fan_Config               0x800'b867    0x8  Code  Gb  board.o [2]
Fan_Emc2305_Control      0x800'9103  0x120  Code  Gb  emc2305.o [4]
Fan_Emc2305_Control::TempNow
                        0x2000'5b71    0x1  Data  Lc  emc2305.o [4]
Fan_Emc2305_Control::TempOld
                        0x2000'5b72    0x1  Data  Lc  emc2305.o [4]
Fan_Emc2305_Init         0x800'9375   0x72  Code  Gb  emc2305.o [4]
Fan_Speed_Read           0x800'9223  0x13e  Code  Gb  emc2305.o [4]
FrameCmdPackage          0x800'54c9   0xa6  Code  Gb  command_process.o [4]
GPIO_Init                0x800'4ce5   0xa4  Code  Gb  stm32f4xx_gpio.o [5]
GPIO_PinAFConfig         0x800'4daf   0x54  Code  Gb  stm32f4xx_gpio.o [5]
GPIO_ReadInputDataBit    0x800'4d89   0x14  Code  Gb  stm32f4xx_gpio.o [5]
GPIO_ResetBits           0x800'4da1    0x4  Code  Gb  stm32f4xx_gpio.o [5]
GPIO_SetBits             0x800'4d9d    0x4  Code  Gb  stm32f4xx_gpio.o [5]
GPIO_ToggleBits          0x800'4da5    0xa  Code  Gb  stm32f4xx_gpio.o [5]
Get_AdjCw_Msg            0x800'5355   0x8c  Code  Gb  command_process.o [4]
Get_AdjHv_Msg            0x800'52c9   0x8c  Code  Gb  command_process.o [4]
Get_Compile_Info         0x800'51ef    0xc  Code  Gb  command_process.o [4]
Get_EC_Info              0x800'51d7    0xc  Code  Gb  command_process.o [4]
Get_Fan_Info             0x800'53ed    0xc  Code  Gb  command_process.o [4]
Get_FireWare_Version     0x800'51e3    0xc  Code  Gb  command_process.o [4]
Get_Pwr_Info             0x800'53f9    0xc  Code  Gb  command_process.o [4]
Get_SerialNum            0x800'c293   0x28  Code  Lc  usbd_desc.o [12]
Get_Voltage_Msg          0x800'53e1    0xc  Code  Gb  command_process.o [4]
Get_Vpp1Vnn1DisResponse
                         0x800'541f   0x1a  Code  Gb  command_process.o [4]
Get_Vpp1Vnn1EnResponse   0x800'5405   0x1a  Code  Gb  command_process.o [4]
Get_Vpp2Vnn2DisResponse
                         0x800'5453   0x1a  Code  Gb  command_process.o [4]
Get_Vpp2Vnn2EnResponse   0x800'5439   0x1a  Code  Gb  command_process.o [4]
Gpio_Config              0x800'8647  0x6b4  Code  Gb  gpio.o [2]
Gpio_Init                0x800'8625   0x22  Code  Lc  gpio.o [2]
Handle_USBAsynchXfer     0x800'b51b   0xc2  Code  Lc  usbd_cdc_core.o [13]
HardFault_Handler        0x800'c7a3    0x2  Code  Gb  stm32f4xx_it.o [16]
I2c_Bat1_ReadByte        0x800'aa73   0x58  Code  Gb  bat1.o [4]
I2c_Bat1_ReadData        0x800'aacb   0x98  Code  Gb  bat1.o [4]
I2c_Bat1_SendAck         0x800'a9f3   0x40  Code  Gb  bat1.o [4]
I2c_Bat1_SendByte        0x800'a94d   0x5c  Code  Gb  bat1.o [4]
I2c_Bat1_SendNack        0x800'aa33   0x40  Code  Gb  bat1.o [4]
I2c_Bat1_Start           0x800'a8d9   0x3a  Code  Gb  bat1.o [4]
I2c_Bat1_Stop            0x800'a913   0x3a  Code  Gb  bat1.o [4]
I2c_Bat1_WaitAck         0x800'a9a9   0x4a  Code  Gb  bat1.o [4]
I2c_Bat2_ReadByte        0x800'add7   0x60  Code  Gb  bat2.o [4]
I2c_Bat2_ReadData        0x800'ae37   0x98  Code  Gb  bat2.o [4]
I2c_Bat2_SendAck         0x800'ad47   0x48  Code  Gb  bat2.o [4]
I2c_Bat2_SendByte        0x800'ac99   0x5e  Code  Gb  bat2.o [4]
I2c_Bat2_SendNack        0x800'ad8f   0x48  Code  Gb  bat2.o [4]
I2c_Bat2_Start           0x800'ac15   0x42  Code  Gb  bat2.o [4]
I2c_Bat2_Stop            0x800'ac57   0x42  Code  Gb  bat2.o [4]
I2c_Bat2_WaitAck         0x800'acf7   0x50  Code  Gb  bat2.o [4]
I2c_Emc_ReadByte         0x800'8e7b   0x60  Code  Gb  emc2305.o [4]
I2c_Emc_SendAck          0x800'8f29   0x48  Code  Gb  emc2305.o [4]
I2c_Emc_SendByte         0x800'8e1d   0x5e  Code  Gb  emc2305.o [4]
I2c_Emc_SendNack         0x800'8f71   0x48  Code  Gb  emc2305.o [4]
I2c_Emc_Start            0x800'8d93   0x48  Code  Gb  emc2305.o [4]
I2c_Emc_Stop             0x800'8ddb   0x42  Code  Gb  emc2305.o [4]
I2c_Emc_WaitAck          0x800'8edb   0x4e  Code  Gb  emc2305.o [4]
I2c_Tmp_ReadByte         0x800'b1af   0x60  Code  Gb  tmp468.o [4]
I2c_Tmp_SendAck          0x800'b11f   0x48  Code  Gb  tmp468.o [4]
I2c_Tmp_SendByte         0x800'b071   0x64  Code  Gb  tmp468.o [4]
I2c_Tmp_SendNack         0x800'b167   0x48  Code  Gb  tmp468.o [4]
I2c_Tmp_Start            0x800'afe1   0x4a  Code  Gb  tmp468.o [4]
I2c_Tmp_Stop             0x800'b02b   0x46  Code  Gb  tmp468.o [4]
I2c_Tmp_WaitAck          0x800'b0d5   0x4a  Code  Gb  tmp468.o [4]
IIC1_SDA_IN              0x800'afb5   0x2c  Code  Gb  tmp468.o [4]
IIC1_SDA_OUT             0x800'af89   0x2c  Code  Gb  tmp468.o [4]
I_AdcDma_Config          0x800'b811   0x56  Code  Gb  board.o [2]
InValid_CidData          0x800'546d   0x14  Code  Gb  command_process.o [4]
IntToUnicode             0x800'c2f5   0x4e  Code  Lc  usbd_desc.o [12]
LedTaskTcb              0x2000'4ffc   0xc0  Data  Gb  app_led.o [1]
MemManage_Handler        0x800'c7a5    0x2  Code  Gb  stm32f4xx_it.o [16]
Mem_Clr                  0x800'41dd    0xc  Code  Gb  lib_mem.o [11]
Mem_Set                  0x800'41e9   0x4c  Code  Gb  lib_mem.o [11]
NMI_Handler              0x800'c7a1    0x2  Code  Gb  stm32f4xx_it.o [16]
NVIC_Init                0x800'4e0f   0x62  Code  Gb  misc.o [5]
NVIC_PriorityGroupConfig
                         0x800'4e05    0xa  Code  Gb  misc.o [5]
NVIC_SetPriority         0x800'67f5   0x24  Code  Lc  systick.o [2]
NVIC_SetVectorTable      0x800'4e71    0xc  Code  Gb  misc.o [5]
Ncw_Calculate_AdjVol     0x800'579d   0x2e  Code  Gb  adjustvoltage.o [4]
Nvic_Config              0x800'bd1d   0xa2  Code  Gb  nvic.o [2]
OSCfg_DataSizeRAM        0x800'ccb0    0x4  Data  Gb  os_cfg_app.o [10]
OSCfg_ISRStk            0x2000'437c  0x200  Data  Gb  os_cfg_app.o [10]
OSCfg_ISRStkBasePtr      0x800'cc5c    0x4  Data  Gb  os_cfg_app.o [10]
OSCfg_ISRStkSize         0x800'cc60    0x4  Data  Gb  os_cfg_app.o [10]
OSCfg_ISRStkSizeRAM      0x800'cc64    0x4  Data  Gb  os_cfg_app.o [10]
OSCfg_IdleTaskStk       0x2000'3f7c  0x200  Data  Gb  os_cfg_app.o [10]
OSCfg_IdleTaskStkBasePtr
                         0x800'cc34    0x4  Data  Gb  os_cfg_app.o [10]
OSCfg_IdleTaskStkLimit   0x800'cc38    0x4  Data  Gb  os_cfg_app.o [10]
OSCfg_IdleTaskStkSize    0x800'cc3c    0x4  Data  Gb  os_cfg_app.o [10]
OSCfg_IdleTaskStkSizeRAM
                         0x800'cc40    0x4  Data  Gb  os_cfg_app.o [10]
OSCfg_Init               0x800'3ba1   0xe0  Code  Gb  os_cfg_app.o [10]
OSCfg_IntQ              0x2000'4b7c  0x140  Data  Gb  os_cfg_app.o [10]
OSCfg_IntQBasePtr        0x800'cc44    0x4  Data  Gb  os_cfg_app.o [10]
OSCfg_IntQSize           0x800'4ce2    0x2  Data  Gb  os_cfg_app.o [10]
OSCfg_IntQSizeRAM        0x800'cc48    0x4  Data  Gb  os_cfg_app.o [10]
OSCfg_IntQTaskStk       0x2000'417c  0x200  Data  Gb  os_cfg_app.o [10]
OSCfg_IntQTaskStkBasePtr
                         0x800'cc4c    0x4  Data  Gb  os_cfg_app.o [10]
OSCfg_IntQTaskStkLimit   0x800'cc50    0x4  Data  Gb  os_cfg_app.o [10]
OSCfg_IntQTaskStkSize    0x800'cc54    0x4  Data  Gb  os_cfg_app.o [10]
OSCfg_IntQTaskStkSizeRAM
                         0x800'cc58    0x4  Data  Gb  os_cfg_app.o [10]
OSCfg_MsgPool           0x2000'1218  0x640  Data  Gb  os_cfg_app.o [10]
OSCfg_MsgPoolBasePtr     0x800'cc6c    0x4  Data  Gb  os_cfg_app.o [10]
OSCfg_MsgPoolSize        0x800'4e02    0x2  Data  Gb  os_cfg_app.o [10]
OSCfg_MsgPoolSizeRAM     0x800'cc68    0x4  Data  Gb  os_cfg_app.o [10]
OSCfg_StatTaskPrio       0x800'cdfe    0x1  Data  Gb  os_cfg_app.o [10]
OSCfg_StatTaskRate_Hz    0x800'cc70    0x4  Data  Gb  os_cfg_app.o [10]
OSCfg_StatTaskStk       0x2000'457c  0x200  Data  Gb  os_cfg_app.o [10]
OSCfg_StatTaskStkBasePtr
                         0x800'cc74    0x4  Data  Gb  os_cfg_app.o [10]
OSCfg_StatTaskStkLimit   0x800'cc78    0x4  Data  Gb  os_cfg_app.o [10]
OSCfg_StatTaskStkSize    0x800'cc7c    0x4  Data  Gb  os_cfg_app.o [10]
OSCfg_StatTaskStkSizeRAM
                         0x800'cc80    0x4  Data  Gb  os_cfg_app.o [10]
OSCfg_StkSizeMin         0x800'cc84    0x4  Data  Gb  os_cfg_app.o [10]
OSCfg_TickRate_Hz        0x800'cc88    0x4  Data  Gb  os_cfg_app.o [10]
OSCfg_TickTaskPrio       0x800'cdff    0x1  Data  Gb  os_cfg_app.o [10]
OSCfg_TickTaskStk       0x2000'477c  0x200  Data  Gb  os_cfg_app.o [10]
OSCfg_TickTaskStkBasePtr
                         0x800'cc8c    0x4  Data  Gb  os_cfg_app.o [10]
OSCfg_TickTaskStkLimit   0x800'cc90    0x4  Data  Gb  os_cfg_app.o [10]
OSCfg_TickTaskStkSize    0x800'cc94    0x4  Data  Gb  os_cfg_app.o [10]
OSCfg_TickTaskStkSizeRAM
                         0x800'cc98    0x4  Data  Gb  os_cfg_app.o [10]
OSCfg_TmrTaskPrio        0x800'ce00    0x1  Data  Gb  os_cfg_app.o [10]
OSCfg_TmrTaskRate_Hz     0x800'cc9c    0x4  Data  Gb  os_cfg_app.o [10]
OSCfg_TmrTaskStk        0x2000'497c  0x200  Data  Gb  os_cfg_app.o [10]
OSCfg_TmrTaskStkBasePtr
                         0x800'cca0    0x4  Data  Gb  os_cfg_app.o [10]
OSCfg_TmrTaskStkLimit    0x800'cca4    0x4  Data  Gb  os_cfg_app.o [10]
OSCfg_TmrTaskStkSize     0x800'cca8    0x4  Data  Gb  os_cfg_app.o [10]
OSCfg_TmrTaskStkSizeRAM
                         0x800'ccac    0x4  Data  Gb  os_cfg_app.o [10]
OSCtxSw                  0x800'3c9f         Code  Gb  os_cpu_a.o [9]
OSDbg_AppHooksEn         0x800'ce03    0x1  Data  Gb  os_dbg.o [10]
OSDbg_ArgChkEn           0x800'ce02    0x1  Data  Gb  os_dbg.o [10]
OSDbg_CalledFromISRChkEn
                         0x800'ce04    0x1  Data  Gb  os_dbg.o [10]
OSDbg_DataSize           0x800'ccbc    0x4  Data  Gb  os_dbg.o [10]
OSDbg_DbgEn              0x800'ce01    0x1  Data  Gb  os_dbg.o [10]
OSDbg_EndiannessTest     0x800'ccb4    0x4  Data  Gb  os_dbg.o [10]
OSDbg_FlagDelEn          0x800'ce06    0x1  Data  Gb  os_dbg.o [10]
OSDbg_FlagEn             0x800'ce05    0x1  Data  Gb  os_dbg.o [10]
OSDbg_FlagGrp            0x800'c95c   0x28  Data  Gb  os_dbg.o [10]
OSDbg_FlagGrpSize        0x800'5da6    0x2  Data  Gb  os_dbg.o [10]
OSDbg_FlagModeClrEn      0x800'ce07    0x1  Data  Gb  os_dbg.o [10]
OSDbg_FlagPendAbortEn    0x800'ce08    0x1  Data  Gb  os_dbg.o [10]
OSDbg_FlagWidth          0x800'5fee    0x2  Data  Gb  os_dbg.o [10]
OSDbg_ISRPostDeferredEn
                         0x800'ce09    0x1  Data  Gb  os_dbg.o [10]
OSDbg_IntQ               0x800'624e    0x2  Data  Gb  os_dbg.o [10]
OSDbg_Mem                0x800'ca48   0x20  Data  Gb  os_dbg.o [10]
OSDbg_MemEn              0x800'ce0a    0x1  Data  Gb  os_dbg.o [10]
OSDbg_MemSize            0x800'64aa    0x2  Data  Gb  os_dbg.o [10]
OSDbg_MsgEn              0x800'ce0b    0x1  Data  Gb  os_dbg.o [10]
OSDbg_MsgPoolSize        0x800'7e16    0x2  Data  Gb  os_dbg.o [10]
OSDbg_MsgQSize           0x800'8622    0x2  Data  Gb  os_dbg.o [10]
[...]
PwrManagerTcb           0x2000'50bc   0xc0  Data  Gb  app_pwrmanager.o [1]
RCC_AHB1PeriphClockCmd   0x800'3e23   0x28  Code  Gb  stm32f4xx_rcc.o [5]
RCC_AHB2PeriphClockCmd   0x800'3e4b   0x24  Code  Gb  stm32f4xx_rcc.o [5]
RCC_APB1PeriphClockCmd   0x800'3e6f   0x20  Code  Gb  stm32f4xx_rcc.o [5]
RCC_APB2PeriphClockCmd   0x800'3e8f   0x20  Code  Gb  stm32f4xx_rcc.o [5]
RCC_GetClocksFreq        0x800'3d47   0xdc  Code  Gb  stm32f4xx_rcc.o [5]
RCC_LSEConfig            0x800'3d15   0x32  Code  Gb  stm32f4xx_rcc.o [5]
RcvData                 0x2000'5844   0x64  Data  Gb  usart.o [2]
RcvDataCmd              0x2000'577c   0x64  Data  Gb  command_process.o [4]
RcvFrameCmd             0x2000'01d4    0xc  Data  Gb  command_process.o [4]
Read_BowarInfo           0x800'54bd    0xc  Code  Gb  command_process.o [4]
ReceiveFrameAnalysis     0x800'558b   0xa0  Code  Gb  command_process.o [4]
Region$$Table$$Base      0x800'ca1c          --   Gb  - Linker created -
Region$$Table$$Limit     0x800'ca48          --   Gb  - Linker created -
SET_TEST_MODE           0x2000'5b3c    0x4  Data  Gb  usbd_core.o [14]
SMDAT_2305_IN            0x800'8d61   0x32  Code  Gb  emc2305.o [4]
SMDAT_2305_OUT           0x800'8d25   0x3c  Code  Gb  emc2305.o [4]
SMDAT_BAT1_IN            0x800'a8a9   0x30  Code  Gb  bat1.o [4]
SMDAT_BAT1_OUT           0x800'a879   0x30  Code  Gb  bat1.o [4]
SMDAT_BAT2_IN            0x800'abe3   0x32  Code  Gb  bat2.o [4]
SMDAT_BAT2_OUT           0x800'abb1   0x32  Code  Gb  bat2.o [4]
SPI_Cmd                  0x800'6d7b   0x1c  Code  Gb  stm32f4xx_spi.o [5]
SPI_I2S_GetFlagStatus    0x800'6d9b   0x12  Code  Gb  stm32f4xx_spi.o [5]
SPI_I2S_SendData         0x800'6d97    0x4  Code  Gb  stm32f4xx_spi.o [5]
SPI_Init                 0x800'6d41   0x3a  Code  Gb  stm32f4xx_spi.o [5]
SPI_WriteHalfWord        0x800'69b5   0x34  Code  Gb  spi.o [2]
SVC_Handler              0x800'c7ab    0x2  Code  Gb  stm32f4xx_it.o [16]
SenData                 0x2000'58a8   0x64  Data  Gb  usart.o [2]
SenDataCmd              0x2000'57e0   0x64  Data  Gb  command_process.o [4]
SenFrameCmd             0x2000'01e0    0xc  Data  Gb  command_process.o [4]
Send_CmdPackage          0x800'556f   0x1c  Code  Gb  command_process.o [4]
SetSysClock              0x800'c107   0xce  Code  Lc  system_stm32f4xx.o [3]
Spi_Dac_Config           0x800'66a5   0x12  Code  Gb  tlv5626cd.o [4]
Spi_config               0x800'68dd   0xbe  Code  Gb  spi.o [2]
StartTaskTcb            0x2000'4dbc   0xc0  Data  Gb  app.o [1]
SysMsg                  0x2000'0000   0x6c  Data  Gb  system.o [4]
SysOnOffTaskTcb         0x2000'517c   0xc0  Data  Gb  app_sysonoff.o [1]
SysTick_CLKSourceConfig
                         0x800'4e7d   0x20  Code  Gb  misc.o [5]
SysTick_Config           0x800'6819   0x2e  Code  Lc  systick.o [2]
SysTick_Handler          0x800'c7af   0x1c  Code  Gb  stm32f4xx_it.o [16]
SysTick_Iint             0x800'6847   0x14  Code  Gb  systick.o [2]
Sys_StateChk_Tmr        0x2000'59dc   0x30  Data  Gb  app.o [1]
SystemInit               0x800'c0c1   0x46  Code  Gb  system_stm32f4xx.o [3]
SystemStateInit          0x800'69e9  0x20c  Code  Gb  system.o [4]
System_OffCtrl           0x800'a3d1   0x8a  Code  Gb  app_sysonoff.o [1]
System_OnCtrl            0x800'a273  0x15e  Code  Gb  app_sysonoff.o [1]
System_OnCtrl::Pwr_OnSequence
                        0x2000'5b70    0x1  Data  Lc  app_sysonoff.o [1]
System_OnCtrl::cnt      0x2000'5b4c    0x2  Data  Lc  app_sysonoff.o [1]
System_PwrKey_Minitor    0x800'6c01   0xb4  Code  Gb  system.o [4]
System_PwrKey_Minitor::startCnt
                        0x2000'5b6e    0x2  Data  Lc  system.o [4]
System_PwrKey_Minitor::stateNow
                        0x2000'5b7f    0x1  Data  Lc  system.o [4]
System_PwrKey_Minitor::stateOld
                        0x2000'5b80    0x1  Data  Lc  system.o [4]
System_S3_State_Minitor
                         0x800'6cb5   0x6a  Code  Gb  system.o [4]
System_S3_State_Minitor::startCnt
                        0x2000'5b81    0x1  Data  Lc  system.o [4]
System_S3_State_Minitor::stateNow
                        0x2000'5b82    0x1  Data  Lc  system.o [4]
System_S3_State_Minitor::stateOld
                        0x2000'5b83    0x1  Data  Lc  system.o [4]
TIM2_IRQHandler          0x800'c81d   0x10  Code  Gb  stm32f4xx_it.o [16]
TIM2_IRQHandler_CallBack
                         0x800'be77   0x20  Code  Gb  timer.o [2]
TIM_ClearITPendingBit    0x800'bf61    0x8  Code  Gb  stm32f4xx_tim.o [5]
TIM_Cmd                  0x800'bf11   0x1c  Code  Gb  stm32f4xx_tim.o [5]
TIM_ITConfig             0x800'bf49   0x18  Code  Gb  stm32f4xx_tim.o [5]
TIM_TimeBaseInit         0x800'bea9   0x68  Code  Gb  stm32f4xx_tim.o [5]
TemperatureTaskTcb      0x2000'523c   0xc0  Data  Gb  app_temperature.o [1]
TimeStr                 0x2000'01ec    0x8  Data  Gb  app_usb.o [1]
TimerBase2_5_Config      0x800'bdf1   0x5e  Code  Gb  timer.o [2]
TimerConfig              0x800'be4f   0x28  Code  Gb  timer.o [2]
TimingDelay             0x2000'5b1c    0x4  Data  Gb  systick.o [2]
TimingDelay_Decrement    0x800'685b   0x14  Code  Gb  systick.o [2]
Tmp468_ReadData          0x800'b20f   0x94  Code  Gb  tmp468.o [4]
UART4_IRQHandler         0x800'c7dd   0x10  Code  Gb  stm32f4xx_it.o [16]
USART2_IRQHandler        0x800'c7ed   0x10  Code  Gb  stm32f4xx_it.o [16]
USART_ClearITPendingBit
                         0x800'bc43   0x20  Code  Gb  stm32f4xx_usart.o [5]
USART_Cmd                0x800'bb55   0x1c  Code  Gb  stm32f4xx_usart.o [5]
USART_DMACmd             0x800'bb71   0x18  Code  Gb  stm32f4xx_usart.o [5]
USART_GetITStatus        0x800'bbdd   0x66  Code  Gb  stm32f4xx_usart.o [5]
USART_ITConfig           0x800'bb89   0x54  Code  Gb  stm32f4xx_usart.o [5]
USART_Init               0x800'ba8d   0xba  Code  Gb  stm32f4xx_usart.o [5]
USBD_CDC_cb             0x2000'00e4   0x2c  Data  Gb  usbd_cdc_core.o [13]
USBD_ClrCfg              0x800'a053   0x10  Code  Gb  usbd_core.o [14]
USBD_ClrFeature          0x800'9969   0x34  Code  Lc  usbd_req.o [14]
USBD_CtlContinueRx       0x800'9acd   0x16  Code  Gb  usbd_ioreq.o [14]
USBD_CtlContinueSendData
                         0x800'9a8b   0x16  Code  Gb  usbd_ioreq.o [14]
USBD_CtlError            0x800'99e1   0x1c  Code  Gb  usbd_req.o [14]
USBD_CtlPrepareRx        0x800'9aa1   0x2c  Code  Gb  usbd_ioreq.o [14]
USBD_CtlReceiveStatus    0x800'9b07   0x24  Code  Gb  usbd_ioreq.o [14]
USBD_CtlSendData         0x800'9a5f   0x2c  Code  Gb  usbd_ioreq.o [14]
USBD_CtlSendStatus       0x800'9ae3   0x24  Code  Gb  usbd_ioreq.o [14]
USBD_DCD_INT_cb         0x2000'0110   0x2c  Data  Gb  usbd_core.o [14]
USBD_DCD_INT_fops       0x2000'0210    0x4  Data  Gb  usbd_core.o [14]
USBD_DataInStage         0x800'9ebf   0xe6  Code  Lc  usbd_core.o [14]
USBD_DataOutStage        0x800'9e29   0x96  Code  Lc  usbd_core.o [14]
USBD_DeInit              0x800'9dd5    0x4  Code  Gb  usbd_core.o [14]
USBD_DevConnected        0x800'a07f   0x16  Code  Lc  usbd_core.o [14]
USBD_DevDisconnected     0x800'a095   0x22  Code  Lc  usbd_core.o [14]
USBD_DeviceDesc         0x2000'01a4   0x14  Data  Gb  usbd_desc.o [12]
USBD_GetConfig           0x800'9855   0x38  Code  Lc  usbd_req.o [14]
USBD_GetDescriptor       0x800'962f  0x10e  Code  Lc  usbd_req.o [14]
USBD_GetLen              0x800'9a4b   0x14  Code  Lc  usbd_req.o [14]
USBD_GetStatus           0x800'988d   0x36  Code  Lc  usbd_req.o [14]
USBD_GetString           0x800'99fd   0x4e  Code  Gb  usbd_req.o [14]
USBD_Init                0x800'9d91   0x44  Code  Gb  usbd_core.o [14]
USBD_IsoINIncomplete     0x800'a063    0xe  Code  Lc  usbd_core.o [14]
USBD_IsoOUTIncomplete    0x800'a071    0xe  Code  Lc  usbd_core.o [14]
USBD_LangIDDesc         0x2000'0214    0x4  Data  Gb  usbd_desc.o [12]
USBD_OTG_ISR_Handler     0x800'6dad   0xf6  Code  Gb  usb_dcd_int.o [15]
USBD_ParseSetupRequest   0x800'999d   0x44  Code  Gb  usbd_req.o [14]
USBD_Reset               0x800'9fb5   0x30  Code  Lc  usbd_core.o [14]
USBD_Resume              0x800'9fe5   0x1e  Code  Lc  usbd_core.o [14]
USBD_RunTestMode         0x800'9fa5    0xc  Code  Lc  usbd_core.o [14]
USBD_SOF                 0x800'a01f   0x18  Code  Lc  usbd_core.o [14]
USBD_SetAddress          0x800'973d   0x58  Code  Lc  usbd_req.o [14]
USBD_SetCfg              0x800'a037   0x1c  Code  Gb  usbd_core.o [14]
USBD_SetConfig           0x800'9795   0xc0  Code  Lc  usbd_req.o [14]
USBD_SetConfig::cfgidx  0x2000'5b85    0x1  Data  Lc  usbd_req.o [14]
USBD_SetFeature          0x800'98c3   0x92  Code  Lc  usbd_req.o [14]
USBD_SetupStage          0x800'9dd9   0x50  Code  Lc  usbd_core.o [14]
USBD_StdDevReq           0x800'93e9   0x58  Code  Gb  usbd_req.o [14]
USBD_StdEPReq            0x800'9491  0x19e  Code  Gb  usbd_req.o [14]
USBD_StdItfReq           0x800'9441   0x50  Code  Gb  usbd_req.o [14]
USBD_StrDesc            0x2000'4cbc  0x100  Data  Gb  usbd_desc.o [12]
USBD_StringSerial       0x2000'0158   0x1c  Data  Gb  usbd_desc.o [12]
USBD_Suspend             0x800'a003   0x1c  Code  Lc  usbd_core.o [14]
USBD_USR_ConfigStrDescriptor
                         0x800'c253   0x20  Code  Gb  usbd_desc.o [12]
USBD_USR_DeviceConfigured
                         0x800'4c3f    0x2  Code  Gb  usbd_usr.o [12]
USBD_USR_DeviceConnected
                         0x800'4c45    0x2  Code  Gb  usbd_usr.o [12]
USBD_USR_DeviceDescriptor
                         0x800'c205    0x8  Code  Gb  usbd_desc.o [12]
USBD_USR_DeviceDisconnected
                         0x800'4c47    0x2  Code  Gb  usbd_usr.o [12]
USBD_USR_DeviceReset     0x800'4c3d    0x2  Code  Gb  usbd_usr.o [12]
USBD_USR_DeviceResumed   0x800'4c43    0x2  Code  Gb  usbd_usr.o [12]
USBD_USR_DeviceSuspended
                         0x800'4c41    0x2  Code  Gb  usbd_usr.o [12]
USBD_USR_Init            0x800'4c3b    0x2  Code  Gb  usbd_usr.o [12]
USBD_USR_InterfaceStrDescriptor
                         0x800'c273   0x20  Code  Gb  usbd_desc.o [12]
USBD_USR_LangIDStrDescriptor
                         0x800'c20d    0x8  Code  Gb  usbd_desc.o [12]
USBD_USR_ManufacturerStrDescriptor
                         0x800'c235   0x10  Code  Gb  usbd_desc.o [12]
USBD_USR_ProductStrDescriptor
                         0x800'c215   0x20  Code  Gb  usbd_desc.o [12]
USBD_USR_SerialStrDescriptor
                         0x800'c245    0xe  Code  Gb  usbd_desc.o [12]
USBD_cdc_GetCfgDesc      0x800'b5dd    0x8  Code  Lc  usbd_cdc_core.o [13]
USBD_cfg_status         0x2000'5b48    0x4  Data  Gb  usbd_req.o [14]
USBD_default_cfg        0x2000'5b44    0x4  Data  Gb  usbd_req.o [14]
USBD_ep_status          0x2000'5b40    0x4  Data  Gb  usbd_req.o [14]
USB_OTG_BSP_EnableInterrupt
                         0x800'4c9d   0x2a  Code  Gb  usb_bsp.o [12]
USB_OTG_BSP_Init         0x800'4c49   0x4e  Code  Gb  usb_bsp.o [12]
USB_OTG_BSP_mDelay       0x800'4cd5    0xe  Code  Gb  usb_bsp.o [12]
USB_OTG_BSP_uDelay       0x800'4cc7    0xe  Code  Gb  usb_bsp.o [12]
USB_OTG_CoreInit         0x800'43f1   0xb0  Code  Gb  usb_core.o [15]
USB_OTG_CoreInitDev      0x800'45d9  0x172  Code  Gb  usb_core.o [15]
USB_OTG_CoreReset        0x800'4255   0x60  Code  Lc  usb_core.o [15]
USB_OTG_DisableGlobalInt
                         0x800'44b9   0x1a  Code  Gb  usb_core.o [15]
USB_OTG_EP0Activate      0x800'47d9   0x50  Code  Gb  usb_core.o [15]
USB_OTG_EP0StartXfer     0x800'4a65   0xf0  Code  Gb  usb_core.o [15]
USB_OTG_EP0_OutStart     0x800'4c05   0x36  Code  Gb  usb_core.o [15]
USB_OTG_EPActivate       0x800'4829   0x70  Code  Gb  usb_core.o [15]
USB_OTG_EPClearStall     0x800'4b93   0x3e  Code  Gb  usb_core.o [15]
USB_OTG_EPDeactivate     0x800'4899   0x60  Code  Gb  usb_core.o [15]
USB_OTG_EPSetStall       0x800'4b55   0x3e  Code  Gb  usb_core.o [15]
USB_OTG_EPStartXfer      0x800'48f9  0x16c  Code  Gb  usb_core.o [15]
USB_OTG_EnableCommonInt
                         0x800'4235   0x20  Code  Lc  usb_core.o [15]
USB_OTG_EnableDevInt     0x800'474b   0x60  Code  Gb  usb_core.o [15]
USB_OTG_EnableGlobalInt
                         0x800'44a1   0x18  Code  Gb  usb_core.o [15]
USB_OTG_FlushRxFifo      0x800'451b   0x40  Code  Gb  usb_core.o [15]
USB_OTG_FlushTxFifo      0x800'44d3   0x48  Code  Gb  usb_core.o [15]
USB_OTG_GetDeviceSpeed   0x800'47ab   0x2e  Code  Gb  usb_core.o [15]
USB_OTG_GetMode          0x800'459d    0xa  Code  Gb  usb_core.o [15]
USB_OTG_InitDevSpeed     0x800'45cb    0xe  Code  Gb  usb_core.o [15]
USB_OTG_IsDeviceMode     0x800'45a7   0x14  Code  Gb  usb_core.o [15]
USB_OTG_ReadCoreItr      0x800'45bb   0x10  Code  Gb  usb_core.o [15]
USB_OTG_ReadDevAllInEPItr
                         0x800'4bf5   0x10  Code  Gb  usb_core.o [15]
USB_OTG_ReadDevAllOutEp_itr
                         0x800'4bd1   0x10  Code  Gb  usb_core.o [15]
USB_OTG_ReadDevOutEP_itr
                         0x800'4be1   0x14  Code  Gb  usb_core.o [15]
USB_OTG_ReadPacket       0x800'42ef   0x28  Code  Gb  usb_core.o [15]
USB_OTG_SelectCore       0x800'4317   0xda  Code  Gb  usb_core.o [15]
USB_OTG_SetCurrentMode   0x800'4565   0x38  Code  Gb  usb_core.o [15]
USB_OTG_WritePacket      0x800'42b5   0x3a  Code  Gb  usb_core.o [15]
USB_OTG_dev             0x2000'1858  0x5f4  Data  Gb  board.o [2]
USB_Rx_Buffer           0x2000'599c   0x40  Data  Gb  usbd_cdc_core.o [13]
USB_Tx_Buffer           0x2000'595c   0x40  Data  Gb  app_usb.o [1]
USB_Tx_State            0x2000'5b84    0x1  Data  Gb  usbd_cdc_core.o [13]
USR_cb                  0x2000'0174   0x1c  Data  Gb  usbd_usr.o [12]
USR_desc                0x2000'013c   0x1c  Data  Gb  usbd_desc.o [12]
US_PWR_ID_IN             0x800'5a43   0x32  Code  Gb  ds2431.o [4]
US_PWR_ID_OUT            0x800'5a11   0x32  Code  Gb  ds2431.o [4]
Update_EcInfo            0x800'4ebd  0x31a  Code  Gb  command_process.o [4]
UsageFault_Handler       0x800'c7a9    0x2  Code  Gb  stm32f4xx_it.o [16]
Usart_Init               0x800'b90d   0x92  Code  Gb  usart.o [2]
UsbTaskTcb              0x2000'52fc   0xc0  Data  Gb  app_usb.o [1]
VCP_CheckDataReceived    0x800'8569    0x6  Code  Gb  usbd_cdc_vcp.o [12]
VCP_Ctrl                 0x800'8525    0x4  Code  Lc  usbd_cdc_vcp.o [12]
VCP_DataRx               0x800'8561    0x8  Code  Lc  usbd_cdc_vcp.o [12]
VCP_DataTx               0x800'8529   0x38  Code  Lc  usbd_cdc_vcp.o [12]
VCP_DeInit               0x800'8521    0x4  Code  Lc  usbd_cdc_vcp.o [12]
VCP_Init                 0x800'851d    0x4  Code  Lc  usbd_cdc_vcp.o [12]
VCP_fops                0x2000'0190   0x14  Data  Gb  usbd_cdc_vcp.o [12]
V_AdcDma_Config          0x800'b7b7   0x5a  Code  Gb  board.o [2]
Vnnx_Calculate_AdjVol    0x800'5729   0x46  Code  Gb  adjustvoltage.o [4]
Vppx_Calculate_AdjVol    0x800'56dd   0x4c  Code  Gb  adjustvoltage.o [4]
Write_BowarInfo          0x800'5481   0x3c  Code  Gb  command_process.o [4]
__aeabi_d2f              0x800'6251         Code  Gb  DblToFlt.o [18]
__aeabi_d2iz             0x800'64ad         Code  Gb  DblToS32.o [18]
__aeabi_d2uiz            0x800'7df5         Code  Gb  DblToU32.o [18]
__aeabi_dadd             0x800'5ff1         Code  Gb  DblAddSub.o [18]
__aeabi_ddiv             0x800'5da9         Code  Gb  DblDiv.o [18]
__aeabi_dmul             0x800'6301         Code  Gb  DblMul.o [18]
__aeabi_dsub             0x800'616d         Code  Gb  DblAddSub.o [18]
__aeabi_f2d              0x800'62b9         Code  Gb  FltToDbl.o [18]
__aeabi_fmul             0x800'6501         Code  Gb  FltMul.o [18]
__aeabi_i2d              0x800'5d85         Code  Gb  S32ToDbl.o [18]
__aeabi_memcpy           0x800'857d         Code  Gb  ABImemcpy.o [19]
__aeabi_memcpy4          0x800'859d         Code  Gb  ABImemcpy.o [19]
__aeabi_memcpy8          0x800'859d         Code  Gb  ABImemcpy.o [19]
__aeabi_memset           0x800'af21         Code  Gb  ABImemset.o [19]
__aeabi_ui2d             0x800'64e5         Code  Gb  U32ToDbl.o [18]
__cmain                  0x800'ca69         Code  Gb  cmain.o [19]
__exit                   0x800'c78d   0x14  Code  Gb  exit.o [20]
__iar_Memset             0x800'af21         Code  Gb  ABImemset.o [19]
__iar_Memset_word        0x800'af29         Code  Gb  ABImemset.o [19]
__iar_data_init3         0x800'c9ad   0x28  Code  Gb  data_init.o [19]
__iar_packbits_init3     0x800'c6e5   0xa2  Code  Gb  packbits_init.o [19]
__iar_program_start      0x800'cab9         Code  Gb  cstartup_M.o [19]
__iar_zero_init3         0x800'c899   0x38  Code  Gb  zero_init3.o [19]
__low_level_init         0x800'ca87    0x4  Code  Gb  low_level_init.o [17]
__vector_table           0x800'0000         Data  Gb  startup_stm32f40_41xxx.o [3]
_call_main               0x800'ca75         Code  Gb  cmain.o [19]
_exit                    0x800'ca91         Code  Gb  cexit.o [19]
abort                    0x800'c787    0x6  Code  Gb  abort.o [17]
cb_Sys_StateChk_Tmr      0x800'bf69  0x158  Code  Gb  app_timer.o [1]
cb_Sys_StateChk_Tmr::startCnt
                        0x2000'5b4e    0x2  Data  Lc  app_timer.o [1]
cdcCmd                  0x2000'020c    0x4  Data  Lc  usbd_cdc_core.o [13]
cdcLen                  0x2000'5b30    0x4  Data  Lc  usbd_cdc_core.o [13]
delay_os_lock            0x800'686f    0xa  Code  Gb  systick.o [2]
delay_os_unlock          0x800'6879    0xa  Code  Gb  systick.o [2]
delay_us_os              0x800'6883   0x40  Code  Gb  systick.o [2]
exit                     0x800'ca8b    0x4  Code  Gb  exit.o [17]
main                     0x800'c82d   0x6c  Code  Gb  main.o [16]
receive_count           0x2000'5b38    0x4  Data  Gb  usbd_cdc_vcp.o [12]
usbd_cdc_AltSet         0x2000'5b20    0x4  Data  Lc  usbd_cdc_core.o [13]
usbd_cdc_CfgDesc        0x2000'006c   0x44  Data  Gb  usbd_cdc_core.o [13]
usbd_cdc_DataIn          0x800'b43d   0x94  Code  Gb  usbd_cdc_core.o [13]
usbd_cdc_DataOut         0x800'b4d1   0x2c  Code  Gb  usbd_cdc_core.o [13]
usbd_cdc_DeInit          0x800'b341   0x26  Code  Gb  usbd_cdc_core.o [13]
usbd_cdc_EP0_RxReady     0x800'b419   0x24  Code  Gb  usbd_cdc_core.o [13]
usbd_cdc_Init            0x800'b2f9   0x48  Code  Gb  usbd_cdc_core.o [13]
usbd_cdc_SOF             0x800'b4fd   0x1e  Code  Gb  usbd_cdc_core.o [13]
usbd_cdc_SOF::FrameCount
                        0x2000'5b34    0x4  Data  Lc  usbd_cdc_core.o [13]
usbd_cdc_Setup           0x800'b367   0xb2  Code  Gb  usbd_cdc_core.o [13]


[1] = C:\Users\LIANMENG\Desktop\AX9-PROJECT-IAR\AX9_V1.00\APP\source\USER\Debug\Obj\APP
[2] = C:\Users\LIANMENG\Desktop\AX9-PROJECT-IAR\AX9_V1.00\APP\source\USER\Debug\Obj\BSP
[3] = C:\Users\LIANMENG\Desktop\AX9-PROJECT-IAR\AX9_V1.00\APP\source\USER\Debug\Obj\CMSIS
[4] = C:\Users\LIANMENG\Desktop\AX9-PROJECT-IAR\AX9_V1.00\APP\source\USER\Debug\Obj\DEVICE
[5] = C:\Users\LIANMENG\Desktop\AX9-PROJECT-IAR\AX9_V1.00\APP\source\USER\Debug\Obj\FWLIB
[6] = C:\Users\LIANMENG\Desktop\AX9-PROJECT-IAR\AX9_V1.00\APP\source\USER\Debug\Obj\UCOSIII\uCOS-BSP
[7] = C:\Users\LIANMENG\Desktop\AX9-PROJECT-IAR\AX9_V1.00\APP\source\USER\Debug\Obj\UCOSIII\uCOS-CONFIG
[8] = C:\Users\LIANMENG\Desktop\AX9-PROJECT-IAR\AX9_V1.00\APP\source\USER\Debug\Obj\UCOSIII\uCOS-CPU
[9] = C:\Users\LIANMENG\Desktop\AX9-PROJECT-IAR\AX9_V1.00\APP\source\USER\Debug\Obj\UCOSIII\uCOS-III\Port
[10] = C:\Users\LIANMENG\Desktop\AX9-PROJECT-IAR\AX9_V1.00\APP\source\USER\Debug\Obj\UCOSIII\uCOS-III\Source
[11] = C:\Users\LIANMENG\Desktop\AX9-PROJECT-IAR\AX9_V1.00\APP\source\USER\Debug\Obj\UCOSIII\uCOSIII-LIB
[12] = C:\Users\LIANMENG\Desktop\AX9-PROJECT-IAR\AX9_V1.00\APP\source\USER\Debug\Obj\USB\USB-APP
[13] = C:\Users\LIANMENG\Desktop\AX9-PROJECT-IAR\AX9_V1.00\APP\source\USER\Debug\Obj\USB\USB-DEVICE
[14] = C:\Users\LIANMENG\Desktop\AX9-PROJECT-IAR\AX9_V1.00\APP\source\USER\Debug\Obj\USB\USB-DRIVER
[15] = C:\Users\LIANMENG\Desktop\AX9-PROJECT-IAR\AX9_V1.00\APP\source\USER\Debug\Obj\USB\USB-OTG
[16] = C:\Users\LIANMENG\Desktop\AX9-PROJECT-IAR\AX9_V1.00\APP\source\USER\Debug\Obj\USER
[17] = dl7M_tlf.a
[18] = m7M_tl.a
[19] = rt7M_tl.a
[20] = shb_l.a

  51'814 bytes of readonly  code memory
   1'359 bytes of readonly  data memory
  31'622 bytes of readwrite data memory

Errors: none
Warnings: none
